###############################################################################
#
# IAR ELF Linker V7.80.3.12102/W32 for ARM                10/Apr/2017  17:29:55
# Copyright 2007-2016 IAR Systems AB.
#
#    Output file  =  
#        C:\Users\ecelab\Desktop\micro_apps\arm\7.80.3\ST\STM32F4xx\STM32F4xx_DSP_StdPeriph_Lib\Project\Lab11\EWARM\STM324xG_EVAL\Exe\Project.out
#    Map file     =  
#        C:\Users\ecelab\Desktop\micro_apps\arm\7.80.3\ST\STM32F4xx\STM32F4xx_DSP_StdPeriph_Lib\Project\Lab11\EWARM\STM324xG_EVAL\List\Project.map
#    Command line =  
#        C:\Users\ecelab\Desktop\micro_apps\arm\7.80.3\ST\STM32F4xx\STM32F4xx_DSP_StdPeriph_Lib\Project\Lab11\EWARM\STM324xG_EVAL\Obj\delay.o
#        C:\Users\ecelab\Desktop\micro_apps\arm\7.80.3\ST\STM32F4xx\STM32F4xx_DSP_StdPeriph_Lib\Project\Lab11\EWARM\STM324xG_EVAL\Obj\main.o
#        C:\Users\ecelab\Desktop\micro_apps\arm\7.80.3\ST\STM32F4xx\STM32F4xx_DSP_StdPeriph_Lib\Project\Lab11\EWARM\STM324xG_EVAL\Obj\misc.o
#        C:\Users\ecelab\Desktop\micro_apps\arm\7.80.3\ST\STM32F4xx\STM32F4xx_DSP_StdPeriph_Lib\Project\Lab11\EWARM\STM324xG_EVAL\Obj\startup_stm32f40xx.o
#        C:\Users\ecelab\Desktop\micro_apps\arm\7.80.3\ST\STM32F4xx\STM32F4xx_DSP_StdPeriph_Lib\Project\Lab11\EWARM\STM324xG_EVAL\Obj\stm324xg_eval.o
#        C:\Users\ecelab\Desktop\micro_apps\arm\7.80.3\ST\STM32F4xx\STM32F4xx_DSP_StdPeriph_Lib\Project\Lab11\EWARM\STM324xG_EVAL\Obj\stm324xg_eval_fsmc_sram.o
#        C:\Users\ecelab\Desktop\micro_apps\arm\7.80.3\ST\STM32F4xx\STM32F4xx_DSP_StdPeriph_Lib\Project\Lab11\EWARM\STM324xG_EVAL\Obj\stm324xg_eval_ioe.o
#        C:\Users\ecelab\Desktop\micro_apps\arm\7.80.3\ST\STM32F4xx\STM32F4xx_DSP_StdPeriph_Lib\Project\Lab11\EWARM\STM324xG_EVAL\Obj\stm324xg_eval_lcd.o
#        C:\Users\ecelab\Desktop\micro_apps\arm\7.80.3\ST\STM32F4xx\STM32F4xx_DSP_StdPeriph_Lib\Project\Lab11\EWARM\STM324xG_EVAL\Obj\stm32f4xx_adc.o
#        C:\Users\ecelab\Desktop\micro_apps\arm\7.80.3\ST\STM32F4xx\STM32F4xx_DSP_StdPeriph_Lib\Project\Lab11\EWARM\STM324xG_EVAL\Obj\stm32f4xx_can.o
#        C:\Users\ecelab\Desktop\micro_apps\arm\7.80.3\ST\STM32F4xx\STM32F4xx_DSP_StdPeriph_Lib\Project\Lab11\EWARM\STM324xG_EVAL\Obj\stm32f4xx_crc.o
#        C:\Users\ecelab\Desktop\micro_apps\arm\7.80.3\ST\STM32F4xx\STM32F4xx_DSP_StdPeriph_Lib\Project\Lab11\EWARM\STM324xG_EVAL\Obj\stm32f4xx_cryp.o
#        C:\Users\ecelab\Desktop\micro_apps\arm\7.80.3\ST\STM32F4xx\STM32F4xx_DSP_StdPeriph_Lib\Project\Lab11\EWARM\STM324xG_EVAL\Obj\stm32f4xx_cryp_aes.o
#        C:\Users\ecelab\Desktop\micro_apps\arm\7.80.3\ST\STM32F4xx\STM32F4xx_DSP_StdPeriph_Lib\Project\Lab11\EWARM\STM324xG_EVAL\Obj\stm32f4xx_cryp_des.o
#        C:\Users\ecelab\Desktop\micro_apps\arm\7.80.3\ST\STM32F4xx\STM32F4xx_DSP_StdPeriph_Lib\Project\Lab11\EWARM\STM324xG_EVAL\Obj\stm32f4xx_cryp_tdes.o
#        C:\Users\ecelab\Desktop\micro_apps\arm\7.80.3\ST\STM32F4xx\STM32F4xx_DSP_StdPeriph_Lib\Project\Lab11\EWARM\STM324xG_EVAL\Obj\stm32f4xx_dac.o
#        C:\Users\ecelab\Desktop\micro_apps\arm\7.80.3\ST\STM32F4xx\STM32F4xx_DSP_StdPeriph_Lib\Project\Lab11\EWARM\STM324xG_EVAL\Obj\stm32f4xx_dbgmcu.o
#        C:\Users\ecelab\Desktop\micro_apps\arm\7.80.3\ST\STM32F4xx\STM32F4xx_DSP_StdPeriph_Lib\Project\Lab11\EWARM\STM324xG_EVAL\Obj\stm32f4xx_dcmi.o
#        C:\Users\ecelab\Desktop\micro_apps\arm\7.80.3\ST\STM32F4xx\STM32F4xx_DSP_StdPeriph_Lib\Project\Lab11\EWARM\STM324xG_EVAL\Obj\stm32f4xx_dma.o
#        C:\Users\ecelab\Desktop\micro_apps\arm\7.80.3\ST\STM32F4xx\STM32F4xx_DSP_StdPeriph_Lib\Project\Lab11\EWARM\STM324xG_EVAL\Obj\stm32f4xx_exti.o
#        C:\Users\ecelab\Desktop\micro_apps\arm\7.80.3\ST\STM32F4xx\STM32F4xx_DSP_StdPeriph_Lib\Project\Lab11\EWARM\STM324xG_EVAL\Obj\stm32f4xx_flash.o
#        C:\Users\ecelab\Desktop\micro_apps\arm\7.80.3\ST\STM32F4xx\STM32F4xx_DSP_StdPeriph_Lib\Project\Lab11\EWARM\STM324xG_EVAL\Obj\stm32f4xx_fsmc.o
#        C:\Users\ecelab\Desktop\micro_apps\arm\7.80.3\ST\STM32F4xx\STM32F4xx_DSP_StdPeriph_Lib\Project\Lab11\EWARM\STM324xG_EVAL\Obj\stm32f4xx_gpio.o
#        C:\Users\ecelab\Desktop\micro_apps\arm\7.80.3\ST\STM32F4xx\STM32F4xx_DSP_StdPeriph_Lib\Project\Lab11\EWARM\STM324xG_EVAL\Obj\stm32f4xx_hash.o
#        C:\Users\ecelab\Desktop\micro_apps\arm\7.80.3\ST\STM32F4xx\STM32F4xx_DSP_StdPeriph_Lib\Project\Lab11\EWARM\STM324xG_EVAL\Obj\stm32f4xx_hash_md5.o
#        C:\Users\ecelab\Desktop\micro_apps\arm\7.80.3\ST\STM32F4xx\STM32F4xx_DSP_StdPeriph_Lib\Project\Lab11\EWARM\STM324xG_EVAL\Obj\stm32f4xx_hash_sha1.o
#        C:\Users\ecelab\Desktop\micro_apps\arm\7.80.3\ST\STM32F4xx\STM32F4xx_DSP_StdPeriph_Lib\Project\Lab11\EWARM\STM324xG_EVAL\Obj\stm32f4xx_i2c.o
#        C:\Users\ecelab\Desktop\micro_apps\arm\7.80.3\ST\STM32F4xx\STM32F4xx_DSP_StdPeriph_Lib\Project\Lab11\EWARM\STM324xG_EVAL\Obj\stm32f4xx_it.o
#        C:\Users\ecelab\Desktop\micro_apps\arm\7.80.3\ST\STM32F4xx\STM32F4xx_DSP_StdPeriph_Lib\Project\Lab11\EWARM\STM324xG_EVAL\Obj\stm32f4xx_iwdg.o
#        C:\Users\ecelab\Desktop\micro_apps\arm\7.80.3\ST\STM32F4xx\STM32F4xx_DSP_StdPeriph_Lib\Project\Lab11\EWARM\STM324xG_EVAL\Obj\stm32f4xx_pwr.o
#        C:\Users\ecelab\Desktop\micro_apps\arm\7.80.3\ST\STM32F4xx\STM32F4xx_DSP_StdPeriph_Lib\Project\Lab11\EWARM\STM324xG_EVAL\Obj\stm32f4xx_rcc.o
#        C:\Users\ecelab\Desktop\micro_apps\arm\7.80.3\ST\STM32F4xx\STM32F4xx_DSP_StdPeriph_Lib\Project\Lab11\EWARM\STM324xG_EVAL\Obj\stm32f4xx_rng.o
#        C:\Users\ecelab\Desktop\micro_apps\arm\7.80.3\ST\STM32F4xx\STM32F4xx_DSP_StdPeriph_Lib\Project\Lab11\EWARM\STM324xG_EVAL\Obj\stm32f4xx_rtc.o
#        C:\Users\ecelab\Desktop\micro_apps\arm\7.80.3\ST\STM32F4xx\STM32F4xx_DSP_StdPeriph_Lib\Project\Lab11\EWARM\STM324xG_EVAL\Obj\stm32f4xx_sdio.o
#        C:\Users\ecelab\Desktop\micro_apps\arm\7.80.3\ST\STM32F4xx\STM32F4xx_DSP_StdPeriph_Lib\Project\Lab11\EWARM\STM324xG_EVAL\Obj\stm32f4xx_spi.o
#        C:\Users\ecelab\Desktop\micro_apps\arm\7.80.3\ST\STM32F4xx\STM32F4xx_DSP_StdPeriph_Lib\Project\Lab11\EWARM\STM324xG_EVAL\Obj\stm32f4xx_syscfg.o
#        C:\Users\ecelab\Desktop\micro_apps\arm\7.80.3\ST\STM32F4xx\STM32F4xx_DSP_StdPeriph_Lib\Project\Lab11\EWARM\STM324xG_EVAL\Obj\stm32f4xx_tim.o
#        C:\Users\ecelab\Desktop\micro_apps\arm\7.80.3\ST\STM32F4xx\STM32F4xx_DSP_StdPeriph_Lib\Project\Lab11\EWARM\STM324xG_EVAL\Obj\stm32f4xx_usart.o
#        C:\Users\ecelab\Desktop\micro_apps\arm\7.80.3\ST\STM32F4xx\STM32F4xx_DSP_StdPeriph_Lib\Project\Lab11\EWARM\STM324xG_EVAL\Obj\stm32f4xx_wwdg.o
#        C:\Users\ecelab\Desktop\micro_apps\arm\7.80.3\ST\STM32F4xx\STM32F4xx_DSP_StdPeriph_Lib\Project\Lab11\EWARM\STM324xG_EVAL\Obj\system_stm32f4xx.o
#        --redirect _Printf=_PrintfSmall --redirect _Scanf=_ScanfSmall -o
#        C:\Users\ecelab\Desktop\micro_apps\arm\7.80.3\ST\STM32F4xx\STM32F4xx_DSP_StdPeriph_Lib\Project\Lab11\EWARM\STM324xG_EVAL\Exe\Project.out
#        --map
#        C:\Users\ecelab\Desktop\micro_apps\arm\7.80.3\ST\STM32F4xx\STM32F4xx_DSP_StdPeriph_Lib\Project\Lab11\EWARM\STM324xG_EVAL\List\Project.map
#        --config "C:\Program Files (x86)\IAR Systems\Embedded Workbench
#        7.5\arm\config\linker\ST\stm32f407xG.icf" --semihosting --entry
#        __iar_program_start --vfe
#
###############################################################################

*******************************************************************************
*** RUNTIME MODEL ATTRIBUTES
***

CppFlavor       = *
__SystemLibrary = DLib


*******************************************************************************
*** PLACEMENT SUMMARY
***

"A0":  place at 0x08000000 { ro section .intvec };
"P1":  place in [from 0x08000000 to 0x080fffff] { ro };
"P3":  place in [from 0x10000000 to 0x1000ffff] { block CSTACK, section .ccram };
"P4":  place in [from 0x20000000 to 0x2001bfff] |
                [from 0x2001c000 to 0x2001ffff] { rw, block HEAP };

  Section          Kind        Address    Size  Object
  -------          ----        -------    ----  ------
"A0":                                    0x188
  .intvec          ro code  0x08000000   0x188  startup_stm32f40xx.o [1]
                          - 0x08000188   0x188

"P1":                                    0xa9c
  .text            ro code  0x08000188   0x3a4  stm32f4xx_can.o [1]
  .text            ro code  0x0800052c    0x6c  stm32f4xx_rcc.o [1]
  .text            ro code  0x08000598   0x154  system_stm32f4xx.o [1]
  .text            ro code  0x080006ec   0x14c  main.o [1]
  .text            ro code  0x08000838    0x70  misc.o [1]
  .text            ro code  0x080008a8    0xf4  stm32f4xx_gpio.o [1]
  .text            ro code  0x0800099c    0x14  delay.o [1]
  .text            ro code  0x080009b0    0x40  zero_init3.o [5]
  .text            ro code  0x080009f0    0x28  data_init.o [5]
  .text            ro code  0x08000a18    0x22  fpinit_M.o [4]
  .iar.init_table  const    0x08000a3c    0x10  - Linker created -
  .text            ro code  0x08000a4c    0x1a  cmain.o [5]
  .text            ro code  0x08000a66     0x4  low_level_init.o [3]
  .text            ro code  0x08000a6a     0x4  exit.o [3]
  .text            ro code  0x08000a70     0xa  cexit.o [5]
  .text            ro code  0x08000a7c    0x14  exit.o [6]
  .text            ro code  0x08000a90    0x10  startup_stm32f40xx.o [1]
  .text            ro code  0x08000aa0    0x10  stm32f4xx_it.o [1]
  .text            ro code  0x08000ab0     0xc  cstartup_M.o [5]
  .text            ro code  0x08000abc     0x4  startup_stm32f40xx.o [1]
  .text            ro code  0x08000ac0     0x4  startup_stm32f40xx.o [1]
  .text            ro code  0x08000ac4     0x4  startup_stm32f40xx.o [1]
  .text            ro code  0x08000ac8     0x4  startup_stm32f40xx.o [1]
  .text            ro code  0x08000acc     0x4  startup_stm32f40xx.o [1]
  .text            ro code  0x08000ad0     0x4  startup_stm32f40xx.o [1]
  .text            ro code  0x08000ad4     0x4  startup_stm32f40xx.o [1]
  .text            ro code  0x08000ad8     0x4  startup_stm32f40xx.o [1]
  .text            ro code  0x08000adc     0x4  startup_stm32f40xx.o [1]
  .text            ro code  0x08000ae0     0x4  startup_stm32f40xx.o [1]
  .text            ro code  0x08000ae4     0x4  startup_stm32f40xx.o [1]
  .text            ro code  0x08000ae8     0x4  startup_stm32f40xx.o [1]
  .text            ro code  0x08000aec     0x4  startup_stm32f40xx.o [1]
  .text            ro code  0x08000af0     0x4  startup_stm32f40xx.o [1]
  .text            ro code  0x08000af4     0x4  startup_stm32f40xx.o [1]
  .text            ro code  0x08000af8     0x4  startup_stm32f40xx.o [1]
  .text            ro code  0x08000afc     0x4  startup_stm32f40xx.o [1]
  .text            ro code  0x08000b00     0x4  startup_stm32f40xx.o [1]
  .text            ro code  0x08000b04     0x4  startup_stm32f40xx.o [1]
  .text            ro code  0x08000b08     0x4  startup_stm32f40xx.o [1]
  .text            ro code  0x08000b0c     0x4  startup_stm32f40xx.o [1]
  .text            ro code  0x08000b10     0x4  startup_stm32f40xx.o [1]
  .text            ro code  0x08000b14     0x4  startup_stm32f40xx.o [1]
  .text            ro code  0x08000b18     0x4  startup_stm32f40xx.o [1]
  .text            ro code  0x08000b1c     0x4  startup_stm32f40xx.o [1]
  .text            ro code  0x08000b20     0x4  startup_stm32f40xx.o [1]
  .text            ro code  0x08000b24     0x4  startup_stm32f40xx.o [1]
  .text            ro code  0x08000b28     0x4  startup_stm32f40xx.o [1]
  .text            ro code  0x08000b2c     0x4  startup_stm32f40xx.o [1]
  .text            ro code  0x08000b30     0x4  startup_stm32f40xx.o [1]
  .text            ro code  0x08000b34     0x4  startup_stm32f40xx.o [1]
  .text            ro code  0x08000b38     0x4  startup_stm32f40xx.o [1]
  .text            ro code  0x08000b3c     0x4  startup_stm32f40xx.o [1]
  .text            ro code  0x08000b40     0x4  startup_stm32f40xx.o [1]
  .text            ro code  0x08000b44     0x4  startup_stm32f40xx.o [1]
  .text            ro code  0x08000b48     0x4  startup_stm32f40xx.o [1]
  .text            ro code  0x08000b4c     0x4  startup_stm32f40xx.o [1]
  .text            ro code  0x08000b50     0x4  startup_stm32f40xx.o [1]
  .text            ro code  0x08000b54     0x4  startup_stm32f40xx.o [1]
  .text            ro code  0x08000b58     0x4  startup_stm32f40xx.o [1]
  .text            ro code  0x08000b5c     0x4  startup_stm32f40xx.o [1]
  .text            ro code  0x08000b60     0x4  startup_stm32f40xx.o [1]
  .text            ro code  0x08000b64     0x4  startup_stm32f40xx.o [1]
  .text            ro code  0x08000b68     0x4  startup_stm32f40xx.o [1]
  .text            ro code  0x08000b6c     0x4  startup_stm32f40xx.o [1]
  .text            ro code  0x08000b70     0x4  startup_stm32f40xx.o [1]
  .text            ro code  0x08000b74     0x4  startup_stm32f40xx.o [1]
  .text            ro code  0x08000b78     0x4  startup_stm32f40xx.o [1]
  .text            ro code  0x08000b7c     0x4  startup_stm32f40xx.o [1]
  .text            ro code  0x08000b80     0x4  startup_stm32f40xx.o [1]
  .text            ro code  0x08000b84     0x4  startup_stm32f40xx.o [1]
  .text            ro code  0x08000b88     0x4  startup_stm32f40xx.o [1]
  .text            ro code  0x08000b8c     0x4  startup_stm32f40xx.o [1]
  .text            ro code  0x08000b90     0x4  startup_stm32f40xx.o [1]
  .text            ro code  0x08000b94     0x4  startup_stm32f40xx.o [1]
  .text            ro code  0x08000b98     0x4  startup_stm32f40xx.o [1]
  .text            ro code  0x08000b9c     0x4  startup_stm32f40xx.o [1]
  .text            ro code  0x08000ba0     0x4  startup_stm32f40xx.o [1]
  .text            ro code  0x08000ba4     0x4  startup_stm32f40xx.o [1]
  .text            ro code  0x08000ba8     0x4  startup_stm32f40xx.o [1]
  .text            ro code  0x08000bac     0x4  startup_stm32f40xx.o [1]
  .text            ro code  0x08000bb0     0x4  startup_stm32f40xx.o [1]
  .text            ro code  0x08000bb4     0x4  startup_stm32f40xx.o [1]
  .text            ro code  0x08000bb8     0x4  startup_stm32f40xx.o [1]
  .text            ro code  0x08000bbc     0x4  startup_stm32f40xx.o [1]
  .text            ro code  0x08000bc0     0x4  startup_stm32f40xx.o [1]
  .text            ro code  0x08000bc4     0x4  startup_stm32f40xx.o [1]
  .text            ro code  0x08000bc8     0x4  startup_stm32f40xx.o [1]
  .text            ro code  0x08000bcc     0x4  startup_stm32f40xx.o [1]
  .text            ro code  0x08000bd0     0x4  startup_stm32f40xx.o [1]
  .text            ro code  0x08000bd4     0x4  startup_stm32f40xx.o [1]
  .text            ro code  0x08000bd8     0x4  startup_stm32f40xx.o [1]
  .text            ro code  0x08000bdc     0x4  startup_stm32f40xx.o [1]
  .text            ro code  0x08000be0     0x4  startup_stm32f40xx.o [1]
  .text            ro code  0x08000be4     0x4  startup_stm32f40xx.o [1]
  .text            ro code  0x08000be8     0x4  startup_stm32f40xx.o [1]
  .text            ro code  0x08000bec     0x4  startup_stm32f40xx.o [1]
  .text            ro code  0x08000bf0     0x4  startup_stm32f40xx.o [1]
  .text            ro code  0x08000bf4     0x4  startup_stm32f40xx.o [1]
  .text            ro code  0x08000bf8     0x4  startup_stm32f40xx.o [1]
  .text            ro code  0x08000bfc     0x4  startup_stm32f40xx.o [1]
  .text            ro code  0x08000c00     0x4  startup_stm32f40xx.o [1]
  .text            ro code  0x08000c04     0x4  startup_stm32f40xx.o [1]
  .text            ro code  0x08000c08     0x4  startup_stm32f40xx.o [1]
  .text            ro code  0x08000c0c     0x4  startup_stm32f40xx.o [1]
  .text            ro code  0x08000c10     0x4  startup_stm32f40xx.o [1]
  .text            ro code  0x08000c14     0x4  startup_stm32f40xx.o [1]
  .text            ro code  0x08000c18     0x4  startup_stm32f40xx.o [1]
  .text            ro code  0x08000c1c     0x4  startup_stm32f40xx.o [1]
  .text            ro code  0x08000c20     0x4  startup_stm32f40xx.o [1]
  .rodata          const    0x08000c24     0x0  zero_init3.o [5]
                          - 0x08000c24   0xa9c

"P3":                                   0x2000
  CSTACK                    0x10000000  0x2000  <Block>
    CSTACK         uninit   0x10000000  0x2000  <Block tail>
                          - 0x10002000  0x2000

"P4":                                     0x34
  .bss             zero     0x20000000    0x14  main.o [1]
  .bss             zero     0x20000014    0x10  main.o [1]
  .bss             zero     0x20000024     0xc  main.o [1]
  .bss             zero     0x20000030     0x4  stm32f4xx_it.o [1]
                          - 0x20000034    0x34


*******************************************************************************
*** INIT TABLE
***

          Address     Size
          -------     ----
Zero (__iar_zero_init3)
    1 destination range, total size 0x34:
          0x20000000  0x34



*******************************************************************************
*** MODULE SUMMARY
***

    Module                ro code  ro data  rw data
    ------                -------  -------  -------
C:\Users\ecelab\Desktop\micro_apps\arm\7.80.3\ST\STM32F4xx\STM32F4xx_DSP_StdPeriph_Lib\Project\Lab11\EWARM\STM324xG_EVAL\Obj: [1]
    delay.o                    20
    main.o                    332                48
    misc.o                    112
    startup_stm32f40xx.o      768
    stm32f4xx_can.o           932
    stm32f4xx_gpio.o          244
    stm32f4xx_it.o             16                 4
    stm32f4xx_rcc.o           108
    system_stm32f4xx.o        340
    -----------------------------------------------
    Total:                  2 872                52

command line: [2]
    -----------------------------------------------
    Total:

dl7M_tln.a: [3]
    exit.o                      4
    low_level_init.o            4
    -----------------------------------------------
    Total:                      8

m7M_tls.a: [4]
    fpinit_M.o                 34
    -----------------------------------------------
    Total:                     34

rt7M_tl.a: [5]
    cexit.o                    10
    cmain.o                    26
    cstartup_M.o               12
    data_init.o                40
    zero_init3.o               64
    -----------------------------------------------
    Total:                    152

shb_l.a: [6]
    exit.o                     20
    -----------------------------------------------
    Total:                     20

    Gaps                        4        2
    Linker created                      16    8 192
---------------------------------------------------
    Grand Total:            3 090       18    8 244


*******************************************************************************
*** ENTRY LIST
***

Entry                      Address   Size  Type      Object
-----                      -------   ----  ----      ------
.iar.init_table$$Base   0x08000a3c          --   Gb  - Linker created -
.iar.init_table$$Limit  0x08000a4c          --   Gb  - Linker created -
?main                   0x08000a4d         Code  Gb  cmain.o [5]
CAN_DeInit              0x08000189   0x36  Code  Gb  stm32f4xx_can.o [1]
CAN_FilterInit          0x080002cb  0x110  Code  Gb  stm32f4xx_can.o [1]
CAN_FilterInitStructure
                        0x20000014   0x10  Data  Gb  main.o [1]
CAN_ITConfig            0x080004f9   0x18  Code  Gb  stm32f4xx_can.o [1]
CAN_Init                0x080001bf  0x10c  Code  Gb  stm32f4xx_can.o [1]
CAN_InitStructure       0x20000024    0xc  Data  Gb  main.o [1]
CAN_Transmit            0x080003db  0x11e  Code  Gb  stm32f4xx_can.o [1]
CSTACK$$Base            0x10000000          --   Gb  - Linker created -
CSTACK$$Limit           0x10002000          --   Gb  - Linker created -
Delay                   0x0800099d    0xe  Code  Gb  delay.o [1]
GPIO_Init               0x080008a9   0xa4  Code  Gb  stm32f4xx_gpio.o [1]
GPIO_PinAFConfig        0x0800094d   0x50  Code  Gb  stm32f4xx_gpio.o [1]
NVIC_Init               0x08000839   0x60  Code  Gb  misc.o [1]
RCC_AHB1PeriphClockCmd  0x0800052d   0x20  Code  Gb  stm32f4xx_rcc.o [1]
RCC_APB1PeriphClockCmd  0x0800054d   0x20  Code  Gb  stm32f4xx_rcc.o [1]
RCC_APB1PeriphResetCmd  0x0800056d   0x20  Code  Gb  stm32f4xx_rcc.o [1]
Region$$Table$$Base     0x08000a3c          --   Gb  - Linker created -
Region$$Table$$Limit    0x08000a4c          --   Gb  - Linker created -
SetSysClock             0x080005eb   0xce  Code  Lc  system_stm32f4xx.o [1]
SysTick_Handler         0x08000aa1   0x10  Code  Gb  stm32f4xx_it.o [1]
SystemInit              0x08000599   0x52  Code  Gb  system_stm32f4xx.o [1]
TimingDelay             0x20000030    0x4  Data  Gb  stm32f4xx_it.o [1]
TxMessage               0x20000000   0x14  Data  Gb  main.o [1]
__cmain                 0x08000a4d         Code  Gb  cmain.o [5]
__exit                  0x08000a7d   0x14  Code  Gb  exit.o [6]
__iar_data_init3        0x080009f1   0x28  Code  Gb  data_init.o [5]
__iar_init_vfp          0x08000a19         Code  Gb  fpinit_M.o [4]
__iar_program_start     0x08000ab1         Code  Gb  cstartup_M.o [5]
__iar_zero_init3        0x080009b1   0x40  Code  Gb  zero_init3.o [5]
__low_level_init        0x08000a67    0x4  Code  Gb  low_level_init.o [3]
__vector_table          0x08000000         Data  Gb  startup_stm32f40xx.o [1]
_call_main              0x08000a59         Code  Gb  cmain.o [5]
_exit                   0x08000a71         Code  Gb  cexit.o [5]
_main                   0x08000a63         Code  Gb  cmain.o [5]
exit                    0x08000a6b    0x4  Code  Gb  exit.o [3]
main                    0x080006ed  0x14c  Code  Gb  main.o [1]


[1] = C:\Users\ecelab\Desktop\micro_apps\arm\7.80.3\ST\STM32F4xx\STM32F4xx_DSP_StdPeriph_Lib\Project\Lab11\EWARM\STM324xG_EVAL\Obj
[2] = command line
[3] = dl7M_tln.a
[4] = m7M_tls.a
[5] = rt7M_tl.a
[6] = shb_l.a

  3 090 bytes of readonly  code memory
     18 bytes of readonly  data memory
  8 244 bytes of readwrite data memory

Errors: none
Warnings: none
