###############################################################################
#
# IAR ELF Linker V7.80.3.12102/W32 for ARM                10/Apr/2017  20:19:00
# Copyright 2007-2016 IAR Systems AB.
#
#    Output file  =  
#        C:\Users\ecelab\Desktop\micro_apps\arm\7.80.3\ST\STM32F4xx\STM32F4xx_DSP_StdPeriph_Lib\Project\Lab11\EWARM\STM324xG_EVAL\Exe\Project.out
#    Map file     =  
#        C:\Users\ecelab\Desktop\micro_apps\arm\7.80.3\ST\STM32F4xx\STM32F4xx_DSP_StdPeriph_Lib\Project\Lab11\EWARM\STM324xG_EVAL\List\Project.map
#    Command line =  
#        C:\Users\ecelab\Desktop\micro_apps\arm\7.80.3\ST\STM32F4xx\STM32F4xx_DSP_StdPeriph_Lib\Project\Lab11\EWARM\STM324xG_EVAL\Obj\delay.o
#        C:\Users\ecelab\Desktop\micro_apps\arm\7.80.3\ST\STM32F4xx\STM32F4xx_DSP_StdPeriph_Lib\Project\Lab11\EWARM\STM324xG_EVAL\Obj\main.o
#        C:\Users\ecelab\Desktop\micro_apps\arm\7.80.3\ST\STM32F4xx\STM32F4xx_DSP_StdPeriph_Lib\Project\Lab11\EWARM\STM324xG_EVAL\Obj\misc.o
#        C:\Users\ecelab\Desktop\micro_apps\arm\7.80.3\ST\STM32F4xx\STM32F4xx_DSP_StdPeriph_Lib\Project\Lab11\EWARM\STM324xG_EVAL\Obj\startup_stm32f40xx.o
#        C:\Users\ecelab\Desktop\micro_apps\arm\7.80.3\ST\STM32F4xx\STM32F4xx_DSP_StdPeriph_Lib\Project\Lab11\EWARM\STM324xG_EVAL\Obj\stm324xg_eval.o
#        C:\Users\ecelab\Desktop\micro_apps\arm\7.80.3\ST\STM32F4xx\STM32F4xx_DSP_StdPeriph_Lib\Project\Lab11\EWARM\STM324xG_EVAL\Obj\stm324xg_eval_fsmc_sram.o
#        C:\Users\ecelab\Desktop\micro_apps\arm\7.80.3\ST\STM32F4xx\STM32F4xx_DSP_StdPeriph_Lib\Project\Lab11\EWARM\STM324xG_EVAL\Obj\stm324xg_eval_ioe.o
#        C:\Users\ecelab\Desktop\micro_apps\arm\7.80.3\ST\STM32F4xx\STM32F4xx_DSP_StdPeriph_Lib\Project\Lab11\EWARM\STM324xG_EVAL\Obj\stm324xg_eval_lcd.o
#        C:\Users\ecelab\Desktop\micro_apps\arm\7.80.3\ST\STM32F4xx\STM32F4xx_DSP_StdPeriph_Lib\Project\Lab11\EWARM\STM324xG_EVAL\Obj\stm32f4xx_adc.o
#        C:\Users\ecelab\Desktop\micro_apps\arm\7.80.3\ST\STM32F4xx\STM32F4xx_DSP_StdPeriph_Lib\Project\Lab11\EWARM\STM324xG_EVAL\Obj\stm32f4xx_can.o
#        C:\Users\ecelab\Desktop\micro_apps\arm\7.80.3\ST\STM32F4xx\STM32F4xx_DSP_StdPeriph_Lib\Project\Lab11\EWARM\STM324xG_EVAL\Obj\stm32f4xx_crc.o
#        C:\Users\ecelab\Desktop\micro_apps\arm\7.80.3\ST\STM32F4xx\STM32F4xx_DSP_StdPeriph_Lib\Project\Lab11\EWARM\STM324xG_EVAL\Obj\stm32f4xx_cryp.o
#        C:\Users\ecelab\Desktop\micro_apps\arm\7.80.3\ST\STM32F4xx\STM32F4xx_DSP_StdPeriph_Lib\Project\Lab11\EWARM\STM324xG_EVAL\Obj\stm32f4xx_cryp_aes.o
#        C:\Users\ecelab\Desktop\micro_apps\arm\7.80.3\ST\STM32F4xx\STM32F4xx_DSP_StdPeriph_Lib\Project\Lab11\EWARM\STM324xG_EVAL\Obj\stm32f4xx_cryp_des.o
#        C:\Users\ecelab\Desktop\micro_apps\arm\7.80.3\ST\STM32F4xx\STM32F4xx_DSP_StdPeriph_Lib\Project\Lab11\EWARM\STM324xG_EVAL\Obj\stm32f4xx_cryp_tdes.o
#        C:\Users\ecelab\Desktop\micro_apps\arm\7.80.3\ST\STM32F4xx\STM32F4xx_DSP_StdPeriph_Lib\Project\Lab11\EWARM\STM324xG_EVAL\Obj\stm32f4xx_dac.o
#        C:\Users\ecelab\Desktop\micro_apps\arm\7.80.3\ST\STM32F4xx\STM32F4xx_DSP_StdPeriph_Lib\Project\Lab11\EWARM\STM324xG_EVAL\Obj\stm32f4xx_dbgmcu.o
#        C:\Users\ecelab\Desktop\micro_apps\arm\7.80.3\ST\STM32F4xx\STM32F4xx_DSP_StdPeriph_Lib\Project\Lab11\EWARM\STM324xG_EVAL\Obj\stm32f4xx_dcmi.o
#        C:\Users\ecelab\Desktop\micro_apps\arm\7.80.3\ST\STM32F4xx\STM32F4xx_DSP_StdPeriph_Lib\Project\Lab11\EWARM\STM324xG_EVAL\Obj\stm32f4xx_dma.o
#        C:\Users\ecelab\Desktop\micro_apps\arm\7.80.3\ST\STM32F4xx\STM32F4xx_DSP_StdPeriph_Lib\Project\Lab11\EWARM\STM324xG_EVAL\Obj\stm32f4xx_exti.o
#        C:\Users\ecelab\Desktop\micro_apps\arm\7.80.3\ST\STM32F4xx\STM32F4xx_DSP_StdPeriph_Lib\Project\Lab11\EWARM\STM324xG_EVAL\Obj\stm32f4xx_flash.o
#        C:\Users\ecelab\Desktop\micro_apps\arm\7.80.3\ST\STM32F4xx\STM32F4xx_DSP_StdPeriph_Lib\Project\Lab11\EWARM\STM324xG_EVAL\Obj\stm32f4xx_fsmc.o
#        C:\Users\ecelab\Desktop\micro_apps\arm\7.80.3\ST\STM32F4xx\STM32F4xx_DSP_StdPeriph_Lib\Project\Lab11\EWARM\STM324xG_EVAL\Obj\stm32f4xx_gpio.o
#        C:\Users\ecelab\Desktop\micro_apps\arm\7.80.3\ST\STM32F4xx\STM32F4xx_DSP_StdPeriph_Lib\Project\Lab11\EWARM\STM324xG_EVAL\Obj\stm32f4xx_hash.o
#        C:\Users\ecelab\Desktop\micro_apps\arm\7.80.3\ST\STM32F4xx\STM32F4xx_DSP_StdPeriph_Lib\Project\Lab11\EWARM\STM324xG_EVAL\Obj\stm32f4xx_hash_md5.o
#        C:\Users\ecelab\Desktop\micro_apps\arm\7.80.3\ST\STM32F4xx\STM32F4xx_DSP_StdPeriph_Lib\Project\Lab11\EWARM\STM324xG_EVAL\Obj\stm32f4xx_hash_sha1.o
#        C:\Users\ecelab\Desktop\micro_apps\arm\7.80.3\ST\STM32F4xx\STM32F4xx_DSP_StdPeriph_Lib\Project\Lab11\EWARM\STM324xG_EVAL\Obj\stm32f4xx_i2c.o
#        C:\Users\ecelab\Desktop\micro_apps\arm\7.80.3\ST\STM32F4xx\STM32F4xx_DSP_StdPeriph_Lib\Project\Lab11\EWARM\STM324xG_EVAL\Obj\stm32f4xx_it.o
#        C:\Users\ecelab\Desktop\micro_apps\arm\7.80.3\ST\STM32F4xx\STM32F4xx_DSP_StdPeriph_Lib\Project\Lab11\EWARM\STM324xG_EVAL\Obj\stm32f4xx_iwdg.o
#        C:\Users\ecelab\Desktop\micro_apps\arm\7.80.3\ST\STM32F4xx\STM32F4xx_DSP_StdPeriph_Lib\Project\Lab11\EWARM\STM324xG_EVAL\Obj\stm32f4xx_pwr.o
#        C:\Users\ecelab\Desktop\micro_apps\arm\7.80.3\ST\STM32F4xx\STM32F4xx_DSP_StdPeriph_Lib\Project\Lab11\EWARM\STM324xG_EVAL\Obj\stm32f4xx_rcc.o
#        C:\Users\ecelab\Desktop\micro_apps\arm\7.80.3\ST\STM32F4xx\STM32F4xx_DSP_StdPeriph_Lib\Project\Lab11\EWARM\STM324xG_EVAL\Obj\stm32f4xx_rng.o
#        C:\Users\ecelab\Desktop\micro_apps\arm\7.80.3\ST\STM32F4xx\STM32F4xx_DSP_StdPeriph_Lib\Project\Lab11\EWARM\STM324xG_EVAL\Obj\stm32f4xx_rtc.o
#        C:\Users\ecelab\Desktop\micro_apps\arm\7.80.3\ST\STM32F4xx\STM32F4xx_DSP_StdPeriph_Lib\Project\Lab11\EWARM\STM324xG_EVAL\Obj\stm32f4xx_sdio.o
#        C:\Users\ecelab\Desktop\micro_apps\arm\7.80.3\ST\STM32F4xx\STM32F4xx_DSP_StdPeriph_Lib\Project\Lab11\EWARM\STM324xG_EVAL\Obj\stm32f4xx_spi.o
#        C:\Users\ecelab\Desktop\micro_apps\arm\7.80.3\ST\STM32F4xx\STM32F4xx_DSP_StdPeriph_Lib\Project\Lab11\EWARM\STM324xG_EVAL\Obj\stm32f4xx_syscfg.o
#        C:\Users\ecelab\Desktop\micro_apps\arm\7.80.3\ST\STM32F4xx\STM32F4xx_DSP_StdPeriph_Lib\Project\Lab11\EWARM\STM324xG_EVAL\Obj\stm32f4xx_tim.o
#        C:\Users\ecelab\Desktop\micro_apps\arm\7.80.3\ST\STM32F4xx\STM32F4xx_DSP_StdPeriph_Lib\Project\Lab11\EWARM\STM324xG_EVAL\Obj\stm32f4xx_usart.o
#        C:\Users\ecelab\Desktop\micro_apps\arm\7.80.3\ST\STM32F4xx\STM32F4xx_DSP_StdPeriph_Lib\Project\Lab11\EWARM\STM324xG_EVAL\Obj\stm32f4xx_wwdg.o
#        C:\Users\ecelab\Desktop\micro_apps\arm\7.80.3\ST\STM32F4xx\STM32F4xx_DSP_StdPeriph_Lib\Project\Lab11\EWARM\STM324xG_EVAL\Obj\system_stm32f4xx.o
#        --redirect _Printf=_PrintfSmall --redirect _Scanf=_ScanfSmall -o
#        C:\Users\ecelab\Desktop\micro_apps\arm\7.80.3\ST\STM32F4xx\STM32F4xx_DSP_StdPeriph_Lib\Project\Lab11\EWARM\STM324xG_EVAL\Exe\Project.out
#        --map
#        C:\Users\ecelab\Desktop\micro_apps\arm\7.80.3\ST\STM32F4xx\STM32F4xx_DSP_StdPeriph_Lib\Project\Lab11\EWARM\STM324xG_EVAL\List\Project.map
#        --config "C:\Program Files (x86)\IAR Systems\Embedded Workbench
#        7.5\arm\config\linker\ST\stm32f407xG.icf" --semihosting --entry
#        __iar_program_start --vfe
#
###############################################################################

*******************************************************************************
*** RUNTIME MODEL ATTRIBUTES
***

CppFlavor       = *
__SystemLibrary = DLib


*******************************************************************************
*** PLACEMENT SUMMARY
***

"A0":  place at 0x08000000 { ro section .intvec };
"P1":  place in [from 0x08000000 to 0x080fffff] { ro };
"P3":  place in [from 0x10000000 to 0x1000ffff] { block CSTACK, section .ccram };
"P4":  place in [from 0x20000000 to 0x2001bfff] |
                [from 0x2001c000 to 0x2001ffff] { rw, block HEAP };

  Section          Kind        Address    Size  Object
  -------          ----        -------    ----  ------
"A0":                                    0x188
  .intvec          ro code  0x08000000   0x188  startup_stm32f40xx.o [1]
                          - 0x08000188   0x188

"P1":                                    0xc48
  .text            ro code  0x08000188   0x4c0  stm32f4xx_can.o [1]
  .text            ro code  0x08000648    0x6c  stm32f4xx_rcc.o [1]
  .text            ro code  0x080006b4   0x19a  main.o [1]
  .text            ro code  0x08000850    0xf4  stm32f4xx_gpio.o [1]
  .text            ro code  0x08000944    0x70  misc.o [1]
  .text            ro code  0x080009b4   0x154  system_stm32f4xx.o [1]
  .text            ro code  0x08000b08    0x68  stm32f4xx_it.o [1]
  .text            ro code  0x08000b70    0x40  zero_init3.o [5]
  .text            ro code  0x08000bb0    0x28  data_init.o [5]
  .text            ro code  0x08000bd8    0x22  fpinit_M.o [4]
  .iar.init_table  const    0x08000bfc    0x10  - Linker created -
  .text            ro code  0x08000c0c    0x1a  cmain.o [5]
  .text            ro code  0x08000c26     0x4  low_level_init.o [3]
  .text            ro code  0x08000c2a     0x4  exit.o [3]
  .text            ro code  0x08000c30     0xa  cexit.o [5]
  .text            ro code  0x08000c3c    0x14  exit.o [6]
  .text            ro code  0x08000c50    0x10  startup_stm32f40xx.o [1]
  .text            ro code  0x08000c60     0xc  cstartup_M.o [5]
  .text            ro code  0x08000c6c     0x4  startup_stm32f40xx.o [1]
  .text            ro code  0x08000c70     0x4  startup_stm32f40xx.o [1]
  .text            ro code  0x08000c74     0x4  startup_stm32f40xx.o [1]
  .text            ro code  0x08000c78     0x4  startup_stm32f40xx.o [1]
  .text            ro code  0x08000c7c     0x4  startup_stm32f40xx.o [1]
  .text            ro code  0x08000c80     0x4  startup_stm32f40xx.o [1]
  .text            ro code  0x08000c84     0x4  startup_stm32f40xx.o [1]
  .text            ro code  0x08000c88     0x4  startup_stm32f40xx.o [1]
  .text            ro code  0x08000c8c     0x4  startup_stm32f40xx.o [1]
  .text            ro code  0x08000c90     0x4  startup_stm32f40xx.o [1]
  .text            ro code  0x08000c94     0x4  startup_stm32f40xx.o [1]
  .text            ro code  0x08000c98     0x4  startup_stm32f40xx.o [1]
  .text            ro code  0x08000c9c     0x4  startup_stm32f40xx.o [1]
  .text            ro code  0x08000ca0     0x4  startup_stm32f40xx.o [1]
  .text            ro code  0x08000ca4     0x4  startup_stm32f40xx.o [1]
  .text            ro code  0x08000ca8     0x4  startup_stm32f40xx.o [1]
  .text            ro code  0x08000cac     0x4  startup_stm32f40xx.o [1]
  .text            ro code  0x08000cb0     0x4  startup_stm32f40xx.o [1]
  .text            ro code  0x08000cb4     0x4  startup_stm32f40xx.o [1]
  .text            ro code  0x08000cb8     0x4  startup_stm32f40xx.o [1]
  .text            ro code  0x08000cbc     0x4  startup_stm32f40xx.o [1]
  .text            ro code  0x08000cc0     0x4  startup_stm32f40xx.o [1]
  .text            ro code  0x08000cc4     0x4  startup_stm32f40xx.o [1]
  .text            ro code  0x08000cc8     0x4  startup_stm32f40xx.o [1]
  .text            ro code  0x08000ccc     0x4  startup_stm32f40xx.o [1]
  .text            ro code  0x08000cd0     0x4  startup_stm32f40xx.o [1]
  .text            ro code  0x08000cd4     0x4  startup_stm32f40xx.o [1]
  .text            ro code  0x08000cd8     0x4  startup_stm32f40xx.o [1]
  .text            ro code  0x08000cdc     0x4  startup_stm32f40xx.o [1]
  .text            ro code  0x08000ce0     0x4  startup_stm32f40xx.o [1]
  .text            ro code  0x08000ce4     0x4  startup_stm32f40xx.o [1]
  .text            ro code  0x08000ce8     0x4  startup_stm32f40xx.o [1]
  .text            ro code  0x08000cec     0x4  startup_stm32f40xx.o [1]
  .text            ro code  0x08000cf0     0x4  startup_stm32f40xx.o [1]
  .text            ro code  0x08000cf4     0x4  startup_stm32f40xx.o [1]
  .text            ro code  0x08000cf8     0x4  startup_stm32f40xx.o [1]
  .text            ro code  0x08000cfc     0x4  startup_stm32f40xx.o [1]
  .text            ro code  0x08000d00     0x4  startup_stm32f40xx.o [1]
  .text            ro code  0x08000d04     0x4  startup_stm32f40xx.o [1]
  .text            ro code  0x08000d08     0x4  startup_stm32f40xx.o [1]
  .text            ro code  0x08000d0c     0x4  startup_stm32f40xx.o [1]
  .text            ro code  0x08000d10     0x4  startup_stm32f40xx.o [1]
  .text            ro code  0x08000d14     0x4  startup_stm32f40xx.o [1]
  .text            ro code  0x08000d18     0x4  startup_stm32f40xx.o [1]
  .text            ro code  0x08000d1c     0x4  startup_stm32f40xx.o [1]
  .text            ro code  0x08000d20     0x4  startup_stm32f40xx.o [1]
  .text            ro code  0x08000d24     0x4  startup_stm32f40xx.o [1]
  .text            ro code  0x08000d28     0x4  startup_stm32f40xx.o [1]
  .text            ro code  0x08000d2c     0x4  startup_stm32f40xx.o [1]
  .text            ro code  0x08000d30     0x4  startup_stm32f40xx.o [1]
  .text            ro code  0x08000d34     0x4  startup_stm32f40xx.o [1]
  .text            ro code  0x08000d38     0x4  startup_stm32f40xx.o [1]
  .text            ro code  0x08000d3c     0x4  startup_stm32f40xx.o [1]
  .text            ro code  0x08000d40     0x4  startup_stm32f40xx.o [1]
  .text            ro code  0x08000d44     0x4  startup_stm32f40xx.o [1]
  .text            ro code  0x08000d48     0x4  startup_stm32f40xx.o [1]
  .text            ro code  0x08000d4c     0x4  startup_stm32f40xx.o [1]
  .text            ro code  0x08000d50     0x4  startup_stm32f40xx.o [1]
  .text            ro code  0x08000d54     0x4  startup_stm32f40xx.o [1]
  .text            ro code  0x08000d58     0x4  startup_stm32f40xx.o [1]
  .text            ro code  0x08000d5c     0x4  startup_stm32f40xx.o [1]
  .text            ro code  0x08000d60     0x4  startup_stm32f40xx.o [1]
  .text            ro code  0x08000d64     0x4  startup_stm32f40xx.o [1]
  .text            ro code  0x08000d68     0x4  startup_stm32f40xx.o [1]
  .text            ro code  0x08000d6c     0x4  startup_stm32f40xx.o [1]
  .text            ro code  0x08000d70     0x4  startup_stm32f40xx.o [1]
  .text            ro code  0x08000d74     0x4  startup_stm32f40xx.o [1]
  .text            ro code  0x08000d78     0x4  startup_stm32f40xx.o [1]
  .text            ro code  0x08000d7c     0x4  startup_stm32f40xx.o [1]
  .text            ro code  0x08000d80     0x4  startup_stm32f40xx.o [1]
  .text            ro code  0x08000d84     0x4  startup_stm32f40xx.o [1]
  .text            ro code  0x08000d88     0x4  startup_stm32f40xx.o [1]
  .text            ro code  0x08000d8c     0x4  startup_stm32f40xx.o [1]
  .text            ro code  0x08000d90     0x4  startup_stm32f40xx.o [1]
  .text            ro code  0x08000d94     0x4  startup_stm32f40xx.o [1]
  .text            ro code  0x08000d98     0x4  startup_stm32f40xx.o [1]
  .text            ro code  0x08000d9c     0x4  startup_stm32f40xx.o [1]
  .text            ro code  0x08000da0     0x4  startup_stm32f40xx.o [1]
  .text            ro code  0x08000da4     0x4  startup_stm32f40xx.o [1]
  .text            ro code  0x08000da8     0x4  startup_stm32f40xx.o [1]
  .text            ro code  0x08000dac     0x4  startup_stm32f40xx.o [1]
  .text            ro code  0x08000db0     0x4  startup_stm32f40xx.o [1]
  .text            ro code  0x08000db4     0x4  startup_stm32f40xx.o [1]
  .text            ro code  0x08000db8     0x4  startup_stm32f40xx.o [1]
  .text            ro code  0x08000dbc     0x4  startup_stm32f40xx.o [1]
  .text            ro code  0x08000dc0     0x4  startup_stm32f40xx.o [1]
  .text            ro code  0x08000dc4     0x4  startup_stm32f40xx.o [1]
  .text            ro code  0x08000dc8     0x4  startup_stm32f40xx.o [1]
  .text            ro code  0x08000dcc     0x4  startup_stm32f40xx.o [1]
  .rodata          const    0x08000dd0     0x0  zero_init3.o [5]
                          - 0x08000dd0   0xc48

"P3":                                   0x2000
  CSTACK                    0x10000000  0x2000  <Block>
    CSTACK         uninit   0x10000000  0x2000  <Block tail>
                          - 0x10002000  0x2000

"P4":                                     0x4c
  .bss             zero     0x20000000    0x14  main.o [1]
  .bss             zero     0x20000014    0x14  main.o [1]
  .bss             zero     0x20000028    0x10  main.o [1]
  .bss             zero     0x20000038     0xc  main.o [1]
  .bss             zero     0x20000044     0x8  main.o [1]
                          - 0x2000004c    0x4c


*******************************************************************************
*** INIT TABLE
***

          Address     Size
          -------     ----
Zero (__iar_zero_init3)
    1 destination range, total size 0x4c:
          0x20000000  0x4c



*******************************************************************************
*** MODULE SUMMARY
***

    Module                ro code  ro data  rw data
    ------                -------  -------  -------
C:\Users\ecelab\Desktop\micro_apps\arm\7.80.3\ST\STM32F4xx\STM32F4xx_DSP_StdPeriph_Lib\Project\Lab11\EWARM\STM324xG_EVAL\Obj: [1]
    main.o                    410                76
    misc.o                    112
    startup_stm32f40xx.o      764
    stm32f4xx_can.o         1 216
    stm32f4xx_gpio.o          244
    stm32f4xx_it.o            104
    stm32f4xx_rcc.o           108
    system_stm32f4xx.o        340
    -----------------------------------------------
    Total:                  3 298                76

command line: [2]
    -----------------------------------------------
    Total:

dl7M_tln.a: [3]
    exit.o                      4
    low_level_init.o            4
    -----------------------------------------------
    Total:                      8

m7M_tls.a: [4]
    fpinit_M.o                 34
    -----------------------------------------------
    Total:                     34

rt7M_tl.a: [5]
    cexit.o                    10
    cmain.o                    26
    cstartup_M.o               12
    data_init.o                40
    zero_init3.o               64
    -----------------------------------------------
    Total:                    152

shb_l.a: [6]
    exit.o                     20
    -----------------------------------------------
    Total:                     20

    Gaps                        6        2
    Linker created                      16    8 192
---------------------------------------------------
    Grand Total:            3 518       18    8 268


*******************************************************************************
*** ENTRY LIST
***

Entry                      Address   Size  Type      Object
-----                      -------   ----  ----      ------
.iar.init_table$$Base   0x08000bfc          --   Gb  - Linker created -
.iar.init_table$$Limit  0x08000c0c          --   Gb  - Linker created -
?main                   0x08000c0d         Code  Gb  cmain.o [5]
CAN1_RX0_IRQHandler     0x08000b09   0x46  Code  Gb  stm32f4xx_it.o [1]
CAN1_TX_IRQHandler      0x08000b4f    0xc  Code  Gb  stm32f4xx_it.o [1]
CAN_ClearFlag           0x080005f9   0x2e  Code  Gb  stm32f4xx_can.o [1]
CAN_Config              0x080006f9  0x110  Code  Lc  main.o [1]
CAN_DeInit              0x08000189   0x36  Code  Gb  stm32f4xx_can.o [1]
CAN_FilterInit          0x080002cb  0x110  Code  Gb  stm32f4xx_can.o [1]
CAN_FilterInitStructure
                        0x20000028   0x10  Data  Gb  main.o [1]
CAN_ITConfig            0x080005e1   0x18  Code  Gb  stm32f4xx_can.o [1]
CAN_Init                0x080001bf  0x10c  Code  Gb  stm32f4xx_can.o [1]
CAN_InitStructure       0x20000038    0xc  Data  Gb  main.o [1]
CAN_Receive             0x080004f9   0xe8  Code  Gb  stm32f4xx_can.o [1]
CAN_Transmit            0x080003db  0x11e  Code  Gb  stm32f4xx_can.o [1]
CSTACK$$Base            0x10000000          --   Gb  - Linker created -
CSTACK$$Limit           0x10002000          --   Gb  - Linker created -
GPIO_Init               0x08000851   0xa4  Code  Gb  stm32f4xx_gpio.o [1]
GPIO_PinAFConfig        0x080008f5   0x50  Code  Gb  stm32f4xx_gpio.o [1]
NVIC_Config             0x08000821   0x2e  Code  Lc  main.o [1]
NVIC_Init               0x08000945   0x60  Code  Gb  misc.o [1]
RCC_AHB1PeriphClockCmd  0x08000649   0x20  Code  Gb  stm32f4xx_rcc.o [1]
RCC_APB1PeriphClockCmd  0x08000669   0x20  Code  Gb  stm32f4xx_rcc.o [1]
RCC_APB1PeriphResetCmd  0x08000689   0x20  Code  Gb  stm32f4xx_rcc.o [1]
Region$$Table$$Base     0x08000bfc          --   Gb  - Linker created -
Region$$Table$$Limit    0x08000c0c          --   Gb  - Linker created -
RxMessage               0x20000014   0x14  Data  Gb  main.o [1]
SetSysClock             0x08000a07   0xce  Code  Lc  system_stm32f4xx.o [1]
SystemInit              0x080009b5   0x52  Code  Gb  system_stm32f4xx.o [1]
TxMessage               0x20000000   0x14  Data  Gb  main.o [1]
__cmain                 0x08000c0d         Code  Gb  cmain.o [5]
__exit                  0x08000c3d   0x14  Code  Gb  exit.o [6]
__iar_data_init3        0x08000bb1   0x28  Code  Gb  data_init.o [5]
__iar_init_vfp          0x08000bd9         Code  Gb  fpinit_M.o [4]
__iar_program_start     0x08000c61         Code  Gb  cstartup_M.o [5]
__iar_zero_init3        0x08000b71   0x40  Code  Gb  zero_init3.o [5]
__low_level_init        0x08000c27    0x4  Code  Gb  low_level_init.o [3]
__vector_table          0x08000000         Data  Gb  startup_stm32f40xx.o [1]
_call_main              0x08000c19         Code  Gb  cmain.o [5]
_exit                   0x08000c31         Code  Gb  cexit.o [5]
_main                   0x08000c23         Code  Gb  cmain.o [5]
exit                    0x08000c2b    0x4  Code  Gb  exit.o [3]
main                    0x080006b5   0x44  Code  Gb  main.o [1]
recievedMsg             0x20000044    0x8  Data  Gb  main.o [1]


[1] = C:\Users\ecelab\Desktop\micro_apps\arm\7.80.3\ST\STM32F4xx\STM32F4xx_DSP_StdPeriph_Lib\Project\Lab11\EWARM\STM324xG_EVAL\Obj
[2] = command line
[3] = dl7M_tln.a
[4] = m7M_tls.a
[5] = rt7M_tl.a
[6] = shb_l.a

  3 518 bytes of readonly  code memory
     18 bytes of readonly  data memory
  8 268 bytes of readwrite data memory

Errors: none
Warnings: none
