###############################################################################
#
# IAR ELF Linker V7.80.3.12102/W32 for ARM                26/Mar/2017  22:01:12
# Copyright 2007-2016 IAR Systems AB.
#
#    Output file  =  
#        C:\proj\micro_apps\arm\7.80.3\ST\STM32F4xx\STM32F4xx_DSP_StdPeriph_Lib\Project\Lab9\EWARM\STM324xG_EVAL\Exe\Project.out
#    Map file     =  
#        C:\proj\micro_apps\arm\7.80.3\ST\STM32F4xx\STM32F4xx_DSP_StdPeriph_Lib\Project\Lab9\EWARM\STM324xG_EVAL\List\Project.map
#    Command line =  
#        C:\proj\micro_apps\arm\7.80.3\ST\STM32F4xx\STM32F4xx_DSP_StdPeriph_Lib\Project\Lab9\EWARM\STM324xG_EVAL\Obj\delay.o
#        C:\proj\micro_apps\arm\7.80.3\ST\STM32F4xx\STM32F4xx_DSP_StdPeriph_Lib\Project\Lab9\EWARM\STM324xG_EVAL\Obj\lcd.o
#        C:\proj\micro_apps\arm\7.80.3\ST\STM32F4xx\STM32F4xx_DSP_StdPeriph_Lib\Project\Lab9\EWARM\STM324xG_EVAL\Obj\main.o
#        C:\proj\micro_apps\arm\7.80.3\ST\STM32F4xx\STM32F4xx_DSP_StdPeriph_Lib\Project\Lab9\EWARM\STM324xG_EVAL\Obj\misc.o
#        C:\proj\micro_apps\arm\7.80.3\ST\STM32F4xx\STM32F4xx_DSP_StdPeriph_Lib\Project\Lab9\EWARM\STM324xG_EVAL\Obj\sr4.o
#        C:\proj\micro_apps\arm\7.80.3\ST\STM32F4xx\STM32F4xx_DSP_StdPeriph_Lib\Project\Lab9\EWARM\STM324xG_EVAL\Obj\startup_stm32f40xx.o
#        C:\proj\micro_apps\arm\7.80.3\ST\STM32F4xx\STM32F4xx_DSP_StdPeriph_Lib\Project\Lab9\EWARM\STM324xG_EVAL\Obj\stm324xg_eval.o
#        C:\proj\micro_apps\arm\7.80.3\ST\STM32F4xx\STM32F4xx_DSP_StdPeriph_Lib\Project\Lab9\EWARM\STM324xG_EVAL\Obj\stm324xg_eval_fsmc_sram.o
#        C:\proj\micro_apps\arm\7.80.3\ST\STM32F4xx\STM32F4xx_DSP_StdPeriph_Lib\Project\Lab9\EWARM\STM324xG_EVAL\Obj\stm324xg_eval_ioe.o
#        C:\proj\micro_apps\arm\7.80.3\ST\STM32F4xx\STM32F4xx_DSP_StdPeriph_Lib\Project\Lab9\EWARM\STM324xG_EVAL\Obj\stm324xg_eval_lcd.o
#        C:\proj\micro_apps\arm\7.80.3\ST\STM32F4xx\STM32F4xx_DSP_StdPeriph_Lib\Project\Lab9\EWARM\STM324xG_EVAL\Obj\stm32f4xx_adc.o
#        C:\proj\micro_apps\arm\7.80.3\ST\STM32F4xx\STM32F4xx_DSP_StdPeriph_Lib\Project\Lab9\EWARM\STM324xG_EVAL\Obj\stm32f4xx_can.o
#        C:\proj\micro_apps\arm\7.80.3\ST\STM32F4xx\STM32F4xx_DSP_StdPeriph_Lib\Project\Lab9\EWARM\STM324xG_EVAL\Obj\stm32f4xx_crc.o
#        C:\proj\micro_apps\arm\7.80.3\ST\STM32F4xx\STM32F4xx_DSP_StdPeriph_Lib\Project\Lab9\EWARM\STM324xG_EVAL\Obj\stm32f4xx_cryp.o
#        C:\proj\micro_apps\arm\7.80.3\ST\STM32F4xx\STM32F4xx_DSP_StdPeriph_Lib\Project\Lab9\EWARM\STM324xG_EVAL\Obj\stm32f4xx_cryp_aes.o
#        C:\proj\micro_apps\arm\7.80.3\ST\STM32F4xx\STM32F4xx_DSP_StdPeriph_Lib\Project\Lab9\EWARM\STM324xG_EVAL\Obj\stm32f4xx_cryp_des.o
#        C:\proj\micro_apps\arm\7.80.3\ST\STM32F4xx\STM32F4xx_DSP_StdPeriph_Lib\Project\Lab9\EWARM\STM324xG_EVAL\Obj\stm32f4xx_cryp_tdes.o
#        C:\proj\micro_apps\arm\7.80.3\ST\STM32F4xx\STM32F4xx_DSP_StdPeriph_Lib\Project\Lab9\EWARM\STM324xG_EVAL\Obj\stm32f4xx_dac.o
#        C:\proj\micro_apps\arm\7.80.3\ST\STM32F4xx\STM32F4xx_DSP_StdPeriph_Lib\Project\Lab9\EWARM\STM324xG_EVAL\Obj\stm32f4xx_dbgmcu.o
#        C:\proj\micro_apps\arm\7.80.3\ST\STM32F4xx\STM32F4xx_DSP_StdPeriph_Lib\Project\Lab9\EWARM\STM324xG_EVAL\Obj\stm32f4xx_dcmi.o
#        C:\proj\micro_apps\arm\7.80.3\ST\STM32F4xx\STM32F4xx_DSP_StdPeriph_Lib\Project\Lab9\EWARM\STM324xG_EVAL\Obj\stm32f4xx_dma.o
#        C:\proj\micro_apps\arm\7.80.3\ST\STM32F4xx\STM32F4xx_DSP_StdPeriph_Lib\Project\Lab9\EWARM\STM324xG_EVAL\Obj\stm32f4xx_exti.o
#        C:\proj\micro_apps\arm\7.80.3\ST\STM32F4xx\STM32F4xx_DSP_StdPeriph_Lib\Project\Lab9\EWARM\STM324xG_EVAL\Obj\stm32f4xx_flash.o
#        C:\proj\micro_apps\arm\7.80.3\ST\STM32F4xx\STM32F4xx_DSP_StdPeriph_Lib\Project\Lab9\EWARM\STM324xG_EVAL\Obj\stm32f4xx_fsmc.o
#        C:\proj\micro_apps\arm\7.80.3\ST\STM32F4xx\STM32F4xx_DSP_StdPeriph_Lib\Project\Lab9\EWARM\STM324xG_EVAL\Obj\stm32f4xx_gpio.o
#        C:\proj\micro_apps\arm\7.80.3\ST\STM32F4xx\STM32F4xx_DSP_StdPeriph_Lib\Project\Lab9\EWARM\STM324xG_EVAL\Obj\stm32f4xx_hash.o
#        C:\proj\micro_apps\arm\7.80.3\ST\STM32F4xx\STM32F4xx_DSP_StdPeriph_Lib\Project\Lab9\EWARM\STM324xG_EVAL\Obj\stm32f4xx_hash_md5.o
#        C:\proj\micro_apps\arm\7.80.3\ST\STM32F4xx\STM32F4xx_DSP_StdPeriph_Lib\Project\Lab9\EWARM\STM324xG_EVAL\Obj\stm32f4xx_hash_sha1.o
#        C:\proj\micro_apps\arm\7.80.3\ST\STM32F4xx\STM32F4xx_DSP_StdPeriph_Lib\Project\Lab9\EWARM\STM324xG_EVAL\Obj\stm32f4xx_i2c.o
#        C:\proj\micro_apps\arm\7.80.3\ST\STM32F4xx\STM32F4xx_DSP_StdPeriph_Lib\Project\Lab9\EWARM\STM324xG_EVAL\Obj\stm32f4xx_it.o
#        C:\proj\micro_apps\arm\7.80.3\ST\STM32F4xx\STM32F4xx_DSP_StdPeriph_Lib\Project\Lab9\EWARM\STM324xG_EVAL\Obj\stm32f4xx_iwdg.o
#        C:\proj\micro_apps\arm\7.80.3\ST\STM32F4xx\STM32F4xx_DSP_StdPeriph_Lib\Project\Lab9\EWARM\STM324xG_EVAL\Obj\stm32f4xx_pwr.o
#        C:\proj\micro_apps\arm\7.80.3\ST\STM32F4xx\STM32F4xx_DSP_StdPeriph_Lib\Project\Lab9\EWARM\STM324xG_EVAL\Obj\stm32f4xx_rcc.o
#        C:\proj\micro_apps\arm\7.80.3\ST\STM32F4xx\STM32F4xx_DSP_StdPeriph_Lib\Project\Lab9\EWARM\STM324xG_EVAL\Obj\stm32f4xx_rng.o
#        C:\proj\micro_apps\arm\7.80.3\ST\STM32F4xx\STM32F4xx_DSP_StdPeriph_Lib\Project\Lab9\EWARM\STM324xG_EVAL\Obj\stm32f4xx_rtc.o
#        C:\proj\micro_apps\arm\7.80.3\ST\STM32F4xx\STM32F4xx_DSP_StdPeriph_Lib\Project\Lab9\EWARM\STM324xG_EVAL\Obj\stm32f4xx_sdio.o
#        C:\proj\micro_apps\arm\7.80.3\ST\STM32F4xx\STM32F4xx_DSP_StdPeriph_Lib\Project\Lab9\EWARM\STM324xG_EVAL\Obj\stm32f4xx_spi.o
#        C:\proj\micro_apps\arm\7.80.3\ST\STM32F4xx\STM32F4xx_DSP_StdPeriph_Lib\Project\Lab9\EWARM\STM324xG_EVAL\Obj\stm32f4xx_syscfg.o
#        C:\proj\micro_apps\arm\7.80.3\ST\STM32F4xx\STM32F4xx_DSP_StdPeriph_Lib\Project\Lab9\EWARM\STM324xG_EVAL\Obj\stm32f4xx_tim.o
#        C:\proj\micro_apps\arm\7.80.3\ST\STM32F4xx\STM32F4xx_DSP_StdPeriph_Lib\Project\Lab9\EWARM\STM324xG_EVAL\Obj\stm32f4xx_usart.o
#        C:\proj\micro_apps\arm\7.80.3\ST\STM32F4xx\STM32F4xx_DSP_StdPeriph_Lib\Project\Lab9\EWARM\STM324xG_EVAL\Obj\stm32f4xx_wwdg.o
#        C:\proj\micro_apps\arm\7.80.3\ST\STM32F4xx\STM32F4xx_DSP_StdPeriph_Lib\Project\Lab9\EWARM\STM324xG_EVAL\Obj\system_stm32f4xx.o
#        C:\proj\micro_apps\arm\7.80.3\ST\STM32F4xx\STM32F4xx_DSP_StdPeriph_Lib\Project\Lab9\EWARM\STM324xG_EVAL\Obj\task1.o
#        C:\proj\micro_apps\arm\7.80.3\ST\STM32F4xx\STM32F4xx_DSP_StdPeriph_Lib\Project\Lab9\EWARM\STM324xG_EVAL\Obj\task2.o
#        C:\proj\micro_apps\arm\7.80.3\ST\STM32F4xx\STM32F4xx_DSP_StdPeriph_Lib\Project\Lab9\EWARM\STM324xG_EVAL\Obj\task3.o
#        --redirect _Printf=_PrintfSmall --redirect _Scanf=_ScanfSmall -o
#        C:\proj\micro_apps\arm\7.80.3\ST\STM32F4xx\STM32F4xx_DSP_StdPeriph_Lib\Project\Lab9\EWARM\STM324xG_EVAL\Exe\Project.out
#        --map
#        C:\proj\micro_apps\arm\7.80.3\ST\STM32F4xx\STM32F4xx_DSP_StdPeriph_Lib\Project\Lab9\EWARM\STM324xG_EVAL\List\Project.map
#        --config "C:\Program Files (x86)\IAR Systems\Embedded Workbench
#        7.5\arm\config\linker\ST\stm32f407xG.icf" --semihosting --entry
#        __iar_program_start --vfe
#
###############################################################################

*******************************************************************************
*** RUNTIME MODEL ATTRIBUTES
***

CppFlavor       = *
__SystemLibrary = DLib


*******************************************************************************
*** PLACEMENT SUMMARY
***

"A0":  place at 0x08000000 { ro section .intvec };
"P1":  place in [from 0x08000000 to 0x080fffff] { ro };
"P3":  place in [from 0x10000000 to 0x1000ffff] { block CSTACK, section .ccram };
"P4":  place in [from 0x20000000 to 0x2001bfff] |
                [from 0x2001c000 to 0x2001ffff] { rw, block HEAP };
initialize by copy { rw };

  Section            Kind        Address    Size  Object
  -------            ----        -------    ----  ------
"A0":                                      0x188
  .intvec            ro code  0x08000000   0x188  startup_stm32f40xx.o [1]
                            - 0x08000188   0x188

"P1":                                      0xadc
  .text              ro code  0x08000188   0x330  stm32f4xx_tim.o [1]
  .text              ro code  0x080004b8   0x188  main.o [1]
  .text              ro code  0x08000640    0x48  stm32f4xx_rcc.o [1]
  .text              ro code  0x08000688    0xf4  stm32f4xx_gpio.o [1]
  .text              ro code  0x0800077c    0x70  misc.o [1]
  .text              ro code  0x080007ec   0x154  system_stm32f4xx.o [1]
  .text              ro code  0x08000940    0xa0  stm32f4xx_it.o [1]
  .text              ro code  0x080009e0    0x2c  copy_init3.o [5]
  .text              ro code  0x08000a0c    0x28  data_init.o [5]
  .text              ro code  0x08000a34    0x22  fpinit_M.o [4]
  .iar.init_table    const    0x08000a58    0x14  - Linker created -
  .text              ro code  0x08000a6c    0x1a  cmain.o [5]
  .text              ro code  0x08000a86     0x4  low_level_init.o [3]
  .text              ro code  0x08000a8a     0x4  exit.o [3]
  .text              ro code  0x08000a90     0xa  cexit.o [5]
  .text              ro code  0x08000a9c    0x14  exit.o [6]
  .text              ro code  0x08000ab0    0x10  startup_stm32f40xx.o [1]
  .text              ro code  0x08000ac0     0xc  cstartup_M.o [5]
  .text              ro code  0x08000acc     0x4  startup_stm32f40xx.o [1]
  .text              ro code  0x08000ad0     0x4  startup_stm32f40xx.o [1]
  .text              ro code  0x08000ad4     0x4  startup_stm32f40xx.o [1]
  .text              ro code  0x08000ad8     0x4  startup_stm32f40xx.o [1]
  .text              ro code  0x08000adc     0x4  startup_stm32f40xx.o [1]
  .text              ro code  0x08000ae0     0x4  startup_stm32f40xx.o [1]
  .text              ro code  0x08000ae4     0x4  startup_stm32f40xx.o [1]
  .text              ro code  0x08000ae8     0x4  startup_stm32f40xx.o [1]
  .text              ro code  0x08000aec     0x4  startup_stm32f40xx.o [1]
  .text              ro code  0x08000af0     0x4  startup_stm32f40xx.o [1]
  .text              ro code  0x08000af4     0x4  startup_stm32f40xx.o [1]
  .text              ro code  0x08000af8     0x4  startup_stm32f40xx.o [1]
  .text              ro code  0x08000afc     0x4  startup_stm32f40xx.o [1]
  .text              ro code  0x08000b00     0x4  startup_stm32f40xx.o [1]
  .text              ro code  0x08000b04     0x4  startup_stm32f40xx.o [1]
  .text              ro code  0x08000b08     0x4  startup_stm32f40xx.o [1]
  .text              ro code  0x08000b0c     0x4  startup_stm32f40xx.o [1]
  .text              ro code  0x08000b10     0x4  startup_stm32f40xx.o [1]
  .text              ro code  0x08000b14     0x4  startup_stm32f40xx.o [1]
  .text              ro code  0x08000b18     0x4  startup_stm32f40xx.o [1]
  .text              ro code  0x08000b1c     0x4  startup_stm32f40xx.o [1]
  .text              ro code  0x08000b20     0x4  startup_stm32f40xx.o [1]
  .text              ro code  0x08000b24     0x4  startup_stm32f40xx.o [1]
  .text              ro code  0x08000b28     0x4  startup_stm32f40xx.o [1]
  .text              ro code  0x08000b2c     0x4  startup_stm32f40xx.o [1]
  .text              ro code  0x08000b30     0x4  startup_stm32f40xx.o [1]
  .text              ro code  0x08000b34     0x4  startup_stm32f40xx.o [1]
  .text              ro code  0x08000b38     0x4  startup_stm32f40xx.o [1]
  .text              ro code  0x08000b3c     0x4  startup_stm32f40xx.o [1]
  .text              ro code  0x08000b40     0x4  startup_stm32f40xx.o [1]
  .text              ro code  0x08000b44     0x4  startup_stm32f40xx.o [1]
  .text              ro code  0x08000b48     0x4  startup_stm32f40xx.o [1]
  .text              ro code  0x08000b4c     0x4  startup_stm32f40xx.o [1]
  .text              ro code  0x08000b50     0x4  startup_stm32f40xx.o [1]
  .text              ro code  0x08000b54     0x4  startup_stm32f40xx.o [1]
  .text              ro code  0x08000b58     0x4  startup_stm32f40xx.o [1]
  .text              ro code  0x08000b5c     0x4  startup_stm32f40xx.o [1]
  .text              ro code  0x08000b60     0x4  startup_stm32f40xx.o [1]
  .text              ro code  0x08000b64     0x4  startup_stm32f40xx.o [1]
  .text              ro code  0x08000b68     0x4  startup_stm32f40xx.o [1]
  .text              ro code  0x08000b6c     0x4  startup_stm32f40xx.o [1]
  .text              ro code  0x08000b70     0x4  startup_stm32f40xx.o [1]
  .text              ro code  0x08000b74     0x4  startup_stm32f40xx.o [1]
  .text              ro code  0x08000b78     0x4  startup_stm32f40xx.o [1]
  .text              ro code  0x08000b7c     0x4  startup_stm32f40xx.o [1]
  .text              ro code  0x08000b80     0x4  startup_stm32f40xx.o [1]
  .text              ro code  0x08000b84     0x4  startup_stm32f40xx.o [1]
  .text              ro code  0x08000b88     0x4  startup_stm32f40xx.o [1]
  .text              ro code  0x08000b8c     0x4  startup_stm32f40xx.o [1]
  .text              ro code  0x08000b90     0x4  startup_stm32f40xx.o [1]
  .text              ro code  0x08000b94     0x4  startup_stm32f40xx.o [1]
  .text              ro code  0x08000b98     0x4  startup_stm32f40xx.o [1]
  .text              ro code  0x08000b9c     0x4  startup_stm32f40xx.o [1]
  .text              ro code  0x08000ba0     0x4  startup_stm32f40xx.o [1]
  .text              ro code  0x08000ba4     0x4  startup_stm32f40xx.o [1]
  .text              ro code  0x08000ba8     0x4  startup_stm32f40xx.o [1]
  .text              ro code  0x08000bac     0x4  startup_stm32f40xx.o [1]
  .text              ro code  0x08000bb0     0x4  startup_stm32f40xx.o [1]
  .text              ro code  0x08000bb4     0x4  startup_stm32f40xx.o [1]
  .text              ro code  0x08000bb8     0x4  startup_stm32f40xx.o [1]
  .text              ro code  0x08000bbc     0x4  startup_stm32f40xx.o [1]
  .text              ro code  0x08000bc0     0x4  startup_stm32f40xx.o [1]
  .text              ro code  0x08000bc4     0x4  startup_stm32f40xx.o [1]
  .text              ro code  0x08000bc8     0x4  startup_stm32f40xx.o [1]
  .text              ro code  0x08000bcc     0x4  startup_stm32f40xx.o [1]
  .text              ro code  0x08000bd0     0x4  startup_stm32f40xx.o [1]
  .text              ro code  0x08000bd4     0x4  startup_stm32f40xx.o [1]
  .text              ro code  0x08000bd8     0x4  startup_stm32f40xx.o [1]
  .text              ro code  0x08000bdc     0x4  startup_stm32f40xx.o [1]
  .text              ro code  0x08000be0     0x4  startup_stm32f40xx.o [1]
  .text              ro code  0x08000be4     0x4  startup_stm32f40xx.o [1]
  .text              ro code  0x08000be8     0x4  startup_stm32f40xx.o [1]
  .text              ro code  0x08000bec     0x4  startup_stm32f40xx.o [1]
  .text              ro code  0x08000bf0     0x4  startup_stm32f40xx.o [1]
  .text              ro code  0x08000bf4     0x4  startup_stm32f40xx.o [1]
  .text              ro code  0x08000bf8     0x4  startup_stm32f40xx.o [1]
  .text              ro code  0x08000bfc     0x4  startup_stm32f40xx.o [1]
  .text              ro code  0x08000c00     0x4  startup_stm32f40xx.o [1]
  .text              ro code  0x08000c04     0x4  startup_stm32f40xx.o [1]
  .text              ro code  0x08000c08     0x4  startup_stm32f40xx.o [1]
  .text              ro code  0x08000c0c     0x4  startup_stm32f40xx.o [1]
  .text              ro code  0x08000c10     0x4  startup_stm32f40xx.o [1]
  .text              ro code  0x08000c14     0x4  startup_stm32f40xx.o [1]
  .text              ro code  0x08000c18     0x4  startup_stm32f40xx.o [1]
  .text              ro code  0x08000c1c     0x4  startup_stm32f40xx.o [1]
  .text              ro code  0x08000c20     0x4  startup_stm32f40xx.o [1]
  .text              ro code  0x08000c24     0x4  startup_stm32f40xx.o [1]
  .text              ro code  0x08000c28     0x4  startup_stm32f40xx.o [1]
  .text              ro code  0x08000c2c     0x4  startup_stm32f40xx.o [1]
  .rodata            const    0x08000c30     0x0  copy_init3.o [5]
  Initializer bytes  const    0x08000c30    0x34  <for P4 s0>
                            - 0x08000c64   0xadc

"P3":                                     0x2000
  CSTACK                      0x10000000  0x2000  <Block>
    CSTACK           uninit   0x10000000  0x2000  <Block tail>
                            - 0x10002000  0x2000

"P4":                                       0x34
  P4 s0                       0x20000000    0x34  <Init block>
    .bss             inited   0x20000000    0x14  main.o [1]
    .bss             inited   0x20000014     0xc  main.o [1]
    .data            inited   0x20000020     0x4  system_stm32f4xx.o [1]
    .bss             inited   0x20000024     0x4  stm32f4xx_it.o [1]
    .data            inited   0x20000028     0x2  main.o [1]
    .data            inited   0x2000002a     0x2  main.o [1]
    .data            inited   0x2000002c     0x2  main.o [1]
    .data            inited   0x2000002e     0x2  main.o [1]
    .bss             inited   0x20000030     0x2  main.o [1]
                            - 0x20000034    0x34


*******************************************************************************
*** INIT TABLE
***

          Address     Size
          -------     ----
Copy (__iar_copy_init3)
    1 source range, total size 0x34 (104% of destination):
          0x08000c30  0x34
    1 destination range, total size 0x32:
          0x20000000  0x32



*******************************************************************************
*** MODULE SUMMARY
***

    Module                ro code  ro data  rw data
    ------                -------  -------  -------
C:\proj\micro_apps\arm\7.80.3\ST\STM32F4xx\STM32F4xx_DSP_StdPeriph_Lib\Project\Lab9\EWARM\STM324xG_EVAL\Obj: [1]
    main.o                    392       42       42
    misc.o                    112
    startup_stm32f40xx.o      764
    stm32f4xx_gpio.o          244
    stm32f4xx_it.o            160        4        4
    stm32f4xx_rcc.o            72
    stm32f4xx_tim.o           816
    system_stm32f4xx.o        340        4        4
    -----------------------------------------------
    Total:                  2 900       50       50

command line: [2]
    -----------------------------------------------
    Total:

dl7M_tln.a: [3]
    exit.o                      4
    low_level_init.o            4
    -----------------------------------------------
    Total:                      8

m7M_tls.a: [4]
    fpinit_M.o                 34
    -----------------------------------------------
    Total:                     34

rt7M_tl.a: [5]
    cexit.o                    10
    cmain.o                    26
    copy_init3.o               44
    cstartup_M.o               12
    data_init.o                40
    -----------------------------------------------
    Total:                    132

shb_l.a: [6]
    exit.o                     20
    -----------------------------------------------
    Total:                     20

    Gaps                        4        2
    Linker created                      22    8 192
---------------------------------------------------
    Grand Total:            3 098       74    8 242


*******************************************************************************
*** ENTRY LIST
***

Entry                      Address  Size  Type      Object
-----                      -------  ----  ----      ------
.iar.init_table$$Base   0x08000a58         --   Gb  - Linker created -
.iar.init_table$$Limit  0x08000a6c         --   Gb  - Linker created -
?main                   0x08000a6d        Code  Gb  cmain.o [5]
CSTACK$$Base            0x10000000         --   Gb  - Linker created -
CSTACK$$Limit           0x10002000         --   Gb  - Linker created -
GPIO_Init               0x08000689  0xa4  Code  Gb  stm32f4xx_gpio.o [1]
GPIO_PinAFConfig        0x0800072d  0x50  Code  Gb  stm32f4xx_gpio.o [1]
NVIC_Init               0x0800077d  0x60  Code  Gb  misc.o [1]
RCC_AHB1PeriphClockCmd  0x08000641  0x20  Code  Gb  stm32f4xx_rcc.o [1]
RCC_APB1PeriphClockCmd  0x08000661  0x20  Code  Gb  stm32f4xx_rcc.o [1]
Region$$Table$$Base     0x08000a58         --   Gb  - Linker created -
Region$$Table$$Limit    0x08000a6c         --   Gb  - Linker created -
SetSysClock             0x0800083f  0xce  Code  Lc  system_stm32f4xx.o [1]
SysTick_Handler         0x08000941  0x14  Code  Gb  stm32f4xx_it.o [1]
SystemCoreClock         0x20000020   0x4  Data  Gb  system_stm32f4xx.o [1]
SystemInit              0x080007ed  0x52  Code  Gb  system_stm32f4xx.o [1]
TIM4_IRQHandler         0x08000955  0x7e  Code  Gb  stm32f4xx_it.o [1]
TIM_ARRPreloadConfig    0x080001f1  0x1c  Code  Gb  stm32f4xx_tim.o [1]
TIM_ClearITPendingBit   0x080004b1   0x8  Code  Gb  stm32f4xx_tim.o [1]
TIM_Cmd                 0x0800020d  0x1c  Code  Gb  stm32f4xx_tim.o [1]
TIM_Config              0x08000597  0x80  Code  Lc  main.o [1]
TIM_GetITStatus         0x08000489  0x28  Code  Gb  stm32f4xx_tim.o [1]
TIM_ITConfig            0x08000471  0x18  Code  Gb  stm32f4xx_tim.o [1]
TIM_OC1Init             0x08000229  0x78  Code  Gb  stm32f4xx_tim.o [1]
TIM_OC1PreloadConfig    0x0800042d  0x10  Code  Gb  stm32f4xx_tim.o [1]
TIM_OC2Init             0x080002a1  0x86  Code  Gb  stm32f4xx_tim.o [1]
TIM_OC2PreloadConfig    0x0800043d  0x12  Code  Gb  stm32f4xx_tim.o [1]
TIM_OC3Init             0x08000327  0x84  Code  Gb  stm32f4xx_tim.o [1]
TIM_OC3PreloadConfig    0x0800044f  0x10  Code  Gb  stm32f4xx_tim.o [1]
TIM_OC4Init             0x080003ab  0x62  Code  Gb  stm32f4xx_tim.o [1]
TIM_OC4PreloadConfig    0x0800045f  0x12  Code  Gb  stm32f4xx_tim.o [1]
TIM_OCInitStructure     0x20000000  0x14  Data  Gb  main.o [1]
TIM_TimeBaseInit        0x08000189  0x68  Code  Gb  stm32f4xx_tim.o [1]
TIM_TimeBaseStructure   0x20000014   0xc  Data  Gb  main.o [1]
TimingDelay             0x20000024   0x4  Data  Gb  stm32f4xx_it.o [1]
__cmain                 0x08000a6d        Code  Gb  cmain.o [5]
__exit                  0x08000a9d  0x14  Code  Gb  exit.o [6]
__iar_copy_init3        0x080009e1  0x2c  Code  Gb  copy_init3.o [5]
__iar_data_init3        0x08000a0d  0x28  Code  Gb  data_init.o [5]
__iar_init_vfp          0x08000a35        Code  Gb  fpinit_M.o [4]
__iar_program_start     0x08000ac1        Code  Gb  cstartup_M.o [5]
__low_level_init        0x08000a87   0x4  Code  Gb  low_level_init.o [3]
__vector_table          0x08000000        Data  Gb  startup_stm32f40xx.o [1]
_call_main              0x08000a79        Code  Gb  cmain.o [5]
_exit                   0x08000a91        Code  Gb  cexit.o [5]
_main                   0x08000a83        Code  Gb  cmain.o [5]
exit                    0x08000a8b   0x4  Code  Gb  exit.o [3]
main                    0x080004b9  0xde  Code  Gb  main.o [1]
uhCCR1_Val              0x20000028   0x2  Data  Gb  main.o [1]
uhCCR2_Val              0x2000002a   0x2  Data  Gb  main.o [1]
uhCCR3_Val              0x2000002c   0x2  Data  Gb  main.o [1]
uhCCR4_Val              0x2000002e   0x2  Data  Gb  main.o [1]
uhPrescalerValue        0x20000030   0x2  Data  Gb  main.o [1]


[1] = C:\proj\micro_apps\arm\7.80.3\ST\STM32F4xx\STM32F4xx_DSP_StdPeriph_Lib\Project\Lab9\EWARM\STM324xG_EVAL\Obj
[2] = command line
[3] = dl7M_tln.a
[4] = m7M_tls.a
[5] = rt7M_tl.a
[6] = shb_l.a

  3 098 bytes of readonly  code memory
     74 bytes of readonly  data memory
  8 242 bytes of readwrite data memory

Errors: none
Warnings: none
