###############################################################################
#
# IAR ELF Linker V7.80.3.12102/W32 for ARM                26/Mar/2017  20:44:08
# Copyright 2007-2016 IAR Systems AB.
#
#    Output file  =  
#        C:\proj\micro_apps\arm\7.80.3\ST\STM32F4xx\STM32F4xx_DSP_StdPeriph_Lib\Project\Lab9\EWARM\STM324xG_EVAL\Exe\Project.out
#    Map file     =  
#        C:\proj\micro_apps\arm\7.80.3\ST\STM32F4xx\STM32F4xx_DSP_StdPeriph_Lib\Project\Lab9\EWARM\STM324xG_EVAL\List\Project.map
#    Command line =  
#        C:\proj\micro_apps\arm\7.80.3\ST\STM32F4xx\STM32F4xx_DSP_StdPeriph_Lib\Project\Lab9\EWARM\STM324xG_EVAL\Obj\delay.o
#        C:\proj\micro_apps\arm\7.80.3\ST\STM32F4xx\STM32F4xx_DSP_StdPeriph_Lib\Project\Lab9\EWARM\STM324xG_EVAL\Obj\lcd.o
#        C:\proj\micro_apps\arm\7.80.3\ST\STM32F4xx\STM32F4xx_DSP_StdPeriph_Lib\Project\Lab9\EWARM\STM324xG_EVAL\Obj\main.o
#        C:\proj\micro_apps\arm\7.80.3\ST\STM32F4xx\STM32F4xx_DSP_StdPeriph_Lib\Project\Lab9\EWARM\STM324xG_EVAL\Obj\misc.o
#        C:\proj\micro_apps\arm\7.80.3\ST\STM32F4xx\STM32F4xx_DSP_StdPeriph_Lib\Project\Lab9\EWARM\STM324xG_EVAL\Obj\startup_stm32f40xx.o
#        C:\proj\micro_apps\arm\7.80.3\ST\STM32F4xx\STM32F4xx_DSP_StdPeriph_Lib\Project\Lab9\EWARM\STM324xG_EVAL\Obj\stm324xg_eval.o
#        C:\proj\micro_apps\arm\7.80.3\ST\STM32F4xx\STM32F4xx_DSP_StdPeriph_Lib\Project\Lab9\EWARM\STM324xG_EVAL\Obj\stm324xg_eval_fsmc_sram.o
#        C:\proj\micro_apps\arm\7.80.3\ST\STM32F4xx\STM32F4xx_DSP_StdPeriph_Lib\Project\Lab9\EWARM\STM324xG_EVAL\Obj\stm324xg_eval_ioe.o
#        C:\proj\micro_apps\arm\7.80.3\ST\STM32F4xx\STM32F4xx_DSP_StdPeriph_Lib\Project\Lab9\EWARM\STM324xG_EVAL\Obj\stm324xg_eval_lcd.o
#        C:\proj\micro_apps\arm\7.80.3\ST\STM32F4xx\STM32F4xx_DSP_StdPeriph_Lib\Project\Lab9\EWARM\STM324xG_EVAL\Obj\stm32f4xx_adc.o
#        C:\proj\micro_apps\arm\7.80.3\ST\STM32F4xx\STM32F4xx_DSP_StdPeriph_Lib\Project\Lab9\EWARM\STM324xG_EVAL\Obj\stm32f4xx_can.o
#        C:\proj\micro_apps\arm\7.80.3\ST\STM32F4xx\STM32F4xx_DSP_StdPeriph_Lib\Project\Lab9\EWARM\STM324xG_EVAL\Obj\stm32f4xx_crc.o
#        C:\proj\micro_apps\arm\7.80.3\ST\STM32F4xx\STM32F4xx_DSP_StdPeriph_Lib\Project\Lab9\EWARM\STM324xG_EVAL\Obj\stm32f4xx_cryp.o
#        C:\proj\micro_apps\arm\7.80.3\ST\STM32F4xx\STM32F4xx_DSP_StdPeriph_Lib\Project\Lab9\EWARM\STM324xG_EVAL\Obj\stm32f4xx_cryp_aes.o
#        C:\proj\micro_apps\arm\7.80.3\ST\STM32F4xx\STM32F4xx_DSP_StdPeriph_Lib\Project\Lab9\EWARM\STM324xG_EVAL\Obj\stm32f4xx_cryp_des.o
#        C:\proj\micro_apps\arm\7.80.3\ST\STM32F4xx\STM32F4xx_DSP_StdPeriph_Lib\Project\Lab9\EWARM\STM324xG_EVAL\Obj\stm32f4xx_cryp_tdes.o
#        C:\proj\micro_apps\arm\7.80.3\ST\STM32F4xx\STM32F4xx_DSP_StdPeriph_Lib\Project\Lab9\EWARM\STM324xG_EVAL\Obj\stm32f4xx_dac.o
#        C:\proj\micro_apps\arm\7.80.3\ST\STM32F4xx\STM32F4xx_DSP_StdPeriph_Lib\Project\Lab9\EWARM\STM324xG_EVAL\Obj\stm32f4xx_dbgmcu.o
#        C:\proj\micro_apps\arm\7.80.3\ST\STM32F4xx\STM32F4xx_DSP_StdPeriph_Lib\Project\Lab9\EWARM\STM324xG_EVAL\Obj\stm32f4xx_dcmi.o
#        C:\proj\micro_apps\arm\7.80.3\ST\STM32F4xx\STM32F4xx_DSP_StdPeriph_Lib\Project\Lab9\EWARM\STM324xG_EVAL\Obj\stm32f4xx_dma.o
#        C:\proj\micro_apps\arm\7.80.3\ST\STM32F4xx\STM32F4xx_DSP_StdPeriph_Lib\Project\Lab9\EWARM\STM324xG_EVAL\Obj\stm32f4xx_exti.o
#        C:\proj\micro_apps\arm\7.80.3\ST\STM32F4xx\STM32F4xx_DSP_StdPeriph_Lib\Project\Lab9\EWARM\STM324xG_EVAL\Obj\stm32f4xx_flash.o
#        C:\proj\micro_apps\arm\7.80.3\ST\STM32F4xx\STM32F4xx_DSP_StdPeriph_Lib\Project\Lab9\EWARM\STM324xG_EVAL\Obj\stm32f4xx_fsmc.o
#        C:\proj\micro_apps\arm\7.80.3\ST\STM32F4xx\STM32F4xx_DSP_StdPeriph_Lib\Project\Lab9\EWARM\STM324xG_EVAL\Obj\stm32f4xx_gpio.o
#        C:\proj\micro_apps\arm\7.80.3\ST\STM32F4xx\STM32F4xx_DSP_StdPeriph_Lib\Project\Lab9\EWARM\STM324xG_EVAL\Obj\stm32f4xx_hash.o
#        C:\proj\micro_apps\arm\7.80.3\ST\STM32F4xx\STM32F4xx_DSP_StdPeriph_Lib\Project\Lab9\EWARM\STM324xG_EVAL\Obj\stm32f4xx_hash_md5.o
#        C:\proj\micro_apps\arm\7.80.3\ST\STM32F4xx\STM32F4xx_DSP_StdPeriph_Lib\Project\Lab9\EWARM\STM324xG_EVAL\Obj\stm32f4xx_hash_sha1.o
#        C:\proj\micro_apps\arm\7.80.3\ST\STM32F4xx\STM32F4xx_DSP_StdPeriph_Lib\Project\Lab9\EWARM\STM324xG_EVAL\Obj\stm32f4xx_i2c.o
#        C:\proj\micro_apps\arm\7.80.3\ST\STM32F4xx\STM32F4xx_DSP_StdPeriph_Lib\Project\Lab9\EWARM\STM324xG_EVAL\Obj\stm32f4xx_it.o
#        C:\proj\micro_apps\arm\7.80.3\ST\STM32F4xx\STM32F4xx_DSP_StdPeriph_Lib\Project\Lab9\EWARM\STM324xG_EVAL\Obj\stm32f4xx_iwdg.o
#        C:\proj\micro_apps\arm\7.80.3\ST\STM32F4xx\STM32F4xx_DSP_StdPeriph_Lib\Project\Lab9\EWARM\STM324xG_EVAL\Obj\stm32f4xx_pwr.o
#        C:\proj\micro_apps\arm\7.80.3\ST\STM32F4xx\STM32F4xx_DSP_StdPeriph_Lib\Project\Lab9\EWARM\STM324xG_EVAL\Obj\stm32f4xx_rcc.o
#        C:\proj\micro_apps\arm\7.80.3\ST\STM32F4xx\STM32F4xx_DSP_StdPeriph_Lib\Project\Lab9\EWARM\STM324xG_EVAL\Obj\stm32f4xx_rng.o
#        C:\proj\micro_apps\arm\7.80.3\ST\STM32F4xx\STM32F4xx_DSP_StdPeriph_Lib\Project\Lab9\EWARM\STM324xG_EVAL\Obj\stm32f4xx_rtc.o
#        C:\proj\micro_apps\arm\7.80.3\ST\STM32F4xx\STM32F4xx_DSP_StdPeriph_Lib\Project\Lab9\EWARM\STM324xG_EVAL\Obj\stm32f4xx_sdio.o
#        C:\proj\micro_apps\arm\7.80.3\ST\STM32F4xx\STM32F4xx_DSP_StdPeriph_Lib\Project\Lab9\EWARM\STM324xG_EVAL\Obj\stm32f4xx_spi.o
#        C:\proj\micro_apps\arm\7.80.3\ST\STM32F4xx\STM32F4xx_DSP_StdPeriph_Lib\Project\Lab9\EWARM\STM324xG_EVAL\Obj\stm32f4xx_syscfg.o
#        C:\proj\micro_apps\arm\7.80.3\ST\STM32F4xx\STM32F4xx_DSP_StdPeriph_Lib\Project\Lab9\EWARM\STM324xG_EVAL\Obj\stm32f4xx_tim.o
#        C:\proj\micro_apps\arm\7.80.3\ST\STM32F4xx\STM32F4xx_DSP_StdPeriph_Lib\Project\Lab9\EWARM\STM324xG_EVAL\Obj\stm32f4xx_usart.o
#        C:\proj\micro_apps\arm\7.80.3\ST\STM32F4xx\STM32F4xx_DSP_StdPeriph_Lib\Project\Lab9\EWARM\STM324xG_EVAL\Obj\stm32f4xx_wwdg.o
#        C:\proj\micro_apps\arm\7.80.3\ST\STM32F4xx\STM32F4xx_DSP_StdPeriph_Lib\Project\Lab9\EWARM\STM324xG_EVAL\Obj\system_stm32f4xx.o
#        C:\proj\micro_apps\arm\7.80.3\ST\STM32F4xx\STM32F4xx_DSP_StdPeriph_Lib\Project\Lab9\EWARM\STM324xG_EVAL\Obj\task1.o
#        C:\proj\micro_apps\arm\7.80.3\ST\STM32F4xx\STM32F4xx_DSP_StdPeriph_Lib\Project\Lab9\EWARM\STM324xG_EVAL\Obj\task2.o
#        C:\proj\micro_apps\arm\7.80.3\ST\STM32F4xx\STM32F4xx_DSP_StdPeriph_Lib\Project\Lab9\EWARM\STM324xG_EVAL\Obj\task3.o
#        --redirect _Printf=_PrintfSmall --redirect _Scanf=_ScanfSmall -o
#        C:\proj\micro_apps\arm\7.80.3\ST\STM32F4xx\STM32F4xx_DSP_StdPeriph_Lib\Project\Lab9\EWARM\STM324xG_EVAL\Exe\Project.out
#        --map
#        C:\proj\micro_apps\arm\7.80.3\ST\STM32F4xx\STM32F4xx_DSP_StdPeriph_Lib\Project\Lab9\EWARM\STM324xG_EVAL\List\Project.map
#        --config "C:\Program Files (x86)\IAR Systems\Embedded Workbench
#        7.5\arm\config\linker\ST\stm32f407xG.icf" --semihosting --entry
#        __iar_program_start --vfe
#
###############################################################################

*******************************************************************************
*** RUNTIME MODEL ATTRIBUTES
***

CppFlavor       = *
__SystemLibrary = DLib


*******************************************************************************
*** PLACEMENT SUMMARY
***

"A0":  place at 0x08000000 { ro section .intvec };
"P1":  place in [from 0x08000000 to 0x080fffff] { ro };
"P3":  place in [from 0x10000000 to 0x1000ffff] { block CSTACK, section .ccram };
"P4":  place in [from 0x20000000 to 0x2001bfff] |
                [from 0x2001c000 to 0x2001ffff] { rw, block HEAP };
initialize by copy { rw };

  Section            Kind        Address    Size  Object
  -------            ----        -------    ----  ------
"A0":                                      0x188
  .intvec            ro code  0x08000000   0x188  startup_stm32f40xx.o [1]
                            - 0x08000188   0x188

"P1":                                      0x6f8
  .text              ro code  0x08000188   0x15c  lcd.o [1]
  .text              ro code  0x080002e4    0x14  delay.o [1]
  .text              ro code  0x080002f8    0x24  stm32f4xx_rcc.o [1]
  .text              ro code  0x0800031c    0xa4  stm32f4xx_gpio.o [1]
  .text              ro code  0x080003c0   0x154  system_stm32f4xx.o [1]
  .text              ro code  0x08000514    0xf0  task1.o [1]
  .text              ro code  0x08000604    0x2c  copy_init3.o [5]
  .text              ro code  0x08000630    0x28  data_init.o [5]
  .text              ro code  0x08000658    0x22  fpinit_M.o [4]
  .iar.init_table    const    0x0800067c    0x14  - Linker created -
  .text              ro code  0x08000690    0x1a  cmain.o [5]
  .text              ro code  0x080006aa     0x4  low_level_init.o [3]
  .text              ro code  0x080006ae     0xa  main.o [1]
  .text              ro code  0x080006b8     0x4  exit.o [3]
  .text              ro code  0x080006bc     0xa  cexit.o [5]
  .text              ro code  0x080006c8    0x14  exit.o [6]
  .text              ro code  0x080006dc    0x18  stm32f4xx_it.o [1]
  .text              ro code  0x080006f4    0x10  startup_stm32f40xx.o [1]
  .text              ro code  0x08000704     0xc  cstartup_M.o [5]
  .text              ro code  0x08000710     0x4  startup_stm32f40xx.o [1]
  .text              ro code  0x08000714     0x4  startup_stm32f40xx.o [1]
  .text              ro code  0x08000718     0x4  startup_stm32f40xx.o [1]
  .text              ro code  0x0800071c     0x4  startup_stm32f40xx.o [1]
  .text              ro code  0x08000720     0x4  startup_stm32f40xx.o [1]
  .text              ro code  0x08000724     0x4  startup_stm32f40xx.o [1]
  .text              ro code  0x08000728     0x4  startup_stm32f40xx.o [1]
  .text              ro code  0x0800072c     0x4  startup_stm32f40xx.o [1]
  .text              ro code  0x08000730     0x4  startup_stm32f40xx.o [1]
  .text              ro code  0x08000734     0x4  startup_stm32f40xx.o [1]
  .text              ro code  0x08000738     0x4  startup_stm32f40xx.o [1]
  .text              ro code  0x0800073c     0x4  startup_stm32f40xx.o [1]
  .text              ro code  0x08000740     0x4  startup_stm32f40xx.o [1]
  .text              ro code  0x08000744     0x4  startup_stm32f40xx.o [1]
  .text              ro code  0x08000748     0x4  startup_stm32f40xx.o [1]
  .text              ro code  0x0800074c     0x4  startup_stm32f40xx.o [1]
  .text              ro code  0x08000750     0x4  startup_stm32f40xx.o [1]
  .text              ro code  0x08000754     0x4  startup_stm32f40xx.o [1]
  .text              ro code  0x08000758     0x4  startup_stm32f40xx.o [1]
  .text              ro code  0x0800075c     0x4  startup_stm32f40xx.o [1]
  .text              ro code  0x08000760     0x4  startup_stm32f40xx.o [1]
  .text              ro code  0x08000764     0x4  startup_stm32f40xx.o [1]
  .text              ro code  0x08000768     0x4  startup_stm32f40xx.o [1]
  .text              ro code  0x0800076c     0x4  startup_stm32f40xx.o [1]
  .text              ro code  0x08000770     0x4  startup_stm32f40xx.o [1]
  .text              ro code  0x08000774     0x4  startup_stm32f40xx.o [1]
  .text              ro code  0x08000778     0x4  startup_stm32f40xx.o [1]
  .text              ro code  0x0800077c     0x4  startup_stm32f40xx.o [1]
  .text              ro code  0x08000780     0x4  startup_stm32f40xx.o [1]
  .text              ro code  0x08000784     0x4  startup_stm32f40xx.o [1]
  .text              ro code  0x08000788     0x4  startup_stm32f40xx.o [1]
  .text              ro code  0x0800078c     0x4  startup_stm32f40xx.o [1]
  .text              ro code  0x08000790     0x4  startup_stm32f40xx.o [1]
  .text              ro code  0x08000794     0x4  startup_stm32f40xx.o [1]
  .text              ro code  0x08000798     0x4  startup_stm32f40xx.o [1]
  .text              ro code  0x0800079c     0x4  startup_stm32f40xx.o [1]
  .text              ro code  0x080007a0     0x4  startup_stm32f40xx.o [1]
  .text              ro code  0x080007a4     0x4  startup_stm32f40xx.o [1]
  .text              ro code  0x080007a8     0x4  startup_stm32f40xx.o [1]
  .text              ro code  0x080007ac     0x4  startup_stm32f40xx.o [1]
  .text              ro code  0x080007b0     0x4  startup_stm32f40xx.o [1]
  .text              ro code  0x080007b4     0x4  startup_stm32f40xx.o [1]
  .text              ro code  0x080007b8     0x4  startup_stm32f40xx.o [1]
  .text              ro code  0x080007bc     0x4  startup_stm32f40xx.o [1]
  .text              ro code  0x080007c0     0x4  startup_stm32f40xx.o [1]
  .text              ro code  0x080007c4     0x4  startup_stm32f40xx.o [1]
  .text              ro code  0x080007c8     0x4  startup_stm32f40xx.o [1]
  .text              ro code  0x080007cc     0x4  startup_stm32f40xx.o [1]
  .text              ro code  0x080007d0     0x4  startup_stm32f40xx.o [1]
  .text              ro code  0x080007d4     0x4  startup_stm32f40xx.o [1]
  .text              ro code  0x080007d8     0x4  startup_stm32f40xx.o [1]
  .text              ro code  0x080007dc     0x4  startup_stm32f40xx.o [1]
  .text              ro code  0x080007e0     0x4  startup_stm32f40xx.o [1]
  .text              ro code  0x080007e4     0x4  startup_stm32f40xx.o [1]
  .text              ro code  0x080007e8     0x4  startup_stm32f40xx.o [1]
  .text              ro code  0x080007ec     0x4  startup_stm32f40xx.o [1]
  .text              ro code  0x080007f0     0x4  startup_stm32f40xx.o [1]
  .text              ro code  0x080007f4     0x4  startup_stm32f40xx.o [1]
  .text              ro code  0x080007f8     0x4  startup_stm32f40xx.o [1]
  .text              ro code  0x080007fc     0x4  startup_stm32f40xx.o [1]
  .text              ro code  0x08000800     0x4  startup_stm32f40xx.o [1]
  .text              ro code  0x08000804     0x4  startup_stm32f40xx.o [1]
  .text              ro code  0x08000808     0x4  startup_stm32f40xx.o [1]
  .text              ro code  0x0800080c     0x4  startup_stm32f40xx.o [1]
  .text              ro code  0x08000810     0x4  startup_stm32f40xx.o [1]
  .text              ro code  0x08000814     0x4  startup_stm32f40xx.o [1]
  .text              ro code  0x08000818     0x4  startup_stm32f40xx.o [1]
  .text              ro code  0x0800081c     0x4  startup_stm32f40xx.o [1]
  .text              ro code  0x08000820     0x4  startup_stm32f40xx.o [1]
  .text              ro code  0x08000824     0x4  startup_stm32f40xx.o [1]
  .text              ro code  0x08000828     0x4  startup_stm32f40xx.o [1]
  .text              ro code  0x0800082c     0x4  startup_stm32f40xx.o [1]
  .text              ro code  0x08000830     0x4  startup_stm32f40xx.o [1]
  .text              ro code  0x08000834     0x4  startup_stm32f40xx.o [1]
  .text              ro code  0x08000838     0x4  startup_stm32f40xx.o [1]
  .text              ro code  0x0800083c     0x4  startup_stm32f40xx.o [1]
  .text              ro code  0x08000840     0x4  startup_stm32f40xx.o [1]
  .text              ro code  0x08000844     0x4  startup_stm32f40xx.o [1]
  .text              ro code  0x08000848     0x4  startup_stm32f40xx.o [1]
  .text              ro code  0x0800084c     0x4  startup_stm32f40xx.o [1]
  .text              ro code  0x08000850     0x4  startup_stm32f40xx.o [1]
  .text              ro code  0x08000854     0x4  startup_stm32f40xx.o [1]
  .text              ro code  0x08000858     0x4  startup_stm32f40xx.o [1]
  .text              ro code  0x0800085c     0x4  startup_stm32f40xx.o [1]
  .text              ro code  0x08000860     0x4  startup_stm32f40xx.o [1]
  .text              ro code  0x08000864     0x4  startup_stm32f40xx.o [1]
  .text              ro code  0x08000868     0x4  startup_stm32f40xx.o [1]
  .text              ro code  0x0800086c     0x4  startup_stm32f40xx.o [1]
  .text              ro code  0x08000870     0x4  startup_stm32f40xx.o [1]
  .text              ro code  0x08000874     0x4  startup_stm32f40xx.o [1]
  .rodata            const    0x08000878     0x0  copy_init3.o [5]
  Initializer bytes  const    0x08000878     0x8  <for P4 s0>
                            - 0x08000880   0x6f8

"P3":                                     0x2000
  CSTACK                      0x10000000  0x2000  <Block>
    CSTACK           uninit   0x10000000  0x2000  <Block tail>
                            - 0x10002000  0x2000

"P4":                                        0x8
  P4 s0                       0x20000000     0x8  <Init block>
    .data            inited   0x20000000     0x4  system_stm32f4xx.o [1]
    .bss             inited   0x20000004     0x4  stm32f4xx_it.o [1]
                            - 0x20000008     0x8


*******************************************************************************
*** INIT TABLE
***

          Address     Size
          -------     ----
Copy (__iar_copy_init3)
    1 source range, total size 0x8:
          0x08000878   0x8
    1 destination range, total size 0x8:
          0x20000000   0x8



*******************************************************************************
*** MODULE SUMMARY
***

    Module                ro code  ro data  rw data
    ------                -------  -------  -------
C:\proj\micro_apps\arm\7.80.3\ST\STM32F4xx\STM32F4xx_DSP_StdPeriph_Lib\Project\Lab9\EWARM\STM324xG_EVAL\Obj: [1]
    delay.o                    20
    lcd.o                     348
    main.o                     10
    startup_stm32f40xx.o      768
    stm32f4xx_gpio.o          164
    stm32f4xx_it.o             24        4        4
    stm32f4xx_rcc.o            36
    system_stm32f4xx.o        340        4        4
    task1.o                   240
    -----------------------------------------------
    Total:                  1 950        8        8

command line: [2]
    -----------------------------------------------
    Total:

dl7M_tln.a: [3]
    exit.o                      4
    low_level_init.o            4
    -----------------------------------------------
    Total:                      8

m7M_tls.a: [4]
    fpinit_M.o                 34
    -----------------------------------------------
    Total:                     34

rt7M_tl.a: [5]
    cexit.o                    10
    cmain.o                    26
    copy_init3.o               44
    cstartup_M.o               12
    data_init.o                40
    -----------------------------------------------
    Total:                    132

shb_l.a: [6]
    exit.o                     20
    -----------------------------------------------
    Total:                     20

    Gaps                        2        2
    Linker created                      20    8 192
---------------------------------------------------
    Grand Total:            2 146       30    8 200


*******************************************************************************
*** ENTRY LIST
***

Entry                      Address  Size  Type      Object
-----                      -------  ----  ----      ------
.iar.init_table$$Base   0x0800067c         --   Gb  - Linker created -
.iar.init_table$$Limit  0x08000690         --   Gb  - Linker created -
?main                   0x08000691        Code  Gb  cmain.o [5]
CSTACK$$Base            0x10000000         --   Gb  - Linker created -
CSTACK$$Limit           0x10002000         --   Gb  - Linker created -
Delay                   0x080002e5  0x14  Code  Gb  delay.o [1]
GPIO_Init               0x0800031d  0xa4  Code  Gb  stm32f4xx_gpio.o [1]
LCD_ClearDisplay        0x08000251   0xa  Code  Gb  lcd.o [1]
LCD_Command             0x08000189  0x46  Code  Gb  lcd.o [1]
LCD_Config              0x0800025b  0x82  Code  Gb  lcd.o [1]
LCD_DisplayINVALID      0x08000223  0x2e  Code  Gb  lcd.o [1]
LCD_Write               0x080001cf  0x46  Code  Gb  lcd.o [1]
LCD_WriteDigit          0x08000215   0xe  Code  Gb  lcd.o [1]
RCC_AHB1PeriphClockCmd  0x080002f9  0x20  Code  Gb  stm32f4xx_rcc.o [1]
Region$$Table$$Base     0x0800067c         --   Gb  - Linker created -
Region$$Table$$Limit    0x08000690         --   Gb  - Linker created -
SetSysClock             0x08000413  0xce  Code  Lc  system_stm32f4xx.o [1]
SysTick_Config          0x08000537  0x2e  Code  Lc  task1.o [1]
SysTick_Handler         0x080006dd  0x18  Code  Gb  stm32f4xx_it.o [1]
SystemCoreClock         0x20000000   0x4  Data  Gb  system_stm32f4xx.o [1]
SystemInit              0x080003c1  0x52  Code  Gb  system_stm32f4xx.o [1]
TimingDelay             0x20000004   0x4  Data  Gb  stm32f4xx_it.o [1]
__NVIC_SetPriority      0x08000515  0x22  Code  Lc  task1.o [1]
__cmain                 0x08000691        Code  Gb  cmain.o [5]
__exit                  0x080006c9  0x14  Code  Gb  exit.o [6]
__iar_copy_init3        0x08000605  0x2c  Code  Gb  copy_init3.o [5]
__iar_data_init3        0x08000631  0x28  Code  Gb  data_init.o [5]
__iar_init_vfp          0x08000659        Code  Gb  fpinit_M.o [4]
__iar_program_start     0x08000705        Code  Gb  cstartup_M.o [5]
__low_level_init        0x080006ab   0x4  Code  Gb  low_level_init.o [3]
__vector_table          0x08000000        Data  Gb  startup_stm32f40xx.o [1]
_call_main              0x0800069d        Code  Gb  cmain.o [5]
_exit                   0x080006bd        Code  Gb  cexit.o [5]
_main                   0x080006a7        Code  Gb  cmain.o [5]
exit                    0x080006b9   0x4  Code  Gb  exit.o [3]
main                    0x080006af   0xa  Code  Gb  main.o [1]
task1                   0x08000565  0x88  Code  Gb  task1.o [1]


[1] = C:\proj\micro_apps\arm\7.80.3\ST\STM32F4xx\STM32F4xx_DSP_StdPeriph_Lib\Project\Lab9\EWARM\STM324xG_EVAL\Obj
[2] = command line
[3] = dl7M_tln.a
[4] = m7M_tls.a
[5] = rt7M_tl.a
[6] = shb_l.a

  2 146 bytes of readonly  code memory
     30 bytes of readonly  data memory
  8 200 bytes of readwrite data memory

Errors: none
Warnings: none
