###############################################################################
#
# IAR ELF Linker V7.80.3.12102/W32 for ARM                13/Mar/2017  21:39:55
# Copyright 2007-2016 IAR Systems AB.
#
#    Output file  =  
#        C:\Users\ecelab\Desktop\micro_apps\arm\7.80.3\ST\STM32F4xx\STM32F4xx_DSP_StdPeriph_Lib\Project\Lab7\EWARM\STM324xG_EVAL\Exe\Project.out
#    Map file     =  
#        C:\Users\ecelab\Desktop\micro_apps\arm\7.80.3\ST\STM32F4xx\STM32F4xx_DSP_StdPeriph_Lib\Project\Lab7\EWARM\STM324xG_EVAL\List\Project.map
#    Command line =  
#        C:\Users\ecelab\Desktop\micro_apps\arm\7.80.3\ST\STM32F4xx\STM32F4xx_DSP_StdPeriph_Lib\Project\Lab7\EWARM\STM324xG_EVAL\Obj\main.o
#        C:\Users\ecelab\Desktop\micro_apps\arm\7.80.3\ST\STM32F4xx\STM32F4xx_DSP_StdPeriph_Lib\Project\Lab7\EWARM\STM324xG_EVAL\Obj\misc.o
#        C:\Users\ecelab\Desktop\micro_apps\arm\7.80.3\ST\STM32F4xx\STM32F4xx_DSP_StdPeriph_Lib\Project\Lab7\EWARM\STM324xG_EVAL\Obj\prelab_task1.o
#        C:\Users\ecelab\Desktop\micro_apps\arm\7.80.3\ST\STM32F4xx\STM32F4xx_DSP_StdPeriph_Lib\Project\Lab7\EWARM\STM324xG_EVAL\Obj\prelab_task2.o
#        C:\Users\ecelab\Desktop\micro_apps\arm\7.80.3\ST\STM32F4xx\STM32F4xx_DSP_StdPeriph_Lib\Project\Lab7\EWARM\STM324xG_EVAL\Obj\prelab_task3.o
#        C:\Users\ecelab\Desktop\micro_apps\arm\7.80.3\ST\STM32F4xx\STM32F4xx_DSP_StdPeriph_Lib\Project\Lab7\EWARM\STM324xG_EVAL\Obj\startup_stm32f40xx.o
#        C:\Users\ecelab\Desktop\micro_apps\arm\7.80.3\ST\STM32F4xx\STM32F4xx_DSP_StdPeriph_Lib\Project\Lab7\EWARM\STM324xG_EVAL\Obj\stm324xg_eval.o
#        C:\Users\ecelab\Desktop\micro_apps\arm\7.80.3\ST\STM32F4xx\STM32F4xx_DSP_StdPeriph_Lib\Project\Lab7\EWARM\STM324xG_EVAL\Obj\stm324xg_eval_fsmc_sram.o
#        C:\Users\ecelab\Desktop\micro_apps\arm\7.80.3\ST\STM32F4xx\STM32F4xx_DSP_StdPeriph_Lib\Project\Lab7\EWARM\STM324xG_EVAL\Obj\stm324xg_eval_ioe.o
#        C:\Users\ecelab\Desktop\micro_apps\arm\7.80.3\ST\STM32F4xx\STM32F4xx_DSP_StdPeriph_Lib\Project\Lab7\EWARM\STM324xG_EVAL\Obj\stm324xg_eval_lcd.o
#        C:\Users\ecelab\Desktop\micro_apps\arm\7.80.3\ST\STM32F4xx\STM32F4xx_DSP_StdPeriph_Lib\Project\Lab7\EWARM\STM324xG_EVAL\Obj\stm32f4xx_adc.o
#        C:\Users\ecelab\Desktop\micro_apps\arm\7.80.3\ST\STM32F4xx\STM32F4xx_DSP_StdPeriph_Lib\Project\Lab7\EWARM\STM324xG_EVAL\Obj\stm32f4xx_can.o
#        C:\Users\ecelab\Desktop\micro_apps\arm\7.80.3\ST\STM32F4xx\STM32F4xx_DSP_StdPeriph_Lib\Project\Lab7\EWARM\STM324xG_EVAL\Obj\stm32f4xx_crc.o
#        C:\Users\ecelab\Desktop\micro_apps\arm\7.80.3\ST\STM32F4xx\STM32F4xx_DSP_StdPeriph_Lib\Project\Lab7\EWARM\STM324xG_EVAL\Obj\stm32f4xx_cryp.o
#        C:\Users\ecelab\Desktop\micro_apps\arm\7.80.3\ST\STM32F4xx\STM32F4xx_DSP_StdPeriph_Lib\Project\Lab7\EWARM\STM324xG_EVAL\Obj\stm32f4xx_cryp_aes.o
#        C:\Users\ecelab\Desktop\micro_apps\arm\7.80.3\ST\STM32F4xx\STM32F4xx_DSP_StdPeriph_Lib\Project\Lab7\EWARM\STM324xG_EVAL\Obj\stm32f4xx_cryp_des.o
#        C:\Users\ecelab\Desktop\micro_apps\arm\7.80.3\ST\STM32F4xx\STM32F4xx_DSP_StdPeriph_Lib\Project\Lab7\EWARM\STM324xG_EVAL\Obj\stm32f4xx_cryp_tdes.o
#        C:\Users\ecelab\Desktop\micro_apps\arm\7.80.3\ST\STM32F4xx\STM32F4xx_DSP_StdPeriph_Lib\Project\Lab7\EWARM\STM324xG_EVAL\Obj\stm32f4xx_dac.o
#        C:\Users\ecelab\Desktop\micro_apps\arm\7.80.3\ST\STM32F4xx\STM32F4xx_DSP_StdPeriph_Lib\Project\Lab7\EWARM\STM324xG_EVAL\Obj\stm32f4xx_dbgmcu.o
#        C:\Users\ecelab\Desktop\micro_apps\arm\7.80.3\ST\STM32F4xx\STM32F4xx_DSP_StdPeriph_Lib\Project\Lab7\EWARM\STM324xG_EVAL\Obj\stm32f4xx_dcmi.o
#        C:\Users\ecelab\Desktop\micro_apps\arm\7.80.3\ST\STM32F4xx\STM32F4xx_DSP_StdPeriph_Lib\Project\Lab7\EWARM\STM324xG_EVAL\Obj\stm32f4xx_dma.o
#        C:\Users\ecelab\Desktop\micro_apps\arm\7.80.3\ST\STM32F4xx\STM32F4xx_DSP_StdPeriph_Lib\Project\Lab7\EWARM\STM324xG_EVAL\Obj\stm32f4xx_exti.o
#        C:\Users\ecelab\Desktop\micro_apps\arm\7.80.3\ST\STM32F4xx\STM32F4xx_DSP_StdPeriph_Lib\Project\Lab7\EWARM\STM324xG_EVAL\Obj\stm32f4xx_flash.o
#        C:\Users\ecelab\Desktop\micro_apps\arm\7.80.3\ST\STM32F4xx\STM32F4xx_DSP_StdPeriph_Lib\Project\Lab7\EWARM\STM324xG_EVAL\Obj\stm32f4xx_fsmc.o
#        C:\Users\ecelab\Desktop\micro_apps\arm\7.80.3\ST\STM32F4xx\STM32F4xx_DSP_StdPeriph_Lib\Project\Lab7\EWARM\STM324xG_EVAL\Obj\stm32f4xx_gpio.o
#        C:\Users\ecelab\Desktop\micro_apps\arm\7.80.3\ST\STM32F4xx\STM32F4xx_DSP_StdPeriph_Lib\Project\Lab7\EWARM\STM324xG_EVAL\Obj\stm32f4xx_hash.o
#        C:\Users\ecelab\Desktop\micro_apps\arm\7.80.3\ST\STM32F4xx\STM32F4xx_DSP_StdPeriph_Lib\Project\Lab7\EWARM\STM324xG_EVAL\Obj\stm32f4xx_hash_md5.o
#        C:\Users\ecelab\Desktop\micro_apps\arm\7.80.3\ST\STM32F4xx\STM32F4xx_DSP_StdPeriph_Lib\Project\Lab7\EWARM\STM324xG_EVAL\Obj\stm32f4xx_hash_sha1.o
#        C:\Users\ecelab\Desktop\micro_apps\arm\7.80.3\ST\STM32F4xx\STM32F4xx_DSP_StdPeriph_Lib\Project\Lab7\EWARM\STM324xG_EVAL\Obj\stm32f4xx_i2c.o
#        C:\Users\ecelab\Desktop\micro_apps\arm\7.80.3\ST\STM32F4xx\STM32F4xx_DSP_StdPeriph_Lib\Project\Lab7\EWARM\STM324xG_EVAL\Obj\stm32f4xx_it.o
#        C:\Users\ecelab\Desktop\micro_apps\arm\7.80.3\ST\STM32F4xx\STM32F4xx_DSP_StdPeriph_Lib\Project\Lab7\EWARM\STM324xG_EVAL\Obj\stm32f4xx_iwdg.o
#        C:\Users\ecelab\Desktop\micro_apps\arm\7.80.3\ST\STM32F4xx\STM32F4xx_DSP_StdPeriph_Lib\Project\Lab7\EWARM\STM324xG_EVAL\Obj\stm32f4xx_pwr.o
#        C:\Users\ecelab\Desktop\micro_apps\arm\7.80.3\ST\STM32F4xx\STM32F4xx_DSP_StdPeriph_Lib\Project\Lab7\EWARM\STM324xG_EVAL\Obj\stm32f4xx_rcc.o
#        C:\Users\ecelab\Desktop\micro_apps\arm\7.80.3\ST\STM32F4xx\STM32F4xx_DSP_StdPeriph_Lib\Project\Lab7\EWARM\STM324xG_EVAL\Obj\stm32f4xx_rng.o
#        C:\Users\ecelab\Desktop\micro_apps\arm\7.80.3\ST\STM32F4xx\STM32F4xx_DSP_StdPeriph_Lib\Project\Lab7\EWARM\STM324xG_EVAL\Obj\stm32f4xx_rtc.o
#        C:\Users\ecelab\Desktop\micro_apps\arm\7.80.3\ST\STM32F4xx\STM32F4xx_DSP_StdPeriph_Lib\Project\Lab7\EWARM\STM324xG_EVAL\Obj\stm32f4xx_sdio.o
#        C:\Users\ecelab\Desktop\micro_apps\arm\7.80.3\ST\STM32F4xx\STM32F4xx_DSP_StdPeriph_Lib\Project\Lab7\EWARM\STM324xG_EVAL\Obj\stm32f4xx_spi.o
#        C:\Users\ecelab\Desktop\micro_apps\arm\7.80.3\ST\STM32F4xx\STM32F4xx_DSP_StdPeriph_Lib\Project\Lab7\EWARM\STM324xG_EVAL\Obj\stm32f4xx_syscfg.o
#        C:\Users\ecelab\Desktop\micro_apps\arm\7.80.3\ST\STM32F4xx\STM32F4xx_DSP_StdPeriph_Lib\Project\Lab7\EWARM\STM324xG_EVAL\Obj\stm32f4xx_tim.o
#        C:\Users\ecelab\Desktop\micro_apps\arm\7.80.3\ST\STM32F4xx\STM32F4xx_DSP_StdPeriph_Lib\Project\Lab7\EWARM\STM324xG_EVAL\Obj\stm32f4xx_usart.o
#        C:\Users\ecelab\Desktop\micro_apps\arm\7.80.3\ST\STM32F4xx\STM32F4xx_DSP_StdPeriph_Lib\Project\Lab7\EWARM\STM324xG_EVAL\Obj\stm32f4xx_wwdg.o
#        C:\Users\ecelab\Desktop\micro_apps\arm\7.80.3\ST\STM32F4xx\STM32F4xx_DSP_StdPeriph_Lib\Project\Lab7\EWARM\STM324xG_EVAL\Obj\system_stm32f4xx.o
#        C:\Users\ecelab\Desktop\micro_apps\arm\7.80.3\ST\STM32F4xx\STM32F4xx_DSP_StdPeriph_Lib\Project\Lab7\EWARM\STM324xG_EVAL\Obj\task1.o
#        C:\Users\ecelab\Desktop\micro_apps\arm\7.80.3\ST\STM32F4xx\STM32F4xx_DSP_StdPeriph_Lib\Project\Lab7\EWARM\STM324xG_EVAL\Obj\task2.o
#        C:\Users\ecelab\Desktop\micro_apps\arm\7.80.3\ST\STM32F4xx\STM32F4xx_DSP_StdPeriph_Lib\Project\Lab7\EWARM\STM324xG_EVAL\Obj\task3.o
#        --redirect _Printf=_PrintfSmall --redirect _Scanf=_ScanfSmall -o
#        C:\Users\ecelab\Desktop\micro_apps\arm\7.80.3\ST\STM32F4xx\STM32F4xx_DSP_StdPeriph_Lib\Project\Lab7\EWARM\STM324xG_EVAL\Exe\Project.out
#        --map
#        C:\Users\ecelab\Desktop\micro_apps\arm\7.80.3\ST\STM32F4xx\STM32F4xx_DSP_StdPeriph_Lib\Project\Lab7\EWARM\STM324xG_EVAL\List\Project.map
#        --config "C:\Program Files (x86)\IAR Systems\Embedded Workbench
#        7.5\arm\config\linker\ST\stm32f407xG.icf" --semihosting --entry
#        __iar_program_start --vfe
#
###############################################################################

*******************************************************************************
*** RUNTIME MODEL ATTRIBUTES
***

CppFlavor       = *
__SystemLibrary = DLib


*******************************************************************************
*** PLACEMENT SUMMARY
***

"A0":  place at 0x08000000 { ro section .intvec };
"P1":  place in [from 0x08000000 to 0x080fffff] { ro };
"P3":  place in [from 0x10000000 to 0x1000ffff] { block CSTACK, section .ccram };
"P4":  place in [from 0x20000000 to 0x2001bfff] |
                [from 0x2001c000 to 0x2001ffff] { rw, block HEAP };

  Section          Kind        Address    Size  Object
  -------          ----        -------    ----  ------
"A0":                                    0x188
  .intvec          ro code  0x08000000   0x188  startup_stm32f40xx.o [1]
                          - 0x08000188   0x188

"P1":                                    0xdc0
  .text            ro code  0x08000188   0x1da  stm32f4xx_adc.o [1]
  .text            ro code  0x08000364   0x1a2  DblMul.o [4]
  .text            ro code  0x08000508   0x16c  DblSub.o [4]
  .text            ro code  0x08000674   0x154  system_stm32f4xx.o [1]
  .text            ro code  0x080007c8   0x126  task3.o [1]
  .text            ro code  0x080008f0    0x1c  I32ToDbl.o [4]
  .text            ro code  0x0800090c    0xe8  DblAdd.o [4]
  .text            ro code  0x080009f4    0x4c  DblToI32.o [4]
  .text            ro code  0x08000a40    0x7c  stm32f4xx_dac.o [1]
  .text            ro code  0x08000abc    0x70  misc.o [1]
  .text            ro code  0x08000b2c    0x6c  stm32f4xx_rcc.o [1]
  .text            ro code  0x08000b98    0xa4  stm32f4xx_gpio.o [1]
  .text            ro code  0x08000c3c    0x74  stm32f4xx_it.o [1]
  .text            ro code  0x08000cb0    0x30  stm32f4xx_tim.o [1]
  .text            ro code  0x08000ce0    0x40  zero_init3.o [5]
  .text            ro code  0x08000d20    0x28  data_init.o [5]
  .text            ro code  0x08000d48    0x22  fpinit_M.o [4]
  .iar.init_table  const    0x08000d6c    0x10  - Linker created -
  .text            ro code  0x08000d7c    0x1a  cmain.o [5]
  .text            ro code  0x08000d96     0x4  low_level_init.o [3]
  .text            ro code  0x08000d9a     0x8  main.o [1]
  .text            ro code  0x08000da2     0x4  exit.o [3]
  .text            ro code  0x08000da8     0xa  cexit.o [5]
  .text            ro code  0x08000db4    0x14  exit.o [6]
  .text            ro code  0x08000dc8    0x10  startup_stm32f40xx.o [1]
  .text            ro code  0x08000dd8     0xc  cstartup_M.o [5]
  .text            ro code  0x08000de4     0x4  startup_stm32f40xx.o [1]
  .text            ro code  0x08000de8     0x4  startup_stm32f40xx.o [1]
  .text            ro code  0x08000dec     0x4  startup_stm32f40xx.o [1]
  .text            ro code  0x08000df0     0x4  startup_stm32f40xx.o [1]
  .text            ro code  0x08000df4     0x4  startup_stm32f40xx.o [1]
  .text            ro code  0x08000df8     0x4  startup_stm32f40xx.o [1]
  .text            ro code  0x08000dfc     0x4  startup_stm32f40xx.o [1]
  .text            ro code  0x08000e00     0x4  startup_stm32f40xx.o [1]
  .text            ro code  0x08000e04     0x4  startup_stm32f40xx.o [1]
  .text            ro code  0x08000e08     0x4  startup_stm32f40xx.o [1]
  .text            ro code  0x08000e0c     0x4  startup_stm32f40xx.o [1]
  .text            ro code  0x08000e10     0x4  startup_stm32f40xx.o [1]
  .text            ro code  0x08000e14     0x4  startup_stm32f40xx.o [1]
  .text            ro code  0x08000e18     0x4  startup_stm32f40xx.o [1]
  .text            ro code  0x08000e1c     0x4  startup_stm32f40xx.o [1]
  .text            ro code  0x08000e20     0x4  startup_stm32f40xx.o [1]
  .text            ro code  0x08000e24     0x4  startup_stm32f40xx.o [1]
  .text            ro code  0x08000e28     0x4  startup_stm32f40xx.o [1]
  .text            ro code  0x08000e2c     0x4  startup_stm32f40xx.o [1]
  .text            ro code  0x08000e30     0x4  startup_stm32f40xx.o [1]
  .text            ro code  0x08000e34     0x4  startup_stm32f40xx.o [1]
  .text            ro code  0x08000e38     0x4  startup_stm32f40xx.o [1]
  .text            ro code  0x08000e3c     0x4  startup_stm32f40xx.o [1]
  .text            ro code  0x08000e40     0x4  startup_stm32f40xx.o [1]
  .text            ro code  0x08000e44     0x4  startup_stm32f40xx.o [1]
  .text            ro code  0x08000e48     0x4  startup_stm32f40xx.o [1]
  .text            ro code  0x08000e4c     0x4  startup_stm32f40xx.o [1]
  .text            ro code  0x08000e50     0x4  startup_stm32f40xx.o [1]
  .text            ro code  0x08000e54     0x4  startup_stm32f40xx.o [1]
  .text            ro code  0x08000e58     0x4  startup_stm32f40xx.o [1]
  .text            ro code  0x08000e5c     0x4  startup_stm32f40xx.o [1]
  .text            ro code  0x08000e60     0x4  startup_stm32f40xx.o [1]
  .text            ro code  0x08000e64     0x4  startup_stm32f40xx.o [1]
  .text            ro code  0x08000e68     0x4  startup_stm32f40xx.o [1]
  .text            ro code  0x08000e6c     0x4  startup_stm32f40xx.o [1]
  .text            ro code  0x08000e70     0x4  startup_stm32f40xx.o [1]
  .text            ro code  0x08000e74     0x4  startup_stm32f40xx.o [1]
  .text            ro code  0x08000e78     0x4  startup_stm32f40xx.o [1]
  .text            ro code  0x08000e7c     0x4  startup_stm32f40xx.o [1]
  .text            ro code  0x08000e80     0x4  startup_stm32f40xx.o [1]
  .text            ro code  0x08000e84     0x4  startup_stm32f40xx.o [1]
  .text            ro code  0x08000e88     0x4  startup_stm32f40xx.o [1]
  .text            ro code  0x08000e8c     0x4  startup_stm32f40xx.o [1]
  .text            ro code  0x08000e90     0x4  startup_stm32f40xx.o [1]
  .text            ro code  0x08000e94     0x4  startup_stm32f40xx.o [1]
  .text            ro code  0x08000e98     0x4  startup_stm32f40xx.o [1]
  .text            ro code  0x08000e9c     0x4  startup_stm32f40xx.o [1]
  .text            ro code  0x08000ea0     0x4  startup_stm32f40xx.o [1]
  .text            ro code  0x08000ea4     0x4  startup_stm32f40xx.o [1]
  .text            ro code  0x08000ea8     0x4  startup_stm32f40xx.o [1]
  .text            ro code  0x08000eac     0x4  startup_stm32f40xx.o [1]
  .text            ro code  0x08000eb0     0x4  startup_stm32f40xx.o [1]
  .text            ro code  0x08000eb4     0x4  startup_stm32f40xx.o [1]
  .text            ro code  0x08000eb8     0x4  startup_stm32f40xx.o [1]
  .text            ro code  0x08000ebc     0x4  startup_stm32f40xx.o [1]
  .text            ro code  0x08000ec0     0x4  startup_stm32f40xx.o [1]
  .text            ro code  0x08000ec4     0x4  startup_stm32f40xx.o [1]
  .text            ro code  0x08000ec8     0x4  startup_stm32f40xx.o [1]
  .text            ro code  0x08000ecc     0x4  startup_stm32f40xx.o [1]
  .text            ro code  0x08000ed0     0x4  startup_stm32f40xx.o [1]
  .text            ro code  0x08000ed4     0x4  startup_stm32f40xx.o [1]
  .text            ro code  0x08000ed8     0x4  startup_stm32f40xx.o [1]
  .text            ro code  0x08000edc     0x4  startup_stm32f40xx.o [1]
  .text            ro code  0x08000ee0     0x4  startup_stm32f40xx.o [1]
  .text            ro code  0x08000ee4     0x4  startup_stm32f40xx.o [1]
  .text            ro code  0x08000ee8     0x4  startup_stm32f40xx.o [1]
  .text            ro code  0x08000eec     0x4  startup_stm32f40xx.o [1]
  .text            ro code  0x08000ef0     0x4  startup_stm32f40xx.o [1]
  .text            ro code  0x08000ef4     0x4  startup_stm32f40xx.o [1]
  .text            ro code  0x08000ef8     0x4  startup_stm32f40xx.o [1]
  .text            ro code  0x08000efc     0x4  startup_stm32f40xx.o [1]
  .text            ro code  0x08000f00     0x4  startup_stm32f40xx.o [1]
  .text            ro code  0x08000f04     0x4  startup_stm32f40xx.o [1]
  .text            ro code  0x08000f08     0x4  startup_stm32f40xx.o [1]
  .text            ro code  0x08000f0c     0x4  startup_stm32f40xx.o [1]
  .text            ro code  0x08000f10     0x4  startup_stm32f40xx.o [1]
  .text            ro code  0x08000f14     0x4  startup_stm32f40xx.o [1]
  .text            ro code  0x08000f18     0x4  startup_stm32f40xx.o [1]
  .text            ro code  0x08000f1c     0x4  startup_stm32f40xx.o [1]
  .text            ro code  0x08000f20     0x4  startup_stm32f40xx.o [1]
  .text            ro code  0x08000f24     0x4  startup_stm32f40xx.o [1]
  .text            ro code  0x08000f28     0x4  startup_stm32f40xx.o [1]
  .text            ro code  0x08000f2c     0x4  startup_stm32f40xx.o [1]
  .text            ro code  0x08000f30     0x4  startup_stm32f40xx.o [1]
  .text            ro code  0x08000f34     0x4  startup_stm32f40xx.o [1]
  .text            ro code  0x08000f38     0x4  startup_stm32f40xx.o [1]
  .text            ro code  0x08000f3c     0x4  startup_stm32f40xx.o [1]
  .text            ro code  0x08000f40     0x4  startup_stm32f40xx.o [1]
  .text            ro code  0x08000f44     0x4  startup_stm32f40xx.o [1]
  .rodata          const    0x08000f48     0x0  zero_init3.o [5]
                          - 0x08000f48   0xdc0

"P3":                                   0x2000
  CSTACK                    0x10000000  0x2000  <Block>
    CSTACK         uninit   0x10000000  0x2000  <Block tail>
                          - 0x10002000  0x2000

"P4":                                      0x4
  .bss             zero     0x20000000     0x2  main.o [1]
  .bss             zero     0x20000002     0x2  task1.o [1]
                          - 0x20000004     0x4


*******************************************************************************
*** INIT TABLE
***

          Address     Size
          -------     ----
Zero (__iar_zero_init3)
    1 destination range, total size 0x4:
          0x20000000   0x4



*******************************************************************************
*** MODULE SUMMARY
***

    Module                ro code  ro data  rw data
    ------                -------  -------  -------
C:\Users\ecelab\Desktop\micro_apps\arm\7.80.3\ST\STM32F4xx\STM32F4xx_DSP_StdPeriph_Lib\Project\Lab7\EWARM\STM324xG_EVAL\Obj: [1]
    main.o                      8                 2
    misc.o                    112
    startup_stm32f40xx.o      764
    stm32f4xx_adc.o           474
    stm32f4xx_dac.o           124
    stm32f4xx_gpio.o          164
    stm32f4xx_it.o            116
    stm32f4xx_rcc.o           108
    stm32f4xx_tim.o            48
    system_stm32f4xx.o        340
    task1.o                                       2
    task3.o                   294
    -----------------------------------------------
    Total:                  2 552                 4

command line: [2]
    -----------------------------------------------
    Total:

dl7M_tln.a: [3]
    exit.o                      4
    low_level_init.o            4
    -----------------------------------------------
    Total:                      8

m7M_tls.a: [4]
    DblAdd.o                  232
    DblMul.o                  418
    DblSub.o                  364
    DblToI32.o                 76
    I32ToDbl.o                 28
    fpinit_M.o                 34
    -----------------------------------------------
    Total:                  1 152

rt7M_tl.a: [5]
    cexit.o                    10
    cmain.o                    26
    cstartup_M.o               12
    data_init.o                40
    zero_init3.o               64
    -----------------------------------------------
    Total:                    152

shb_l.a: [6]
    exit.o                     20
    -----------------------------------------------
    Total:                     20

    Gaps                       10        2
    Linker created                      16    8 192
---------------------------------------------------
    Grand Total:            3 894       18    8 196


*******************************************************************************
*** ENTRY LIST
***

Entry                      Address  Size  Type      Object
-----                      -------  ----  ----      ------
.iar.init_table$$Base   0x08000d6c         --   Gb  - Linker created -
.iar.init_table$$Limit  0x08000d7c         --   Gb  - Linker created -
?main                   0x08000d7d        Code  Gb  cmain.o [5]
ADCInputValue           0x20000000   0x2  Data  Gb  main.o [1]
ADC_ClearITPendingBit   0x08000355   0xe  Code  Gb  stm32f4xx_adc.o [1]
ADC_Cmd                 0x080001f3  0x1a  Code  Gb  stm32f4xx_adc.o [1]
ADC_CommonInit          0x080001d3  0x20  Code  Gb  stm32f4xx_adc.o [1]
ADC_Config              0x08000801  0xac  Code  Lc  task3.o [1]
ADC_GetConversionValue  0x080002eb   0x6  Code  Gb  stm32f4xx_adc.o [1]
ADC_GetITStatus         0x08000323  0x32  Code  Gb  stm32f4xx_adc.o [1]
ADC_IRQHandler          0x08000c77  0x2c  Code  Gb  stm32f4xx_it.o [1]
ADC_ITConfig            0x08000301  0x22  Code  Gb  stm32f4xx_adc.o [1]
ADC_Init                0x08000189  0x4a  Code  Gb  stm32f4xx_adc.o [1]
ADC_RegularChannelConfig
                        0x0800020d  0xd4  Code  Gb  stm32f4xx_adc.o [1]
ADC_SoftwareStartConv   0x080002e1   0xa  Code  Gb  stm32f4xx_adc.o [1]
CSTACK$$Base            0x10000000         --   Gb  - Linker created -
CSTACK$$Limit           0x10002000         --   Gb  - Linker created -
DAC_Cmd                 0x08000a6f  0x2c  Code  Gb  stm32f4xx_dac.o [1]
DAC_Config              0x080008c1  0x2e  Code  Lc  task3.o [1]
DAC_Init                0x08000a41  0x2e  Code  Gb  stm32f4xx_dac.o [1]
DAC_SetChannel1Data     0x08000a9b  0x1c  Code  Gb  stm32f4xx_dac.o [1]
GPIO_Init               0x08000b99  0xa4  Code  Gb  stm32f4xx_gpio.o [1]
NVIC_Init               0x08000abd  0x60  Code  Gb  misc.o [1]
RCC_AHB1PeriphClockCmd  0x08000b2d  0x20  Code  Gb  stm32f4xx_rcc.o [1]
RCC_APB1PeriphClockCmd  0x08000b4d  0x20  Code  Gb  stm32f4xx_rcc.o [1]
RCC_APB2PeriphClockCmd  0x08000b6d  0x20  Code  Gb  stm32f4xx_rcc.o [1]
Region$$Table$$Base     0x08000d6c         --   Gb  - Linker created -
Region$$Table$$Limit    0x08000d7c         --   Gb  - Linker created -
SawtoothValue           0x20000002   0x2  Data  Gb  task1.o [1]
SetSysClock             0x080006c7  0xce  Code  Lc  system_stm32f4xx.o [1]
SystemInit              0x08000675  0x52  Code  Gb  system_stm32f4xx.o [1]
TIM2_IRQHandler         0x08000c3d  0x3a  Code  Gb  stm32f4xx_it.o [1]
TIM_ClearITPendingBit   0x08000cd9   0x8  Code  Gb  stm32f4xx_tim.o [1]
TIM_GetITStatus         0x08000cb1  0x28  Code  Gb  stm32f4xx_tim.o [1]
__aeabi_d2iz            0x080009f5        Code  Gb  DblToI32.o [4]
__aeabi_dadd            0x0800090d        Code  Gb  DblAdd.o [4]
__aeabi_dmul            0x08000365        Code  Gb  DblMul.o [4]
__aeabi_ui2d            0x080008f1        Code  Gb  I32ToDbl.o [4]
__cmain                 0x08000d7d        Code  Gb  cmain.o [5]
__exit                  0x08000db5  0x14  Code  Gb  exit.o [6]
__iar_d2uiz             0x08000a21        Code  Gb  DblToI32.o [4]
__iar_dadd              0x08000921        Code  Gb  DblAdd.o [4]
__iar_data_init3        0x08000d21  0x28  Code  Gb  data_init.o [5]
__iar_dsub              0x08000509        Code  Gb  DblSub.o [4]
__iar_dsubStart         0x0800051b        Code  Gb  DblSub.o [4]
__iar_init_vfp          0x08000d49        Code  Gb  fpinit_M.o [4]
__iar_program_start     0x08000dd9        Code  Gb  cstartup_M.o [5]
__iar_ui2d              0x080008f5        Code  Gb  I32ToDbl.o [4]
__iar_zero_init3        0x08000ce1  0x40  Code  Gb  zero_init3.o [5]
__low_level_init        0x08000d97   0x4  Code  Gb  low_level_init.o [3]
__vector_table          0x08000000        Data  Gb  startup_stm32f40xx.o [1]
_call_main              0x08000d89        Code  Gb  cmain.o [5]
_exit                   0x08000da9        Code  Gb  cexit.o [5]
_main                   0x08000d93        Code  Gb  cmain.o [5]
exit                    0x08000da3   0x4  Code  Gb  exit.o [3]
main                    0x08000d9b   0x8  Code  Gb  main.o [1]
task3                   0x080007c9  0x38  Code  Gb  task3.o [1]


[1] = C:\Users\ecelab\Desktop\micro_apps\arm\7.80.3\ST\STM32F4xx\STM32F4xx_DSP_StdPeriph_Lib\Project\Lab7\EWARM\STM324xG_EVAL\Obj
[2] = command line
[3] = dl7M_tln.a
[4] = m7M_tls.a
[5] = rt7M_tl.a
[6] = shb_l.a

  3 894 bytes of readonly  code memory
     18 bytes of readonly  data memory
  8 196 bytes of readwrite data memory

Errors: none
Warnings: none
