###############################################################################
#
# IAR ELF Linker V7.80.3.12102/W32 for ARM                20/Mar/2017  17:25:37
# Copyright 2007-2016 IAR Systems AB.
#
#    Output file  =  
#        C:\Users\ecelab\Desktop\micro_apps\arm\7.80.3\ST\STM32F4xx\STM32F4xx_DSP_StdPeriph_Lib\Project\Lab8\EWARM\STM324xG_EVAL\Exe\Project.out
#    Map file     =  
#        C:\Users\ecelab\Desktop\micro_apps\arm\7.80.3\ST\STM32F4xx\STM32F4xx_DSP_StdPeriph_Lib\Project\Lab8\EWARM\STM324xG_EVAL\List\Project.map
#    Command line =  
#        C:\Users\ecelab\Desktop\micro_apps\arm\7.80.3\ST\STM32F4xx\STM32F4xx_DSP_StdPeriph_Lib\Project\Lab8\EWARM\STM324xG_EVAL\Obj\delay.o
#        C:\Users\ecelab\Desktop\micro_apps\arm\7.80.3\ST\STM32F4xx\STM32F4xx_DSP_StdPeriph_Lib\Project\Lab8\EWARM\STM324xG_EVAL\Obj\lcd.o
#        C:\Users\ecelab\Desktop\micro_apps\arm\7.80.3\ST\STM32F4xx\STM32F4xx_DSP_StdPeriph_Lib\Project\Lab8\EWARM\STM324xG_EVAL\Obj\main.o
#        C:\Users\ecelab\Desktop\micro_apps\arm\7.80.3\ST\STM32F4xx\STM32F4xx_DSP_StdPeriph_Lib\Project\Lab8\EWARM\STM324xG_EVAL\Obj\misc.o
#        C:\Users\ecelab\Desktop\micro_apps\arm\7.80.3\ST\STM32F4xx\STM32F4xx_DSP_StdPeriph_Lib\Project\Lab8\EWARM\STM324xG_EVAL\Obj\startup_stm32f40xx.o
#        C:\Users\ecelab\Desktop\micro_apps\arm\7.80.3\ST\STM32F4xx\STM32F4xx_DSP_StdPeriph_Lib\Project\Lab8\EWARM\STM324xG_EVAL\Obj\stm324xg_eval.o
#        C:\Users\ecelab\Desktop\micro_apps\arm\7.80.3\ST\STM32F4xx\STM32F4xx_DSP_StdPeriph_Lib\Project\Lab8\EWARM\STM324xG_EVAL\Obj\stm324xg_eval_fsmc_sram.o
#        C:\Users\ecelab\Desktop\micro_apps\arm\7.80.3\ST\STM32F4xx\STM32F4xx_DSP_StdPeriph_Lib\Project\Lab8\EWARM\STM324xG_EVAL\Obj\stm324xg_eval_ioe.o
#        C:\Users\ecelab\Desktop\micro_apps\arm\7.80.3\ST\STM32F4xx\STM32F4xx_DSP_StdPeriph_Lib\Project\Lab8\EWARM\STM324xG_EVAL\Obj\stm324xg_eval_lcd.o
#        C:\Users\ecelab\Desktop\micro_apps\arm\7.80.3\ST\STM32F4xx\STM32F4xx_DSP_StdPeriph_Lib\Project\Lab8\EWARM\STM324xG_EVAL\Obj\stm32f4xx_adc.o
#        C:\Users\ecelab\Desktop\micro_apps\arm\7.80.3\ST\STM32F4xx\STM32F4xx_DSP_StdPeriph_Lib\Project\Lab8\EWARM\STM324xG_EVAL\Obj\stm32f4xx_can.o
#        C:\Users\ecelab\Desktop\micro_apps\arm\7.80.3\ST\STM32F4xx\STM32F4xx_DSP_StdPeriph_Lib\Project\Lab8\EWARM\STM324xG_EVAL\Obj\stm32f4xx_crc.o
#        C:\Users\ecelab\Desktop\micro_apps\arm\7.80.3\ST\STM32F4xx\STM32F4xx_DSP_StdPeriph_Lib\Project\Lab8\EWARM\STM324xG_EVAL\Obj\stm32f4xx_cryp.o
#        C:\Users\ecelab\Desktop\micro_apps\arm\7.80.3\ST\STM32F4xx\STM32F4xx_DSP_StdPeriph_Lib\Project\Lab8\EWARM\STM324xG_EVAL\Obj\stm32f4xx_cryp_aes.o
#        C:\Users\ecelab\Desktop\micro_apps\arm\7.80.3\ST\STM32F4xx\STM32F4xx_DSP_StdPeriph_Lib\Project\Lab8\EWARM\STM324xG_EVAL\Obj\stm32f4xx_cryp_des.o
#        C:\Users\ecelab\Desktop\micro_apps\arm\7.80.3\ST\STM32F4xx\STM32F4xx_DSP_StdPeriph_Lib\Project\Lab8\EWARM\STM324xG_EVAL\Obj\stm32f4xx_cryp_tdes.o
#        C:\Users\ecelab\Desktop\micro_apps\arm\7.80.3\ST\STM32F4xx\STM32F4xx_DSP_StdPeriph_Lib\Project\Lab8\EWARM\STM324xG_EVAL\Obj\stm32f4xx_dac.o
#        C:\Users\ecelab\Desktop\micro_apps\arm\7.80.3\ST\STM32F4xx\STM32F4xx_DSP_StdPeriph_Lib\Project\Lab8\EWARM\STM324xG_EVAL\Obj\stm32f4xx_dbgmcu.o
#        C:\Users\ecelab\Desktop\micro_apps\arm\7.80.3\ST\STM32F4xx\STM32F4xx_DSP_StdPeriph_Lib\Project\Lab8\EWARM\STM324xG_EVAL\Obj\stm32f4xx_dcmi.o
#        C:\Users\ecelab\Desktop\micro_apps\arm\7.80.3\ST\STM32F4xx\STM32F4xx_DSP_StdPeriph_Lib\Project\Lab8\EWARM\STM324xG_EVAL\Obj\stm32f4xx_dma.o
#        C:\Users\ecelab\Desktop\micro_apps\arm\7.80.3\ST\STM32F4xx\STM32F4xx_DSP_StdPeriph_Lib\Project\Lab8\EWARM\STM324xG_EVAL\Obj\stm32f4xx_exti.o
#        C:\Users\ecelab\Desktop\micro_apps\arm\7.80.3\ST\STM32F4xx\STM32F4xx_DSP_StdPeriph_Lib\Project\Lab8\EWARM\STM324xG_EVAL\Obj\stm32f4xx_flash.o
#        C:\Users\ecelab\Desktop\micro_apps\arm\7.80.3\ST\STM32F4xx\STM32F4xx_DSP_StdPeriph_Lib\Project\Lab8\EWARM\STM324xG_EVAL\Obj\stm32f4xx_fsmc.o
#        C:\Users\ecelab\Desktop\micro_apps\arm\7.80.3\ST\STM32F4xx\STM32F4xx_DSP_StdPeriph_Lib\Project\Lab8\EWARM\STM324xG_EVAL\Obj\stm32f4xx_gpio.o
#        C:\Users\ecelab\Desktop\micro_apps\arm\7.80.3\ST\STM32F4xx\STM32F4xx_DSP_StdPeriph_Lib\Project\Lab8\EWARM\STM324xG_EVAL\Obj\stm32f4xx_hash.o
#        C:\Users\ecelab\Desktop\micro_apps\arm\7.80.3\ST\STM32F4xx\STM32F4xx_DSP_StdPeriph_Lib\Project\Lab8\EWARM\STM324xG_EVAL\Obj\stm32f4xx_hash_md5.o
#        C:\Users\ecelab\Desktop\micro_apps\arm\7.80.3\ST\STM32F4xx\STM32F4xx_DSP_StdPeriph_Lib\Project\Lab8\EWARM\STM324xG_EVAL\Obj\stm32f4xx_hash_sha1.o
#        C:\Users\ecelab\Desktop\micro_apps\arm\7.80.3\ST\STM32F4xx\STM32F4xx_DSP_StdPeriph_Lib\Project\Lab8\EWARM\STM324xG_EVAL\Obj\stm32f4xx_i2c.o
#        C:\Users\ecelab\Desktop\micro_apps\arm\7.80.3\ST\STM32F4xx\STM32F4xx_DSP_StdPeriph_Lib\Project\Lab8\EWARM\STM324xG_EVAL\Obj\stm32f4xx_it.o
#        C:\Users\ecelab\Desktop\micro_apps\arm\7.80.3\ST\STM32F4xx\STM32F4xx_DSP_StdPeriph_Lib\Project\Lab8\EWARM\STM324xG_EVAL\Obj\stm32f4xx_iwdg.o
#        C:\Users\ecelab\Desktop\micro_apps\arm\7.80.3\ST\STM32F4xx\STM32F4xx_DSP_StdPeriph_Lib\Project\Lab8\EWARM\STM324xG_EVAL\Obj\stm32f4xx_pwr.o
#        C:\Users\ecelab\Desktop\micro_apps\arm\7.80.3\ST\STM32F4xx\STM32F4xx_DSP_StdPeriph_Lib\Project\Lab8\EWARM\STM324xG_EVAL\Obj\stm32f4xx_rcc.o
#        C:\Users\ecelab\Desktop\micro_apps\arm\7.80.3\ST\STM32F4xx\STM32F4xx_DSP_StdPeriph_Lib\Project\Lab8\EWARM\STM324xG_EVAL\Obj\stm32f4xx_rng.o
#        C:\Users\ecelab\Desktop\micro_apps\arm\7.80.3\ST\STM32F4xx\STM32F4xx_DSP_StdPeriph_Lib\Project\Lab8\EWARM\STM324xG_EVAL\Obj\stm32f4xx_rtc.o
#        C:\Users\ecelab\Desktop\micro_apps\arm\7.80.3\ST\STM32F4xx\STM32F4xx_DSP_StdPeriph_Lib\Project\Lab8\EWARM\STM324xG_EVAL\Obj\stm32f4xx_sdio.o
#        C:\Users\ecelab\Desktop\micro_apps\arm\7.80.3\ST\STM32F4xx\STM32F4xx_DSP_StdPeriph_Lib\Project\Lab8\EWARM\STM324xG_EVAL\Obj\stm32f4xx_spi.o
#        C:\Users\ecelab\Desktop\micro_apps\arm\7.80.3\ST\STM32F4xx\STM32F4xx_DSP_StdPeriph_Lib\Project\Lab8\EWARM\STM324xG_EVAL\Obj\stm32f4xx_syscfg.o
#        C:\Users\ecelab\Desktop\micro_apps\arm\7.80.3\ST\STM32F4xx\STM32F4xx_DSP_StdPeriph_Lib\Project\Lab8\EWARM\STM324xG_EVAL\Obj\stm32f4xx_tim.o
#        C:\Users\ecelab\Desktop\micro_apps\arm\7.80.3\ST\STM32F4xx\STM32F4xx_DSP_StdPeriph_Lib\Project\Lab8\EWARM\STM324xG_EVAL\Obj\stm32f4xx_usart.o
#        C:\Users\ecelab\Desktop\micro_apps\arm\7.80.3\ST\STM32F4xx\STM32F4xx_DSP_StdPeriph_Lib\Project\Lab8\EWARM\STM324xG_EVAL\Obj\stm32f4xx_wwdg.o
#        C:\Users\ecelab\Desktop\micro_apps\arm\7.80.3\ST\STM32F4xx\STM32F4xx_DSP_StdPeriph_Lib\Project\Lab8\EWARM\STM324xG_EVAL\Obj\system_stm32f4xx.o
#        --redirect _Printf=_PrintfSmall --redirect _Scanf=_ScanfSmall -o
#        C:\Users\ecelab\Desktop\micro_apps\arm\7.80.3\ST\STM32F4xx\STM32F4xx_DSP_StdPeriph_Lib\Project\Lab8\EWARM\STM324xG_EVAL\Exe\Project.out
#        --map
#        C:\Users\ecelab\Desktop\micro_apps\arm\7.80.3\ST\STM32F4xx\STM32F4xx_DSP_StdPeriph_Lib\Project\Lab8\EWARM\STM324xG_EVAL\List\Project.map
#        --config "C:\Program Files (x86)\IAR Systems\Embedded Workbench
#        7.5\arm\config\linker\ST\stm32f407xG.icf" --semihosting --entry
#        __iar_program_start --vfe
#
###############################################################################

*******************************************************************************
*** RUNTIME MODEL ATTRIBUTES
***

CppFlavor       = *
__SystemLibrary = DLib


*******************************************************************************
*** PLACEMENT SUMMARY
***

"A0":  place at 0x08000000 { ro section .intvec };
"P1":  place in [from 0x08000000 to 0x080fffff] { ro };
"P3":  place in [from 0x10000000 to 0x1000ffff] { block CSTACK, section .ccram };
"P4":  place in [from 0x20000000 to 0x2001bfff] |
                [from 0x2001c000 to 0x2001ffff] { rw, block HEAP };
initialize by copy { rw };

  Section            Kind        Address    Size  Object
  -------            ----        -------    ----  ------
"A0":                                      0x188
  .intvec            ro code  0x08000000   0x188  startup_stm32f40xx.o [1]
                            - 0x08000188   0x188

"P1":                                      0x654
  .text              ro code  0x08000188   0x154  system_stm32f4xx.o [1]
  .text              ro code  0x080002dc   0x10c  lcd.o [1]
  .text              ro code  0x080003e8    0x14  delay.o [1]
  .text              ro code  0x080003fc    0x24  stm32f4xx_rcc.o [1]
  .text              ro code  0x08000420    0xa4  stm32f4xx_gpio.o [1]
  .text              ro code  0x080004c4    0xa4  main.o [1]
  .text              ro code  0x08000568    0x2c  copy_init3.o [5]
  .text              ro code  0x08000594    0x28  data_init.o [5]
  .text              ro code  0x080005bc    0x22  fpinit_M.o [4]
  .iar.init_table    const    0x080005e0    0x14  - Linker created -
  .text              ro code  0x080005f4    0x1a  cmain.o [5]
  .text              ro code  0x0800060e     0x4  low_level_init.o [3]
  .text              ro code  0x08000612     0x4  exit.o [3]
  .text              ro code  0x08000618     0xa  cexit.o [5]
  .text              ro code  0x08000624    0x14  exit.o [6]
  .text              ro code  0x08000638    0x18  stm32f4xx_it.o [1]
  .text              ro code  0x08000650    0x10  startup_stm32f40xx.o [1]
  .text              ro code  0x08000660     0xc  cstartup_M.o [5]
  .text              ro code  0x0800066c     0x4  startup_stm32f40xx.o [1]
  .text              ro code  0x08000670     0x4  startup_stm32f40xx.o [1]
  .text              ro code  0x08000674     0x4  startup_stm32f40xx.o [1]
  .text              ro code  0x08000678     0x4  startup_stm32f40xx.o [1]
  .text              ro code  0x0800067c     0x4  startup_stm32f40xx.o [1]
  .text              ro code  0x08000680     0x4  startup_stm32f40xx.o [1]
  .text              ro code  0x08000684     0x4  startup_stm32f40xx.o [1]
  .text              ro code  0x08000688     0x4  startup_stm32f40xx.o [1]
  .text              ro code  0x0800068c     0x4  startup_stm32f40xx.o [1]
  .text              ro code  0x08000690     0x4  startup_stm32f40xx.o [1]
  .text              ro code  0x08000694     0x4  startup_stm32f40xx.o [1]
  .text              ro code  0x08000698     0x4  startup_stm32f40xx.o [1]
  .text              ro code  0x0800069c     0x4  startup_stm32f40xx.o [1]
  .text              ro code  0x080006a0     0x4  startup_stm32f40xx.o [1]
  .text              ro code  0x080006a4     0x4  startup_stm32f40xx.o [1]
  .text              ro code  0x080006a8     0x4  startup_stm32f40xx.o [1]
  .text              ro code  0x080006ac     0x4  startup_stm32f40xx.o [1]
  .text              ro code  0x080006b0     0x4  startup_stm32f40xx.o [1]
  .text              ro code  0x080006b4     0x4  startup_stm32f40xx.o [1]
  .text              ro code  0x080006b8     0x4  startup_stm32f40xx.o [1]
  .text              ro code  0x080006bc     0x4  startup_stm32f40xx.o [1]
  .text              ro code  0x080006c0     0x4  startup_stm32f40xx.o [1]
  .text              ro code  0x080006c4     0x4  startup_stm32f40xx.o [1]
  .text              ro code  0x080006c8     0x4  startup_stm32f40xx.o [1]
  .text              ro code  0x080006cc     0x4  startup_stm32f40xx.o [1]
  .text              ro code  0x080006d0     0x4  startup_stm32f40xx.o [1]
  .text              ro code  0x080006d4     0x4  startup_stm32f40xx.o [1]
  .text              ro code  0x080006d8     0x4  startup_stm32f40xx.o [1]
  .text              ro code  0x080006dc     0x4  startup_stm32f40xx.o [1]
  .text              ro code  0x080006e0     0x4  startup_stm32f40xx.o [1]
  .text              ro code  0x080006e4     0x4  startup_stm32f40xx.o [1]
  .text              ro code  0x080006e8     0x4  startup_stm32f40xx.o [1]
  .text              ro code  0x080006ec     0x4  startup_stm32f40xx.o [1]
  .text              ro code  0x080006f0     0x4  startup_stm32f40xx.o [1]
  .text              ro code  0x080006f4     0x4  startup_stm32f40xx.o [1]
  .text              ro code  0x080006f8     0x4  startup_stm32f40xx.o [1]
  .text              ro code  0x080006fc     0x4  startup_stm32f40xx.o [1]
  .text              ro code  0x08000700     0x4  startup_stm32f40xx.o [1]
  .text              ro code  0x08000704     0x4  startup_stm32f40xx.o [1]
  .text              ro code  0x08000708     0x4  startup_stm32f40xx.o [1]
  .text              ro code  0x0800070c     0x4  startup_stm32f40xx.o [1]
  .text              ro code  0x08000710     0x4  startup_stm32f40xx.o [1]
  .text              ro code  0x08000714     0x4  startup_stm32f40xx.o [1]
  .text              ro code  0x08000718     0x4  startup_stm32f40xx.o [1]
  .text              ro code  0x0800071c     0x4  startup_stm32f40xx.o [1]
  .text              ro code  0x08000720     0x4  startup_stm32f40xx.o [1]
  .text              ro code  0x08000724     0x4  startup_stm32f40xx.o [1]
  .text              ro code  0x08000728     0x4  startup_stm32f40xx.o [1]
  .text              ro code  0x0800072c     0x4  startup_stm32f40xx.o [1]
  .text              ro code  0x08000730     0x4  startup_stm32f40xx.o [1]
  .text              ro code  0x08000734     0x4  startup_stm32f40xx.o [1]
  .text              ro code  0x08000738     0x4  startup_stm32f40xx.o [1]
  .text              ro code  0x0800073c     0x4  startup_stm32f40xx.o [1]
  .text              ro code  0x08000740     0x4  startup_stm32f40xx.o [1]
  .text              ro code  0x08000744     0x4  startup_stm32f40xx.o [1]
  .text              ro code  0x08000748     0x4  startup_stm32f40xx.o [1]
  .text              ro code  0x0800074c     0x4  startup_stm32f40xx.o [1]
  .text              ro code  0x08000750     0x4  startup_stm32f40xx.o [1]
  .text              ro code  0x08000754     0x4  startup_stm32f40xx.o [1]
  .text              ro code  0x08000758     0x4  startup_stm32f40xx.o [1]
  .text              ro code  0x0800075c     0x4  startup_stm32f40xx.o [1]
  .text              ro code  0x08000760     0x4  startup_stm32f40xx.o [1]
  .text              ro code  0x08000764     0x4  startup_stm32f40xx.o [1]
  .text              ro code  0x08000768     0x4  startup_stm32f40xx.o [1]
  .text              ro code  0x0800076c     0x4  startup_stm32f40xx.o [1]
  .text              ro code  0x08000770     0x4  startup_stm32f40xx.o [1]
  .text              ro code  0x08000774     0x4  startup_stm32f40xx.o [1]
  .text              ro code  0x08000778     0x4  startup_stm32f40xx.o [1]
  .text              ro code  0x0800077c     0x4  startup_stm32f40xx.o [1]
  .text              ro code  0x08000780     0x4  startup_stm32f40xx.o [1]
  .text              ro code  0x08000784     0x4  startup_stm32f40xx.o [1]
  .text              ro code  0x08000788     0x4  startup_stm32f40xx.o [1]
  .text              ro code  0x0800078c     0x4  startup_stm32f40xx.o [1]
  .text              ro code  0x08000790     0x4  startup_stm32f40xx.o [1]
  .text              ro code  0x08000794     0x4  startup_stm32f40xx.o [1]
  .text              ro code  0x08000798     0x4  startup_stm32f40xx.o [1]
  .text              ro code  0x0800079c     0x4  startup_stm32f40xx.o [1]
  .text              ro code  0x080007a0     0x4  startup_stm32f40xx.o [1]
  .text              ro code  0x080007a4     0x4  startup_stm32f40xx.o [1]
  .text              ro code  0x080007a8     0x4  startup_stm32f40xx.o [1]
  .text              ro code  0x080007ac     0x4  startup_stm32f40xx.o [1]
  .text              ro code  0x080007b0     0x4  startup_stm32f40xx.o [1]
  .text              ro code  0x080007b4     0x4  startup_stm32f40xx.o [1]
  .text              ro code  0x080007b8     0x4  startup_stm32f40xx.o [1]
  .text              ro code  0x080007bc     0x4  startup_stm32f40xx.o [1]
  .text              ro code  0x080007c0     0x4  startup_stm32f40xx.o [1]
  .text              ro code  0x080007c4     0x4  startup_stm32f40xx.o [1]
  .text              ro code  0x080007c8     0x4  startup_stm32f40xx.o [1]
  .text              ro code  0x080007cc     0x4  startup_stm32f40xx.o [1]
  .text              ro code  0x080007d0     0x4  startup_stm32f40xx.o [1]
  .rodata            const    0x080007d4     0x0  copy_init3.o [5]
  Initializer bytes  const    0x080007d4     0x8  <for P4 s0>
                            - 0x080007dc   0x654

"P3":                                     0x2000
  CSTACK                      0x10000000  0x2000  <Block>
    CSTACK           uninit   0x10000000  0x2000  <Block tail>
                            - 0x10002000  0x2000

"P4":                                        0x8
  P4 s0                       0x20000000     0x8  <Init block>
    .data            inited   0x20000000     0x4  system_stm32f4xx.o [1]
    .bss             inited   0x20000004     0x4  stm32f4xx_it.o [1]
                            - 0x20000008     0x8


*******************************************************************************
*** INIT TABLE
***

          Address     Size
          -------     ----
Copy (__iar_copy_init3)
    1 source range, total size 0x8:
          0x080007d4   0x8
    1 destination range, total size 0x8:
          0x20000000   0x8



*******************************************************************************
*** MODULE SUMMARY
***

    Module                ro code  ro data  rw data
    ------                -------  -------  -------
C:\Users\ecelab\Desktop\micro_apps\arm\7.80.3\ST\STM32F4xx\STM32F4xx_DSP_StdPeriph_Lib\Project\Lab8\EWARM\STM324xG_EVAL\Obj: [1]
    delay.o                    20
    lcd.o                     268
    main.o                    164
    startup_stm32f40xx.o      768
    stm32f4xx_gpio.o          164
    stm32f4xx_it.o             24        4        4
    stm32f4xx_rcc.o            36
    system_stm32f4xx.o        340        4        4
    -----------------------------------------------
    Total:                  1 784        8        8

command line: [2]
    -----------------------------------------------
    Total:

dl7M_tln.a: [3]
    exit.o                      4
    low_level_init.o            4
    -----------------------------------------------
    Total:                      8

m7M_tls.a: [4]
    fpinit_M.o                 34
    -----------------------------------------------
    Total:                     34

rt7M_tl.a: [5]
    cexit.o                    10
    cmain.o                    26
    copy_init3.o               44
    cstartup_M.o               12
    data_init.o                40
    -----------------------------------------------
    Total:                    132

shb_l.a: [6]
    exit.o                     20
    -----------------------------------------------
    Total:                     20

    Gaps                        4        2
    Linker created                      20    8 192
---------------------------------------------------
    Grand Total:            1 982       30    8 200


*******************************************************************************
*** ENTRY LIST
***

Entry                      Address  Size  Type      Object
-----                      -------  ----  ----      ------
.iar.init_table$$Base   0x080005e0         --   Gb  - Linker created -
.iar.init_table$$Limit  0x080005f4         --   Gb  - Linker created -
?main                   0x080005f5        Code  Gb  cmain.o [5]
CSTACK$$Base            0x10000000         --   Gb  - Linker created -
CSTACK$$Limit           0x10002000         --   Gb  - Linker created -
Delay                   0x080003e9  0x14  Code  Gb  delay.o [1]
GPIO_Init               0x08000421  0xa4  Code  Gb  stm32f4xx_gpio.o [1]
LCD_Command             0x080002dd  0x40  Code  Gb  lcd.o [1]
LCD_Config              0x0800035d  0x82  Code  Gb  lcd.o [1]
LCD_Write               0x0800031d  0x40  Code  Gb  lcd.o [1]
RCC_AHB1PeriphClockCmd  0x080003fd  0x20  Code  Gb  stm32f4xx_rcc.o [1]
Region$$Table$$Base     0x080005e0         --   Gb  - Linker created -
Region$$Table$$Limit    0x080005f4         --   Gb  - Linker created -
SetSysClock             0x080001db  0xce  Code  Lc  system_stm32f4xx.o [1]
SysTick_Config          0x080004e7  0x2e  Code  Lc  main.o [1]
SysTick_Handler         0x08000639  0x18  Code  Gb  stm32f4xx_it.o [1]
SystemCoreClock         0x20000000   0x4  Data  Gb  system_stm32f4xx.o [1]
SystemInit              0x08000189  0x52  Code  Gb  system_stm32f4xx.o [1]
TimingDelay             0x20000004   0x4  Data  Gb  stm32f4xx_it.o [1]
__NVIC_SetPriority      0x080004c5  0x22  Code  Lc  main.o [1]
__cmain                 0x080005f5        Code  Gb  cmain.o [5]
__exit                  0x08000625  0x14  Code  Gb  exit.o [6]
__iar_copy_init3        0x08000569  0x2c  Code  Gb  copy_init3.o [5]
__iar_data_init3        0x08000595  0x28  Code  Gb  data_init.o [5]
__iar_init_vfp          0x080005bd        Code  Gb  fpinit_M.o [4]
__iar_program_start     0x08000661        Code  Gb  cstartup_M.o [5]
__low_level_init        0x0800060f   0x4  Code  Gb  low_level_init.o [3]
__vector_table          0x08000000        Data  Gb  startup_stm32f40xx.o [1]
_call_main              0x08000601        Code  Gb  cmain.o [5]
_exit                   0x08000619        Code  Gb  cexit.o [5]
_main                   0x0800060b        Code  Gb  cmain.o [5]
exit                    0x08000613   0x4  Code  Gb  exit.o [3]
main                    0x08000515  0x3a  Code  Gb  main.o [1]


[1] = C:\Users\ecelab\Desktop\micro_apps\arm\7.80.3\ST\STM32F4xx\STM32F4xx_DSP_StdPeriph_Lib\Project\Lab8\EWARM\STM324xG_EVAL\Obj
[2] = command line
[3] = dl7M_tln.a
[4] = m7M_tls.a
[5] = rt7M_tl.a
[6] = shb_l.a

  1 982 bytes of readonly  code memory
     30 bytes of readonly  data memory
  8 200 bytes of readwrite data memory

Errors: none
Warnings: none
