###############################################################################
#
# IAR ELF Linker V7.80.3.12102/W32 for ARM                20/Mar/2017  22:14:32
# Copyright 2007-2016 IAR Systems AB.
#
#    Output file  =  
#        C:\Users\ecelab\Desktop\micro_apps\arm\7.80.3\ST\STM32F4xx\STM32F4xx_DSP_StdPeriph_Lib\Project\Lab8\EWARM\STM324xG_EVAL\Exe\Project.out
#    Map file     =  
#        C:\Users\ecelab\Desktop\micro_apps\arm\7.80.3\ST\STM32F4xx\STM32F4xx_DSP_StdPeriph_Lib\Project\Lab8\EWARM\STM324xG_EVAL\List\Project.map
#    Command line =  
#        C:\Users\ecelab\Desktop\micro_apps\arm\7.80.3\ST\STM32F4xx\STM32F4xx_DSP_StdPeriph_Lib\Project\Lab8\EWARM\STM324xG_EVAL\Obj\delay.o
#        C:\Users\ecelab\Desktop\micro_apps\arm\7.80.3\ST\STM32F4xx\STM32F4xx_DSP_StdPeriph_Lib\Project\Lab8\EWARM\STM324xG_EVAL\Obj\lcd.o
#        C:\Users\ecelab\Desktop\micro_apps\arm\7.80.3\ST\STM32F4xx\STM32F4xx_DSP_StdPeriph_Lib\Project\Lab8\EWARM\STM324xG_EVAL\Obj\lm35.o
#        C:\Users\ecelab\Desktop\micro_apps\arm\7.80.3\ST\STM32F4xx\STM32F4xx_DSP_StdPeriph_Lib\Project\Lab8\EWARM\STM324xG_EVAL\Obj\main.o
#        C:\Users\ecelab\Desktop\micro_apps\arm\7.80.3\ST\STM32F4xx\STM32F4xx_DSP_StdPeriph_Lib\Project\Lab8\EWARM\STM324xG_EVAL\Obj\misc.o
#        C:\Users\ecelab\Desktop\micro_apps\arm\7.80.3\ST\STM32F4xx\STM32F4xx_DSP_StdPeriph_Lib\Project\Lab8\EWARM\STM324xG_EVAL\Obj\startup_stm32f40xx.o
#        C:\Users\ecelab\Desktop\micro_apps\arm\7.80.3\ST\STM32F4xx\STM32F4xx_DSP_StdPeriph_Lib\Project\Lab8\EWARM\STM324xG_EVAL\Obj\stm324xg_eval.o
#        C:\Users\ecelab\Desktop\micro_apps\arm\7.80.3\ST\STM32F4xx\STM32F4xx_DSP_StdPeriph_Lib\Project\Lab8\EWARM\STM324xG_EVAL\Obj\stm324xg_eval_fsmc_sram.o
#        C:\Users\ecelab\Desktop\micro_apps\arm\7.80.3\ST\STM32F4xx\STM32F4xx_DSP_StdPeriph_Lib\Project\Lab8\EWARM\STM324xG_EVAL\Obj\stm324xg_eval_ioe.o
#        C:\Users\ecelab\Desktop\micro_apps\arm\7.80.3\ST\STM32F4xx\STM32F4xx_DSP_StdPeriph_Lib\Project\Lab8\EWARM\STM324xG_EVAL\Obj\stm324xg_eval_lcd.o
#        C:\Users\ecelab\Desktop\micro_apps\arm\7.80.3\ST\STM32F4xx\STM32F4xx_DSP_StdPeriph_Lib\Project\Lab8\EWARM\STM324xG_EVAL\Obj\stm32f4xx_adc.o
#        C:\Users\ecelab\Desktop\micro_apps\arm\7.80.3\ST\STM32F4xx\STM32F4xx_DSP_StdPeriph_Lib\Project\Lab8\EWARM\STM324xG_EVAL\Obj\stm32f4xx_can.o
#        C:\Users\ecelab\Desktop\micro_apps\arm\7.80.3\ST\STM32F4xx\STM32F4xx_DSP_StdPeriph_Lib\Project\Lab8\EWARM\STM324xG_EVAL\Obj\stm32f4xx_crc.o
#        C:\Users\ecelab\Desktop\micro_apps\arm\7.80.3\ST\STM32F4xx\STM32F4xx_DSP_StdPeriph_Lib\Project\Lab8\EWARM\STM324xG_EVAL\Obj\stm32f4xx_cryp.o
#        C:\Users\ecelab\Desktop\micro_apps\arm\7.80.3\ST\STM32F4xx\STM32F4xx_DSP_StdPeriph_Lib\Project\Lab8\EWARM\STM324xG_EVAL\Obj\stm32f4xx_cryp_aes.o
#        C:\Users\ecelab\Desktop\micro_apps\arm\7.80.3\ST\STM32F4xx\STM32F4xx_DSP_StdPeriph_Lib\Project\Lab8\EWARM\STM324xG_EVAL\Obj\stm32f4xx_cryp_des.o
#        C:\Users\ecelab\Desktop\micro_apps\arm\7.80.3\ST\STM32F4xx\STM32F4xx_DSP_StdPeriph_Lib\Project\Lab8\EWARM\STM324xG_EVAL\Obj\stm32f4xx_cryp_tdes.o
#        C:\Users\ecelab\Desktop\micro_apps\arm\7.80.3\ST\STM32F4xx\STM32F4xx_DSP_StdPeriph_Lib\Project\Lab8\EWARM\STM324xG_EVAL\Obj\stm32f4xx_dac.o
#        C:\Users\ecelab\Desktop\micro_apps\arm\7.80.3\ST\STM32F4xx\STM32F4xx_DSP_StdPeriph_Lib\Project\Lab8\EWARM\STM324xG_EVAL\Obj\stm32f4xx_dbgmcu.o
#        C:\Users\ecelab\Desktop\micro_apps\arm\7.80.3\ST\STM32F4xx\STM32F4xx_DSP_StdPeriph_Lib\Project\Lab8\EWARM\STM324xG_EVAL\Obj\stm32f4xx_dcmi.o
#        C:\Users\ecelab\Desktop\micro_apps\arm\7.80.3\ST\STM32F4xx\STM32F4xx_DSP_StdPeriph_Lib\Project\Lab8\EWARM\STM324xG_EVAL\Obj\stm32f4xx_dma.o
#        C:\Users\ecelab\Desktop\micro_apps\arm\7.80.3\ST\STM32F4xx\STM32F4xx_DSP_StdPeriph_Lib\Project\Lab8\EWARM\STM324xG_EVAL\Obj\stm32f4xx_exti.o
#        C:\Users\ecelab\Desktop\micro_apps\arm\7.80.3\ST\STM32F4xx\STM32F4xx_DSP_StdPeriph_Lib\Project\Lab8\EWARM\STM324xG_EVAL\Obj\stm32f4xx_flash.o
#        C:\Users\ecelab\Desktop\micro_apps\arm\7.80.3\ST\STM32F4xx\STM32F4xx_DSP_StdPeriph_Lib\Project\Lab8\EWARM\STM324xG_EVAL\Obj\stm32f4xx_fsmc.o
#        C:\Users\ecelab\Desktop\micro_apps\arm\7.80.3\ST\STM32F4xx\STM32F4xx_DSP_StdPeriph_Lib\Project\Lab8\EWARM\STM324xG_EVAL\Obj\stm32f4xx_gpio.o
#        C:\Users\ecelab\Desktop\micro_apps\arm\7.80.3\ST\STM32F4xx\STM32F4xx_DSP_StdPeriph_Lib\Project\Lab8\EWARM\STM324xG_EVAL\Obj\stm32f4xx_hash.o
#        C:\Users\ecelab\Desktop\micro_apps\arm\7.80.3\ST\STM32F4xx\STM32F4xx_DSP_StdPeriph_Lib\Project\Lab8\EWARM\STM324xG_EVAL\Obj\stm32f4xx_hash_md5.o
#        C:\Users\ecelab\Desktop\micro_apps\arm\7.80.3\ST\STM32F4xx\STM32F4xx_DSP_StdPeriph_Lib\Project\Lab8\EWARM\STM324xG_EVAL\Obj\stm32f4xx_hash_sha1.o
#        C:\Users\ecelab\Desktop\micro_apps\arm\7.80.3\ST\STM32F4xx\STM32F4xx_DSP_StdPeriph_Lib\Project\Lab8\EWARM\STM324xG_EVAL\Obj\stm32f4xx_i2c.o
#        C:\Users\ecelab\Desktop\micro_apps\arm\7.80.3\ST\STM32F4xx\STM32F4xx_DSP_StdPeriph_Lib\Project\Lab8\EWARM\STM324xG_EVAL\Obj\stm32f4xx_it.o
#        C:\Users\ecelab\Desktop\micro_apps\arm\7.80.3\ST\STM32F4xx\STM32F4xx_DSP_StdPeriph_Lib\Project\Lab8\EWARM\STM324xG_EVAL\Obj\stm32f4xx_iwdg.o
#        C:\Users\ecelab\Desktop\micro_apps\arm\7.80.3\ST\STM32F4xx\STM32F4xx_DSP_StdPeriph_Lib\Project\Lab8\EWARM\STM324xG_EVAL\Obj\stm32f4xx_pwr.o
#        C:\Users\ecelab\Desktop\micro_apps\arm\7.80.3\ST\STM32F4xx\STM32F4xx_DSP_StdPeriph_Lib\Project\Lab8\EWARM\STM324xG_EVAL\Obj\stm32f4xx_rcc.o
#        C:\Users\ecelab\Desktop\micro_apps\arm\7.80.3\ST\STM32F4xx\STM32F4xx_DSP_StdPeriph_Lib\Project\Lab8\EWARM\STM324xG_EVAL\Obj\stm32f4xx_rng.o
#        C:\Users\ecelab\Desktop\micro_apps\arm\7.80.3\ST\STM32F4xx\STM32F4xx_DSP_StdPeriph_Lib\Project\Lab8\EWARM\STM324xG_EVAL\Obj\stm32f4xx_rtc.o
#        C:\Users\ecelab\Desktop\micro_apps\arm\7.80.3\ST\STM32F4xx\STM32F4xx_DSP_StdPeriph_Lib\Project\Lab8\EWARM\STM324xG_EVAL\Obj\stm32f4xx_sdio.o
#        C:\Users\ecelab\Desktop\micro_apps\arm\7.80.3\ST\STM32F4xx\STM32F4xx_DSP_StdPeriph_Lib\Project\Lab8\EWARM\STM324xG_EVAL\Obj\stm32f4xx_spi.o
#        C:\Users\ecelab\Desktop\micro_apps\arm\7.80.3\ST\STM32F4xx\STM32F4xx_DSP_StdPeriph_Lib\Project\Lab8\EWARM\STM324xG_EVAL\Obj\stm32f4xx_syscfg.o
#        C:\Users\ecelab\Desktop\micro_apps\arm\7.80.3\ST\STM32F4xx\STM32F4xx_DSP_StdPeriph_Lib\Project\Lab8\EWARM\STM324xG_EVAL\Obj\stm32f4xx_tim.o
#        C:\Users\ecelab\Desktop\micro_apps\arm\7.80.3\ST\STM32F4xx\STM32F4xx_DSP_StdPeriph_Lib\Project\Lab8\EWARM\STM324xG_EVAL\Obj\stm32f4xx_usart.o
#        C:\Users\ecelab\Desktop\micro_apps\arm\7.80.3\ST\STM32F4xx\STM32F4xx_DSP_StdPeriph_Lib\Project\Lab8\EWARM\STM324xG_EVAL\Obj\stm32f4xx_wwdg.o
#        C:\Users\ecelab\Desktop\micro_apps\arm\7.80.3\ST\STM32F4xx\STM32F4xx_DSP_StdPeriph_Lib\Project\Lab8\EWARM\STM324xG_EVAL\Obj\system_stm32f4xx.o
#        C:\Users\ecelab\Desktop\micro_apps\arm\7.80.3\ST\STM32F4xx\STM32F4xx_DSP_StdPeriph_Lib\Project\Lab8\EWARM\STM324xG_EVAL\Obj\task2.o
#        --redirect _Printf=_PrintfSmall --redirect _Scanf=_ScanfSmall -o
#        C:\Users\ecelab\Desktop\micro_apps\arm\7.80.3\ST\STM32F4xx\STM32F4xx_DSP_StdPeriph_Lib\Project\Lab8\EWARM\STM324xG_EVAL\Exe\Project.out
#        --map
#        C:\Users\ecelab\Desktop\micro_apps\arm\7.80.3\ST\STM32F4xx\STM32F4xx_DSP_StdPeriph_Lib\Project\Lab8\EWARM\STM324xG_EVAL\List\Project.map
#        --config "C:\Program Files (x86)\IAR Systems\Embedded Workbench
#        7.5\arm\config\linker\ST\stm32f407xG.icf" --semihosting --entry
#        __iar_program_start --vfe
#
###############################################################################

*******************************************************************************
*** RUNTIME MODEL ATTRIBUTES
***

CppFlavor       = *
__SystemLibrary = DLib


*******************************************************************************
*** PLACEMENT SUMMARY
***

"A0":  place at 0x08000000 { ro section .intvec };
"P1":  place in [from 0x08000000 to 0x080fffff] { ro };
"P3":  place in [from 0x10000000 to 0x1000ffff] { block CSTACK, section .ccram };
"P4":  place in [from 0x20000000 to 0x2001bfff] |
                [from 0x2001c000 to 0x2001ffff] { rw, block HEAP };
initialize by copy { rw };

  Section            Kind        Address    Size  Object
  -------            ----        -------    ----  ------
"A0":                                      0x188
  .intvec            ro code  0x08000000   0x188  startup_stm32f40xx.o [1]
                            - 0x08000188   0x188

"P1":                                      0xd70
  .text              ro code  0x08000188   0x244  task2.o [1]
  .text              ro code  0x080003cc   0x1da  stm32f4xx_adc.o [1]
  .text              ro code  0x080005a8    0x6c  stm32f4xx_rcc.o [1]
  .text              ro code  0x08000614    0xf4  stm32f4xx_gpio.o [1]
  .text              ro code  0x08000708   0x124  lcd.o [1]
  .text              ro code  0x0800082c    0x14  delay.o [1]
  .text              ro code  0x08000840    0x70  misc.o [1]
  .text              ro code  0x080008b0   0x17c  stm32f4xx_tim.o [1]
  .text              ro code  0x08000a2c   0x154  system_stm32f4xx.o [1]
  .text              ro code  0x08000b80    0x90  stm32f4xx_it.o [1]
  .text              ro code  0x08000c10    0x88  main.o [1]
  .text              ro code  0x08000c98    0x2c  copy_init3.o [5]
  .text              ro code  0x08000cc4    0x28  data_init.o [5]
  .text              ro code  0x08000cec    0x22  fpinit_M.o [4]
  .iar.init_table    const    0x08000d10    0x14  - Linker created -
  .text              ro code  0x08000d24    0x1a  cmain.o [5]
  .text              ro code  0x08000d3e     0x4  low_level_init.o [3]
  .text              ro code  0x08000d42     0x4  exit.o [3]
  .text              ro code  0x08000d48     0xa  cexit.o [5]
  .text              ro code  0x08000d54    0x14  exit.o [6]
  .text              ro code  0x08000d68    0x10  startup_stm32f40xx.o [1]
  .text              ro code  0x08000d78     0xc  cstartup_M.o [5]
  .text              ro code  0x08000d84     0x4  startup_stm32f40xx.o [1]
  .text              ro code  0x08000d88     0x4  startup_stm32f40xx.o [1]
  .text              ro code  0x08000d8c     0x4  startup_stm32f40xx.o [1]
  .text              ro code  0x08000d90     0x4  startup_stm32f40xx.o [1]
  .text              ro code  0x08000d94     0x4  startup_stm32f40xx.o [1]
  .text              ro code  0x08000d98     0x4  startup_stm32f40xx.o [1]
  .text              ro code  0x08000d9c     0x4  startup_stm32f40xx.o [1]
  .text              ro code  0x08000da0     0x4  startup_stm32f40xx.o [1]
  .text              ro code  0x08000da4     0x4  startup_stm32f40xx.o [1]
  .text              ro code  0x08000da8     0x4  startup_stm32f40xx.o [1]
  .text              ro code  0x08000dac     0x4  startup_stm32f40xx.o [1]
  .text              ro code  0x08000db0     0x4  startup_stm32f40xx.o [1]
  .text              ro code  0x08000db4     0x4  startup_stm32f40xx.o [1]
  .text              ro code  0x08000db8     0x4  startup_stm32f40xx.o [1]
  .text              ro code  0x08000dbc     0x4  startup_stm32f40xx.o [1]
  .text              ro code  0x08000dc0     0x4  startup_stm32f40xx.o [1]
  .text              ro code  0x08000dc4     0x4  startup_stm32f40xx.o [1]
  .text              ro code  0x08000dc8     0x4  startup_stm32f40xx.o [1]
  .text              ro code  0x08000dcc     0x4  startup_stm32f40xx.o [1]
  .text              ro code  0x08000dd0     0x4  startup_stm32f40xx.o [1]
  .text              ro code  0x08000dd4     0x4  startup_stm32f40xx.o [1]
  .text              ro code  0x08000dd8     0x4  startup_stm32f40xx.o [1]
  .text              ro code  0x08000ddc     0x4  startup_stm32f40xx.o [1]
  .text              ro code  0x08000de0     0x4  startup_stm32f40xx.o [1]
  .text              ro code  0x08000de4     0x4  startup_stm32f40xx.o [1]
  .text              ro code  0x08000de8     0x4  startup_stm32f40xx.o [1]
  .text              ro code  0x08000dec     0x4  startup_stm32f40xx.o [1]
  .text              ro code  0x08000df0     0x4  startup_stm32f40xx.o [1]
  .text              ro code  0x08000df4     0x4  startup_stm32f40xx.o [1]
  .text              ro code  0x08000df8     0x4  startup_stm32f40xx.o [1]
  .text              ro code  0x08000dfc     0x4  startup_stm32f40xx.o [1]
  .text              ro code  0x08000e00     0x4  startup_stm32f40xx.o [1]
  .text              ro code  0x08000e04     0x4  startup_stm32f40xx.o [1]
  .text              ro code  0x08000e08     0x4  startup_stm32f40xx.o [1]
  .text              ro code  0x08000e0c     0x4  startup_stm32f40xx.o [1]
  .text              ro code  0x08000e10     0x4  startup_stm32f40xx.o [1]
  .text              ro code  0x08000e14     0x4  startup_stm32f40xx.o [1]
  .text              ro code  0x08000e18     0x4  startup_stm32f40xx.o [1]
  .text              ro code  0x08000e1c     0x4  startup_stm32f40xx.o [1]
  .text              ro code  0x08000e20     0x4  startup_stm32f40xx.o [1]
  .text              ro code  0x08000e24     0x4  startup_stm32f40xx.o [1]
  .text              ro code  0x08000e28     0x4  startup_stm32f40xx.o [1]
  .text              ro code  0x08000e2c     0x4  startup_stm32f40xx.o [1]
  .text              ro code  0x08000e30     0x4  startup_stm32f40xx.o [1]
  .text              ro code  0x08000e34     0x4  startup_stm32f40xx.o [1]
  .text              ro code  0x08000e38     0x4  startup_stm32f40xx.o [1]
  .text              ro code  0x08000e3c     0x4  startup_stm32f40xx.o [1]
  .text              ro code  0x08000e40     0x4  startup_stm32f40xx.o [1]
  .text              ro code  0x08000e44     0x4  startup_stm32f40xx.o [1]
  .text              ro code  0x08000e48     0x4  startup_stm32f40xx.o [1]
  .text              ro code  0x08000e4c     0x4  startup_stm32f40xx.o [1]
  .text              ro code  0x08000e50     0x4  startup_stm32f40xx.o [1]
  .text              ro code  0x08000e54     0x4  startup_stm32f40xx.o [1]
  .text              ro code  0x08000e58     0x4  startup_stm32f40xx.o [1]
  .text              ro code  0x08000e5c     0x4  startup_stm32f40xx.o [1]
  .text              ro code  0x08000e60     0x4  startup_stm32f40xx.o [1]
  .text              ro code  0x08000e64     0x4  startup_stm32f40xx.o [1]
  .text              ro code  0x08000e68     0x4  startup_stm32f40xx.o [1]
  .text              ro code  0x08000e6c     0x4  startup_stm32f40xx.o [1]
  .text              ro code  0x08000e70     0x4  startup_stm32f40xx.o [1]
  .text              ro code  0x08000e74     0x4  startup_stm32f40xx.o [1]
  .text              ro code  0x08000e78     0x4  startup_stm32f40xx.o [1]
  .text              ro code  0x08000e7c     0x4  startup_stm32f40xx.o [1]
  .text              ro code  0x08000e80     0x4  startup_stm32f40xx.o [1]
  .text              ro code  0x08000e84     0x4  startup_stm32f40xx.o [1]
  .text              ro code  0x08000e88     0x4  startup_stm32f40xx.o [1]
  .text              ro code  0x08000e8c     0x4  startup_stm32f40xx.o [1]
  .text              ro code  0x08000e90     0x4  startup_stm32f40xx.o [1]
  .text              ro code  0x08000e94     0x4  startup_stm32f40xx.o [1]
  .text              ro code  0x08000e98     0x4  startup_stm32f40xx.o [1]
  .text              ro code  0x08000e9c     0x4  startup_stm32f40xx.o [1]
  .text              ro code  0x08000ea0     0x4  startup_stm32f40xx.o [1]
  .text              ro code  0x08000ea4     0x4  startup_stm32f40xx.o [1]
  .text              ro code  0x08000ea8     0x4  startup_stm32f40xx.o [1]
  .text              ro code  0x08000eac     0x4  startup_stm32f40xx.o [1]
  .text              ro code  0x08000eb0     0x4  startup_stm32f40xx.o [1]
  .text              ro code  0x08000eb4     0x4  startup_stm32f40xx.o [1]
  .text              ro code  0x08000eb8     0x4  startup_stm32f40xx.o [1]
  .text              ro code  0x08000ebc     0x4  startup_stm32f40xx.o [1]
  .text              ro code  0x08000ec0     0x4  startup_stm32f40xx.o [1]
  .text              ro code  0x08000ec4     0x4  startup_stm32f40xx.o [1]
  .text              ro code  0x08000ec8     0x4  startup_stm32f40xx.o [1]
  .text              ro code  0x08000ecc     0x4  startup_stm32f40xx.o [1]
  .text              ro code  0x08000ed0     0x4  startup_stm32f40xx.o [1]
  .text              ro code  0x08000ed4     0x4  startup_stm32f40xx.o [1]
  .text              ro code  0x08000ed8     0x4  startup_stm32f40xx.o [1]
  .text              ro code  0x08000edc     0x4  startup_stm32f40xx.o [1]
  .text              ro code  0x08000ee0     0x4  startup_stm32f40xx.o [1]
  .rodata            const    0x08000ee4     0x0  copy_init3.o [5]
  Initializer bytes  const    0x08000ee4    0x14  <for P4 s0>
                            - 0x08000ef8   0xd70

"P3":                                     0x2000
  CSTACK                      0x10000000  0x2000  <Block>
    CSTACK           uninit   0x10000000  0x2000  <Block tail>
                            - 0x10002000  0x2000

"P4":                                       0x14
  P4 s0                       0x20000000    0x14  <Init block>
    .data            inited   0x20000000     0x4  system_stm32f4xx.o [1]
    .bss             inited   0x20000004     0x4  stm32f4xx_it.o [1]
    .bss             inited   0x20000008     0x4  task2.o [1]
    .bss             inited   0x2000000c     0x4  task2.o [1]
    .bss             inited   0x20000010     0x4  task2.o [1]
                            - 0x20000014    0x14


*******************************************************************************
*** INIT TABLE
***

          Address     Size
          -------     ----
Copy (__iar_copy_init3)
    1 source range, total size 0x14:
          0x08000ee4  0x14
    1 destination range, total size 0x14:
          0x20000000  0x14



*******************************************************************************
*** MODULE SUMMARY
***

    Module                ro code  ro data  rw data
    ------                -------  -------  -------
C:\Users\ecelab\Desktop\micro_apps\arm\7.80.3\ST\STM32F4xx\STM32F4xx_DSP_StdPeriph_Lib\Project\Lab8\EWARM\STM324xG_EVAL\Obj: [1]
    delay.o                    20
    lcd.o                     292
    main.o                    136
    misc.o                    112
    startup_stm32f40xx.o      760
    stm32f4xx_adc.o           474
    stm32f4xx_gpio.o          244
    stm32f4xx_it.o            144        4        4
    stm32f4xx_rcc.o           108
    stm32f4xx_tim.o           380
    system_stm32f4xx.o        340        4        4
    task2.o                   580       12       12
    -----------------------------------------------
    Total:                  3 590       20       20

command line: [2]
    -----------------------------------------------
    Total:

dl7M_tln.a: [3]
    exit.o                      4
    low_level_init.o            4
    -----------------------------------------------
    Total:                      8

m7M_tls.a: [4]
    fpinit_M.o                 34
    -----------------------------------------------
    Total:                     34

rt7M_tl.a: [5]
    cexit.o                    10
    cmain.o                    26
    copy_init3.o               44
    cstartup_M.o               12
    data_init.o                40
    -----------------------------------------------
    Total:                    132

shb_l.a: [6]
    exit.o                     20
    -----------------------------------------------
    Total:                     20

    Gaps                        6        2
    Linker created                      20    8 192
---------------------------------------------------
    Grand Total:            3 790       42    8 212


*******************************************************************************
*** ENTRY LIST
***

Entry                      Address  Size  Type      Object
-----                      -------  ----  ----      ------
.iar.init_table$$Base   0x08000d10         --   Gb  - Linker created -
.iar.init_table$$Limit  0x08000d24         --   Gb  - Linker created -
?main                   0x08000d25        Code  Gb  cmain.o [5]
ADC_ClearITPendingBit   0x08000599   0xe  Code  Gb  stm32f4xx_adc.o [1]
ADC_Cmd                 0x08000437  0x1a  Code  Gb  stm32f4xx_adc.o [1]
ADC_CommonInit          0x08000417  0x20  Code  Gb  stm32f4xx_adc.o [1]
ADC_Config              0x0800030d  0xac  Code  Lc  task2.o [1]
ADC_GetConversionValue  0x0800052f   0x6  Code  Gb  stm32f4xx_adc.o [1]
ADC_GetITStatus         0x08000567  0x32  Code  Gb  stm32f4xx_adc.o [1]
ADC_IRQHandler          0x08000bb7  0x46  Code  Gb  stm32f4xx_it.o [1]
ADC_ITConfig            0x08000545  0x22  Code  Gb  stm32f4xx_adc.o [1]
ADC_Init                0x080003cd  0x4a  Code  Gb  stm32f4xx_adc.o [1]
ADC_RegularChannelConfig
                        0x08000451  0xd4  Code  Gb  stm32f4xx_adc.o [1]
ADC_SoftwareStartConv   0x08000525   0xa  Code  Gb  stm32f4xx_adc.o [1]
CSTACK$$Base            0x10000000         --   Gb  - Linker created -
CSTACK$$Limit           0x10002000         --   Gb  - Linker created -
Delay                   0x0800082d  0x14  Code  Gb  delay.o [1]
GPIO_Init               0x08000615  0xa4  Code  Gb  stm32f4xx_gpio.o [1]
GPIO_PinAFConfig        0x080006b9  0x50  Code  Gb  stm32f4xx_gpio.o [1]
LCD_Command             0x08000709  0x46  Code  Gb  lcd.o [1]
LCD_Config              0x080007a3  0x82  Code  Gb  lcd.o [1]
LCD_Write               0x0800074f  0x46  Code  Gb  lcd.o [1]
LCD_WriteDigit          0x08000795   0xe  Code  Gb  lcd.o [1]
NVIC_Init               0x08000841  0x60  Code  Gb  misc.o [1]
RCC_AHB1PeriphClockCmd  0x080005a9  0x20  Code  Gb  stm32f4xx_rcc.o [1]
RCC_APB1PeriphClockCmd  0x080005c9  0x20  Code  Gb  stm32f4xx_rcc.o [1]
RCC_APB2PeriphClockCmd  0x080005e9  0x20  Code  Gb  stm32f4xx_rcc.o [1]
Region$$Table$$Base     0x08000d10         --   Gb  - Linker created -
Region$$Table$$Limit    0x08000d24         --   Gb  - Linker created -
SetSysClock             0x08000a7f  0xce  Code  Lc  system_stm32f4xx.o [1]
SysTick_Config          0x08000c33  0x2e  Code  Lc  main.o [1]
SysTick_Handler         0x08000b81  0x14  Code  Gb  stm32f4xx_it.o [1]
SystemCoreClock         0x20000000   0x4  Data  Gb  system_stm32f4xx.o [1]
SystemInit              0x08000a2d  0x52  Code  Gb  system_stm32f4xx.o [1]
TIM2_Config             0x08000231  0xdc  Code  Gb  task2.o [1]
TIM2_IRQHandler         0x08000b95  0x22  Code  Gb  stm32f4xx_it.o [1]
TIM_ClearITPendingBit   0x08000a25   0x8  Code  Gb  stm32f4xx_tim.o [1]
TIM_Cmd                 0x08000919  0x1c  Code  Gb  stm32f4xx_tim.o [1]
TIM_GetITStatus         0x080009fd  0x28  Code  Gb  stm32f4xx_tim.o [1]
TIM_ITConfig            0x080009e5  0x18  Code  Gb  stm32f4xx_tim.o [1]
TIM_OC3Init             0x08000935  0x84  Code  Gb  stm32f4xx_tim.o [1]
TIM_OC3PreloadConfig    0x080009d5  0x10  Code  Gb  stm32f4xx_tim.o [1]
TIM_TimeBaseInit        0x080008b1  0x68  Code  Gb  stm32f4xx_tim.o [1]
TimingDelay             0x20000004   0x4  Data  Gb  stm32f4xx_it.o [1]
__NVIC_SetPriority      0x08000c11  0x22  Code  Lc  main.o [1]
__cmain                 0x08000d25        Code  Gb  cmain.o [5]
__exit                  0x08000d55  0x14  Code  Gb  exit.o [6]
__iar_copy_init3        0x08000c99  0x2c  Code  Gb  copy_init3.o [5]
__iar_data_init3        0x08000cc5  0x28  Code  Gb  data_init.o [5]
__iar_init_vfp          0x08000ced        Code  Gb  fpinit_M.o [4]
__iar_program_start     0x08000d79        Code  Gb  cstartup_M.o [5]
__low_level_init        0x08000d3f   0x4  Code  Gb  low_level_init.o [3]
__vector_table          0x08000000        Data  Gb  startup_stm32f40xx.o [1]
_call_main              0x08000d31        Code  Gb  cmain.o [5]
_exit                   0x08000d49        Code  Gb  cexit.o [5]
_main                   0x08000d3b        Code  Gb  cmain.o [5]
display                 0x080001df  0x52  Code  Gb  task2.o [1]
exit                    0x08000d43   0x4  Code  Gb  exit.o [3]
f_temp                  0x2000000c   0x4  Data  Gb  task2.o [1]
gpioSetup               0x080001a7  0x38  Code  Gb  task2.o [1]
main                    0x08000c61  0x1e  Code  Gb  main.o [1]
task2                   0x08000189  0x1e  Code  Gb  task2.o [1]
temp                    0x20000008   0x4  Data  Gb  task2.o [1]
updateDisplay           0x20000010   0x4  Data  Gb  task2.o [1]


[1] = C:\Users\ecelab\Desktop\micro_apps\arm\7.80.3\ST\STM32F4xx\STM32F4xx_DSP_StdPeriph_Lib\Project\Lab8\EWARM\STM324xG_EVAL\Obj
[2] = command line
[3] = dl7M_tln.a
[4] = m7M_tls.a
[5] = rt7M_tl.a
[6] = shb_l.a

  3 790 bytes of readonly  code memory
     42 bytes of readonly  data memory
  8 212 bytes of readwrite data memory

Errors: none
Warnings: none
