###############################################################################
#
# IAR ELF Linker V7.80.3.12102/W32 for ARM                06/Feb/2017  17:06:44
# Copyright 2007-2016 IAR Systems AB.
#
#    Output file  =  
#        C:\bowen_lab3\micro_apps\arm\7.80.3\ST\STM32F4xx\STM32F4xx_DSP_StdPeriph_Lib\Project\Lab3\EWARM\STM324xG_EVAL\Exe\Project.out
#    Map file     =  
#        C:\bowen_lab3\micro_apps\arm\7.80.3\ST\STM32F4xx\STM32F4xx_DSP_StdPeriph_Lib\Project\Lab3\EWARM\STM324xG_EVAL\List\Project.map
#    Command line =  
#        C:\bowen_lab3\micro_apps\arm\7.80.3\ST\STM32F4xx\STM32F4xx_DSP_StdPeriph_Lib\Project\Lab3\EWARM\STM324xG_EVAL\Obj\main.o
#        C:\bowen_lab3\micro_apps\arm\7.80.3\ST\STM32F4xx\STM32F4xx_DSP_StdPeriph_Lib\Project\Lab3\EWARM\STM324xG_EVAL\Obj\misc.o
#        C:\bowen_lab3\micro_apps\arm\7.80.3\ST\STM32F4xx\STM32F4xx_DSP_StdPeriph_Lib\Project\Lab3\EWARM\STM324xG_EVAL\Obj\startup_stm32f40xx.o
#        C:\bowen_lab3\micro_apps\arm\7.80.3\ST\STM32F4xx\STM32F4xx_DSP_StdPeriph_Lib\Project\Lab3\EWARM\STM324xG_EVAL\Obj\stm324xg_eval.o
#        C:\bowen_lab3\micro_apps\arm\7.80.3\ST\STM32F4xx\STM32F4xx_DSP_StdPeriph_Lib\Project\Lab3\EWARM\STM324xG_EVAL\Obj\stm324xg_eval_fsmc_sram.o
#        C:\bowen_lab3\micro_apps\arm\7.80.3\ST\STM32F4xx\STM32F4xx_DSP_StdPeriph_Lib\Project\Lab3\EWARM\STM324xG_EVAL\Obj\stm324xg_eval_ioe.o
#        C:\bowen_lab3\micro_apps\arm\7.80.3\ST\STM32F4xx\STM32F4xx_DSP_StdPeriph_Lib\Project\Lab3\EWARM\STM324xG_EVAL\Obj\stm324xg_eval_lcd.o
#        C:\bowen_lab3\micro_apps\arm\7.80.3\ST\STM32F4xx\STM32F4xx_DSP_StdPeriph_Lib\Project\Lab3\EWARM\STM324xG_EVAL\Obj\stm32f4xx_adc.o
#        C:\bowen_lab3\micro_apps\arm\7.80.3\ST\STM32F4xx\STM32F4xx_DSP_StdPeriph_Lib\Project\Lab3\EWARM\STM324xG_EVAL\Obj\stm32f4xx_can.o
#        C:\bowen_lab3\micro_apps\arm\7.80.3\ST\STM32F4xx\STM32F4xx_DSP_StdPeriph_Lib\Project\Lab3\EWARM\STM324xG_EVAL\Obj\stm32f4xx_crc.o
#        C:\bowen_lab3\micro_apps\arm\7.80.3\ST\STM32F4xx\STM32F4xx_DSP_StdPeriph_Lib\Project\Lab3\EWARM\STM324xG_EVAL\Obj\stm32f4xx_cryp.o
#        C:\bowen_lab3\micro_apps\arm\7.80.3\ST\STM32F4xx\STM32F4xx_DSP_StdPeriph_Lib\Project\Lab3\EWARM\STM324xG_EVAL\Obj\stm32f4xx_cryp_aes.o
#        C:\bowen_lab3\micro_apps\arm\7.80.3\ST\STM32F4xx\STM32F4xx_DSP_StdPeriph_Lib\Project\Lab3\EWARM\STM324xG_EVAL\Obj\stm32f4xx_cryp_des.o
#        C:\bowen_lab3\micro_apps\arm\7.80.3\ST\STM32F4xx\STM32F4xx_DSP_StdPeriph_Lib\Project\Lab3\EWARM\STM324xG_EVAL\Obj\stm32f4xx_cryp_tdes.o
#        C:\bowen_lab3\micro_apps\arm\7.80.3\ST\STM32F4xx\STM32F4xx_DSP_StdPeriph_Lib\Project\Lab3\EWARM\STM324xG_EVAL\Obj\stm32f4xx_dac.o
#        C:\bowen_lab3\micro_apps\arm\7.80.3\ST\STM32F4xx\STM32F4xx_DSP_StdPeriph_Lib\Project\Lab3\EWARM\STM324xG_EVAL\Obj\stm32f4xx_dbgmcu.o
#        C:\bowen_lab3\micro_apps\arm\7.80.3\ST\STM32F4xx\STM32F4xx_DSP_StdPeriph_Lib\Project\Lab3\EWARM\STM324xG_EVAL\Obj\stm32f4xx_dcmi.o
#        C:\bowen_lab3\micro_apps\arm\7.80.3\ST\STM32F4xx\STM32F4xx_DSP_StdPeriph_Lib\Project\Lab3\EWARM\STM324xG_EVAL\Obj\stm32f4xx_dma.o
#        C:\bowen_lab3\micro_apps\arm\7.80.3\ST\STM32F4xx\STM32F4xx_DSP_StdPeriph_Lib\Project\Lab3\EWARM\STM324xG_EVAL\Obj\stm32f4xx_exti.o
#        C:\bowen_lab3\micro_apps\arm\7.80.3\ST\STM32F4xx\STM32F4xx_DSP_StdPeriph_Lib\Project\Lab3\EWARM\STM324xG_EVAL\Obj\stm32f4xx_flash.o
#        C:\bowen_lab3\micro_apps\arm\7.80.3\ST\STM32F4xx\STM32F4xx_DSP_StdPeriph_Lib\Project\Lab3\EWARM\STM324xG_EVAL\Obj\stm32f4xx_fsmc.o
#        C:\bowen_lab3\micro_apps\arm\7.80.3\ST\STM32F4xx\STM32F4xx_DSP_StdPeriph_Lib\Project\Lab3\EWARM\STM324xG_EVAL\Obj\stm32f4xx_gpio.o
#        C:\bowen_lab3\micro_apps\arm\7.80.3\ST\STM32F4xx\STM32F4xx_DSP_StdPeriph_Lib\Project\Lab3\EWARM\STM324xG_EVAL\Obj\stm32f4xx_hash.o
#        C:\bowen_lab3\micro_apps\arm\7.80.3\ST\STM32F4xx\STM32F4xx_DSP_StdPeriph_Lib\Project\Lab3\EWARM\STM324xG_EVAL\Obj\stm32f4xx_hash_md5.o
#        C:\bowen_lab3\micro_apps\arm\7.80.3\ST\STM32F4xx\STM32F4xx_DSP_StdPeriph_Lib\Project\Lab3\EWARM\STM324xG_EVAL\Obj\stm32f4xx_hash_sha1.o
#        C:\bowen_lab3\micro_apps\arm\7.80.3\ST\STM32F4xx\STM32F4xx_DSP_StdPeriph_Lib\Project\Lab3\EWARM\STM324xG_EVAL\Obj\stm32f4xx_i2c.o
#        C:\bowen_lab3\micro_apps\arm\7.80.3\ST\STM32F4xx\STM32F4xx_DSP_StdPeriph_Lib\Project\Lab3\EWARM\STM324xG_EVAL\Obj\stm32f4xx_it.o
#        C:\bowen_lab3\micro_apps\arm\7.80.3\ST\STM32F4xx\STM32F4xx_DSP_StdPeriph_Lib\Project\Lab3\EWARM\STM324xG_EVAL\Obj\stm32f4xx_iwdg.o
#        C:\bowen_lab3\micro_apps\arm\7.80.3\ST\STM32F4xx\STM32F4xx_DSP_StdPeriph_Lib\Project\Lab3\EWARM\STM324xG_EVAL\Obj\stm32f4xx_pwr.o
#        C:\bowen_lab3\micro_apps\arm\7.80.3\ST\STM32F4xx\STM32F4xx_DSP_StdPeriph_Lib\Project\Lab3\EWARM\STM324xG_EVAL\Obj\stm32f4xx_rcc.o
#        C:\bowen_lab3\micro_apps\arm\7.80.3\ST\STM32F4xx\STM32F4xx_DSP_StdPeriph_Lib\Project\Lab3\EWARM\STM324xG_EVAL\Obj\stm32f4xx_rng.o
#        C:\bowen_lab3\micro_apps\arm\7.80.3\ST\STM32F4xx\STM32F4xx_DSP_StdPeriph_Lib\Project\Lab3\EWARM\STM324xG_EVAL\Obj\stm32f4xx_rtc.o
#        C:\bowen_lab3\micro_apps\arm\7.80.3\ST\STM32F4xx\STM32F4xx_DSP_StdPeriph_Lib\Project\Lab3\EWARM\STM324xG_EVAL\Obj\stm32f4xx_sdio.o
#        C:\bowen_lab3\micro_apps\arm\7.80.3\ST\STM32F4xx\STM32F4xx_DSP_StdPeriph_Lib\Project\Lab3\EWARM\STM324xG_EVAL\Obj\stm32f4xx_spi.o
#        C:\bowen_lab3\micro_apps\arm\7.80.3\ST\STM32F4xx\STM32F4xx_DSP_StdPeriph_Lib\Project\Lab3\EWARM\STM324xG_EVAL\Obj\stm32f4xx_syscfg.o
#        C:\bowen_lab3\micro_apps\arm\7.80.3\ST\STM32F4xx\STM32F4xx_DSP_StdPeriph_Lib\Project\Lab3\EWARM\STM324xG_EVAL\Obj\stm32f4xx_tim.o
#        C:\bowen_lab3\micro_apps\arm\7.80.3\ST\STM32F4xx\STM32F4xx_DSP_StdPeriph_Lib\Project\Lab3\EWARM\STM324xG_EVAL\Obj\stm32f4xx_usart.o
#        C:\bowen_lab3\micro_apps\arm\7.80.3\ST\STM32F4xx\STM32F4xx_DSP_StdPeriph_Lib\Project\Lab3\EWARM\STM324xG_EVAL\Obj\stm32f4xx_wwdg.o
#        C:\bowen_lab3\micro_apps\arm\7.80.3\ST\STM32F4xx\STM32F4xx_DSP_StdPeriph_Lib\Project\Lab3\EWARM\STM324xG_EVAL\Obj\system_stm32f4xx.o
#        --redirect _Printf=_PrintfSmall --redirect _Scanf=_ScanfSmall -o
#        C:\bowen_lab3\micro_apps\arm\7.80.3\ST\STM32F4xx\STM32F4xx_DSP_StdPeriph_Lib\Project\Lab3\EWARM\STM324xG_EVAL\Exe\Project.out
#        --map
#        C:\bowen_lab3\micro_apps\arm\7.80.3\ST\STM32F4xx\STM32F4xx_DSP_StdPeriph_Lib\Project\Lab3\EWARM\STM324xG_EVAL\List\Project.map
#        --config "C:\Program Files (x86)\IAR Systems\Embedded Workbench
#        7.5\arm\config\linker\ST\stm32f407xG.icf" --semihosting --entry
#        __iar_program_start --vfe
#
###############################################################################

*******************************************************************************
*** RUNTIME MODEL ATTRIBUTES
***

CppFlavor       = *
__SystemLibrary = DLib


*******************************************************************************
*** PLACEMENT SUMMARY
***

"A0":  place at 0x08000000 { ro section .intvec };
"P1":  place in [from 0x08000000 to 0x080fffff] { ro };
"P3":  place in [from 0x10000000 to 0x1000ffff] { block CSTACK, section .ccram };
"P4":  place in [from 0x20000000 to 0x2001bfff] |
                [from 0x2001c000 to 0x2001ffff] { rw, block HEAP };

  Section          Kind        Address    Size  Object
  -------          ----        -------    ----  ------
"A0":                                    0x188
  .intvec          ro code  0x08000000   0x188  startup_stm32f40xx.o [1]
                          - 0x08000188   0x188

"P1":                                    0x6ec
  .text            ro code  0x08000188   0x154  system_stm32f4xx.o [1]
  .text            ro code  0x080002dc    0xb8  main.o [1]
  .text            ro code  0x08000394    0x48  stm32f4xx_rcc.o [1]
  .text            ro code  0x080003dc    0xa4  stm32f4xx_gpio.o [1]
  .text            ro code  0x08000480    0x54  stm32f4xx_syscfg.o [1]
  .text            ro code  0x080004d4    0xb8  stm32f4xx_exti.o [1]
  .text            ro code  0x0800058c    0x70  misc.o [1]
  .text            ro code  0x080005fc    0x40  zero_init3.o [5]
  .text            ro code  0x0800063c    0x36  stm32f4xx_it.o [1]
  .text            ro code  0x08000674    0x28  data_init.o [5]
  .text            ro code  0x0800069c    0x22  fpinit_M.o [4]
  .iar.init_table  const    0x080006c0    0x10  - Linker created -
  .text            ro code  0x080006d0    0x1a  cmain.o [5]
  .text            ro code  0x080006ea     0x4  low_level_init.o [3]
  .text            ro code  0x080006ee     0x4  exit.o [3]
  .text            ro code  0x080006f4     0xa  cexit.o [5]
  .text            ro code  0x08000700    0x14  exit.o [6]
  .text            ro code  0x08000714    0x10  startup_stm32f40xx.o [1]
  .text            ro code  0x08000724     0xc  cstartup_M.o [5]
  .text            ro code  0x08000730     0x4  startup_stm32f40xx.o [1]
  .text            ro code  0x08000734     0x4  startup_stm32f40xx.o [1]
  .text            ro code  0x08000738     0x4  startup_stm32f40xx.o [1]
  .text            ro code  0x0800073c     0x4  startup_stm32f40xx.o [1]
  .text            ro code  0x08000740     0x4  startup_stm32f40xx.o [1]
  .text            ro code  0x08000744     0x4  startup_stm32f40xx.o [1]
  .text            ro code  0x08000748     0x4  startup_stm32f40xx.o [1]
  .text            ro code  0x0800074c     0x4  startup_stm32f40xx.o [1]
  .text            ro code  0x08000750     0x4  startup_stm32f40xx.o [1]
  .text            ro code  0x08000754     0x4  startup_stm32f40xx.o [1]
  .text            ro code  0x08000758     0x4  startup_stm32f40xx.o [1]
  .text            ro code  0x0800075c     0x4  startup_stm32f40xx.o [1]
  .text            ro code  0x08000760     0x4  startup_stm32f40xx.o [1]
  .text            ro code  0x08000764     0x4  startup_stm32f40xx.o [1]
  .text            ro code  0x08000768     0x4  startup_stm32f40xx.o [1]
  .text            ro code  0x0800076c     0x4  startup_stm32f40xx.o [1]
  .text            ro code  0x08000770     0x4  startup_stm32f40xx.o [1]
  .text            ro code  0x08000774     0x4  startup_stm32f40xx.o [1]
  .text            ro code  0x08000778     0x4  startup_stm32f40xx.o [1]
  .text            ro code  0x0800077c     0x4  startup_stm32f40xx.o [1]
  .text            ro code  0x08000780     0x4  startup_stm32f40xx.o [1]
  .text            ro code  0x08000784     0x4  startup_stm32f40xx.o [1]
  .text            ro code  0x08000788     0x4  startup_stm32f40xx.o [1]
  .text            ro code  0x0800078c     0x4  startup_stm32f40xx.o [1]
  .text            ro code  0x08000790     0x4  startup_stm32f40xx.o [1]
  .text            ro code  0x08000794     0x4  startup_stm32f40xx.o [1]
  .text            ro code  0x08000798     0x4  startup_stm32f40xx.o [1]
  .text            ro code  0x0800079c     0x4  startup_stm32f40xx.o [1]
  .text            ro code  0x080007a0     0x4  startup_stm32f40xx.o [1]
  .text            ro code  0x080007a4     0x4  startup_stm32f40xx.o [1]
  .text            ro code  0x080007a8     0x4  startup_stm32f40xx.o [1]
  .text            ro code  0x080007ac     0x4  startup_stm32f40xx.o [1]
  .text            ro code  0x080007b0     0x4  startup_stm32f40xx.o [1]
  .text            ro code  0x080007b4     0x4  startup_stm32f40xx.o [1]
  .text            ro code  0x080007b8     0x4  startup_stm32f40xx.o [1]
  .text            ro code  0x080007bc     0x4  startup_stm32f40xx.o [1]
  .text            ro code  0x080007c0     0x4  startup_stm32f40xx.o [1]
  .text            ro code  0x080007c4     0x4  startup_stm32f40xx.o [1]
  .text            ro code  0x080007c8     0x4  startup_stm32f40xx.o [1]
  .text            ro code  0x080007cc     0x4  startup_stm32f40xx.o [1]
  .text            ro code  0x080007d0     0x4  startup_stm32f40xx.o [1]
  .text            ro code  0x080007d4     0x4  startup_stm32f40xx.o [1]
  .text            ro code  0x080007d8     0x4  startup_stm32f40xx.o [1]
  .text            ro code  0x080007dc     0x4  startup_stm32f40xx.o [1]
  .text            ro code  0x080007e0     0x4  startup_stm32f40xx.o [1]
  .text            ro code  0x080007e4     0x4  startup_stm32f40xx.o [1]
  .text            ro code  0x080007e8     0x4  startup_stm32f40xx.o [1]
  .text            ro code  0x080007ec     0x4  startup_stm32f40xx.o [1]
  .text            ro code  0x080007f0     0x4  startup_stm32f40xx.o [1]
  .text            ro code  0x080007f4     0x4  startup_stm32f40xx.o [1]
  .text            ro code  0x080007f8     0x4  startup_stm32f40xx.o [1]
  .text            ro code  0x080007fc     0x4  startup_stm32f40xx.o [1]
  .text            ro code  0x08000800     0x4  startup_stm32f40xx.o [1]
  .text            ro code  0x08000804     0x4  startup_stm32f40xx.o [1]
  .text            ro code  0x08000808     0x4  startup_stm32f40xx.o [1]
  .text            ro code  0x0800080c     0x4  startup_stm32f40xx.o [1]
  .text            ro code  0x08000810     0x4  startup_stm32f40xx.o [1]
  .text            ro code  0x08000814     0x4  startup_stm32f40xx.o [1]
  .text            ro code  0x08000818     0x4  startup_stm32f40xx.o [1]
  .text            ro code  0x0800081c     0x4  startup_stm32f40xx.o [1]
  .text            ro code  0x08000820     0x4  startup_stm32f40xx.o [1]
  .text            ro code  0x08000824     0x4  startup_stm32f40xx.o [1]
  .text            ro code  0x08000828     0x4  startup_stm32f40xx.o [1]
  .text            ro code  0x0800082c     0x4  startup_stm32f40xx.o [1]
  .text            ro code  0x08000830     0x4  startup_stm32f40xx.o [1]
  .text            ro code  0x08000834     0x4  startup_stm32f40xx.o [1]
  .text            ro code  0x08000838     0x4  startup_stm32f40xx.o [1]
  .text            ro code  0x0800083c     0x4  startup_stm32f40xx.o [1]
  .text            ro code  0x08000840     0x4  startup_stm32f40xx.o [1]
  .text            ro code  0x08000844     0x4  startup_stm32f40xx.o [1]
  .text            ro code  0x08000848     0x4  startup_stm32f40xx.o [1]
  .text            ro code  0x0800084c     0x4  startup_stm32f40xx.o [1]
  .text            ro code  0x08000850     0x4  startup_stm32f40xx.o [1]
  .text            ro code  0x08000854     0x4  startup_stm32f40xx.o [1]
  .text            ro code  0x08000858     0x4  startup_stm32f40xx.o [1]
  .text            ro code  0x0800085c     0x4  startup_stm32f40xx.o [1]
  .text            ro code  0x08000860     0x4  startup_stm32f40xx.o [1]
  .text            ro code  0x08000864     0x4  startup_stm32f40xx.o [1]
  .text            ro code  0x08000868     0x4  startup_stm32f40xx.o [1]
  .text            ro code  0x0800086c     0x4  startup_stm32f40xx.o [1]
  .text            ro code  0x08000870     0x4  startup_stm32f40xx.o [1]
  .rodata          const    0x08000874     0x0  zero_init3.o [5]
                          - 0x08000874   0x6ec

"P3":                                   0x2000
  CSTACK                    0x10000000  0x2000  <Block>
    CSTACK         uninit   0x10000000  0x2000  <Block tail>
                          - 0x10002000  0x2000

"P4":                                     0x14
  .bss             zero     0x20000000     0x8  main.o [1]
  .bss             zero     0x20000008     0x8  main.o [1]
  .bss             zero     0x20000010     0x4  main.o [1]
                          - 0x20000014    0x14


*******************************************************************************
*** INIT TABLE
***

          Address     Size
          -------     ----
Zero (__iar_zero_init3)
    1 destination range, total size 0x14:
          0x20000000  0x14



*******************************************************************************
*** MODULE SUMMARY
***

    Module                ro code  ro data  rw data
    ------                -------  -------  -------
C:\bowen_lab3\micro_apps\arm\7.80.3\ST\STM32F4xx\STM32F4xx_DSP_StdPeriph_Lib\Project\Lab3\EWARM\STM324xG_EVAL\Obj: [1]
    main.o                    184                20
    misc.o                    112
    startup_stm32f40xx.o      732
    stm32f4xx_exti.o          184
    stm32f4xx_gpio.o          164
    stm32f4xx_it.o             54
    stm32f4xx_rcc.o            72
    stm32f4xx_syscfg.o         84
    system_stm32f4xx.o        340
    -----------------------------------------------
    Total:                  1 926                20

command line: [2]
    -----------------------------------------------
    Total:

dl7M_tln.a: [3]
    exit.o                      4
    low_level_init.o            4
    -----------------------------------------------
    Total:                      8

m7M_tls.a: [4]
    fpinit_M.o                 34
    -----------------------------------------------
    Total:                     34

rt7M_tl.a: [5]
    cexit.o                    10
    cmain.o                    26
    cstartup_M.o               12
    data_init.o                40
    zero_init3.o               64
    -----------------------------------------------
    Total:                    152

shb_l.a: [6]
    exit.o                     20
    -----------------------------------------------
    Total:                     20

    Gaps                        6        2
    Linker created                      16    8 192
---------------------------------------------------
    Grand Total:            2 146       18    8 212


*******************************************************************************
*** ENTRY LIST
***

Entry                      Address  Size  Type      Object
-----                      -------  ----  ----      ------
.iar.init_table$$Base   0x080006c0         --   Gb  - Linker created -
.iar.init_table$$Limit  0x080006d0         --   Gb  - Linker created -
?main                   0x080006d1        Code  Gb  cmain.o [5]
BusFault_Handler        0x08000667   0x2  Code  Gb  stm32f4xx_it.o [1]
CSTACK$$Base            0x10000000         --   Gb  - Linker created -
CSTACK$$Limit           0x10002000         --   Gb  - Linker created -
DebugMon_Handler        0x0800066d   0x2  Code  Gb  stm32f4xx_it.o [1]
EXTI2_IRQHandler        0x0800063d  0x20  Code  Gb  stm32f4xx_it.o [1]
EXTI_ClearITPendingBit  0x08000571   0x6  Code  Gb  stm32f4xx_exti.o [1]
EXTI_GetITStatus        0x0800055b  0x16  Code  Gb  stm32f4xx_exti.o [1]
EXTI_Init               0x080004d5  0x86  Code  Gb  stm32f4xx_exti.o [1]
EXTI_InitStructure      0x20000008   0x8  Data  Gb  main.o [1]
GPIO_Init               0x080003dd  0xa4  Code  Gb  stm32f4xx_gpio.o [1]
GPIO_InitStructure      0x20000000   0x8  Data  Gb  main.o [1]
HardFault_Handler       0x08000663   0x2  Code  Gb  stm32f4xx_it.o [1]
MemManage_Handler       0x08000665   0x2  Code  Gb  stm32f4xx_it.o [1]
NMI_Handler             0x08000661   0x2  Code  Gb  stm32f4xx_it.o [1]
NVIC_Init               0x0800058d  0x60  Code  Gb  misc.o [1]
NVIC_InitStructure_Main
                        0x20000010   0x4  Data  Gb  main.o [1]
PendSV_Handler          0x0800066f   0x2  Code  Gb  stm32f4xx_it.o [1]
RCC_AHB1PeriphClockCmd  0x08000395  0x20  Code  Gb  stm32f4xx_rcc.o [1]
RCC_APB2PeriphClockCmd  0x080003b5  0x20  Code  Gb  stm32f4xx_rcc.o [1]
Region$$Table$$Base     0x080006c0         --   Gb  - Linker created -
Region$$Table$$Limit    0x080006d0         --   Gb  - Linker created -
SVC_Handler             0x0800066b   0x2  Code  Gb  stm32f4xx_it.o [1]
SYSCFG_EXTILineConfig   0x08000481  0x4e  Code  Gb  stm32f4xx_syscfg.o [1]
SetSysClock             0x080001db  0xce  Code  Lc  system_stm32f4xx.o [1]
SysTick_Handler         0x08000671   0x2  Code  Gb  stm32f4xx_it.o [1]
SystemInit              0x08000189  0x52  Code  Gb  system_stm32f4xx.o [1]
UsageFault_Handler      0x08000669   0x2  Code  Gb  stm32f4xx_it.o [1]
__cmain                 0x080006d1        Code  Gb  cmain.o [5]
__exit                  0x08000701  0x14  Code  Gb  exit.o [6]
__iar_data_init3        0x08000675  0x28  Code  Gb  data_init.o [5]
__iar_init_vfp          0x0800069d        Code  Gb  fpinit_M.o [4]
__iar_program_start     0x08000725        Code  Gb  cstartup_M.o [5]
__iar_zero_init3        0x080005fd  0x40  Code  Gb  zero_init3.o [5]
__low_level_init        0x080006eb   0x4  Code  Gb  low_level_init.o [3]
__vector_table          0x08000000        Data  Gb  startup_stm32f40xx.o [1]
_call_main              0x080006dd        Code  Gb  cmain.o [5]
_exit                   0x080006f5        Code  Gb  cexit.o [5]
_main                   0x080006e7        Code  Gb  cmain.o [5]
exit                    0x080006ef   0x4  Code  Gb  exit.o [3]
main                    0x080002dd  0xb8  Code  Gb  main.o [1]


[1] = C:\bowen_lab3\micro_apps\arm\7.80.3\ST\STM32F4xx\STM32F4xx_DSP_StdPeriph_Lib\Project\Lab3\EWARM\STM324xG_EVAL\Obj
[2] = command line
[3] = dl7M_tln.a
[4] = m7M_tls.a
[5] = rt7M_tl.a
[6] = shb_l.a

  2 146 bytes of readonly  code memory
     18 bytes of readonly  data memory
  8 212 bytes of readwrite data memory

Errors: none
Warnings: none
