###############################################################################
#
# IAR ELF Linker V7.80.3.12102/W32 for ARM                27/Feb/2017  18:55:47
# Copyright 2007-2016 IAR Systems AB.
#
#    Output file  =  
#        C:\Users\ecelab\Desktop\micro_apps\arm\7.80.3\ST\STM32F4xx\STM32F4xx_DSP_StdPeriph_Lib\Project\Lab6\EWARM\STM324xG_EVAL\Exe\Project.out
#    Map file     =  
#        C:\Users\ecelab\Desktop\micro_apps\arm\7.80.3\ST\STM32F4xx\STM32F4xx_DSP_StdPeriph_Lib\Project\Lab6\EWARM\STM324xG_EVAL\List\Project.map
#    Command line =  
#        C:\Users\ecelab\Desktop\micro_apps\arm\7.80.3\ST\STM32F4xx\STM32F4xx_DSP_StdPeriph_Lib\Project\Lab6\EWARM\STM324xG_EVAL\Obj\main.o
#        C:\Users\ecelab\Desktop\micro_apps\arm\7.80.3\ST\STM32F4xx\STM32F4xx_DSP_StdPeriph_Lib\Project\Lab6\EWARM\STM324xG_EVAL\Obj\misc.o
#        C:\Users\ecelab\Desktop\micro_apps\arm\7.80.3\ST\STM32F4xx\STM32F4xx_DSP_StdPeriph_Lib\Project\Lab6\EWARM\STM324xG_EVAL\Obj\startup_stm32f40xx.o
#        C:\Users\ecelab\Desktop\micro_apps\arm\7.80.3\ST\STM32F4xx\STM32F4xx_DSP_StdPeriph_Lib\Project\Lab6\EWARM\STM324xG_EVAL\Obj\stm324xg_eval.o
#        C:\Users\ecelab\Desktop\micro_apps\arm\7.80.3\ST\STM32F4xx\STM32F4xx_DSP_StdPeriph_Lib\Project\Lab6\EWARM\STM324xG_EVAL\Obj\stm324xg_eval_fsmc_sram.o
#        C:\Users\ecelab\Desktop\micro_apps\arm\7.80.3\ST\STM32F4xx\STM32F4xx_DSP_StdPeriph_Lib\Project\Lab6\EWARM\STM324xG_EVAL\Obj\stm324xg_eval_ioe.o
#        C:\Users\ecelab\Desktop\micro_apps\arm\7.80.3\ST\STM32F4xx\STM32F4xx_DSP_StdPeriph_Lib\Project\Lab6\EWARM\STM324xG_EVAL\Obj\stm324xg_eval_lcd.o
#        C:\Users\ecelab\Desktop\micro_apps\arm\7.80.3\ST\STM32F4xx\STM32F4xx_DSP_StdPeriph_Lib\Project\Lab6\EWARM\STM324xG_EVAL\Obj\stm32f4xx_adc.o
#        C:\Users\ecelab\Desktop\micro_apps\arm\7.80.3\ST\STM32F4xx\STM32F4xx_DSP_StdPeriph_Lib\Project\Lab6\EWARM\STM324xG_EVAL\Obj\stm32f4xx_can.o
#        C:\Users\ecelab\Desktop\micro_apps\arm\7.80.3\ST\STM32F4xx\STM32F4xx_DSP_StdPeriph_Lib\Project\Lab6\EWARM\STM324xG_EVAL\Obj\stm32f4xx_crc.o
#        C:\Users\ecelab\Desktop\micro_apps\arm\7.80.3\ST\STM32F4xx\STM32F4xx_DSP_StdPeriph_Lib\Project\Lab6\EWARM\STM324xG_EVAL\Obj\stm32f4xx_cryp.o
#        C:\Users\ecelab\Desktop\micro_apps\arm\7.80.3\ST\STM32F4xx\STM32F4xx_DSP_StdPeriph_Lib\Project\Lab6\EWARM\STM324xG_EVAL\Obj\stm32f4xx_cryp_aes.o
#        C:\Users\ecelab\Desktop\micro_apps\arm\7.80.3\ST\STM32F4xx\STM32F4xx_DSP_StdPeriph_Lib\Project\Lab6\EWARM\STM324xG_EVAL\Obj\stm32f4xx_cryp_des.o
#        C:\Users\ecelab\Desktop\micro_apps\arm\7.80.3\ST\STM32F4xx\STM32F4xx_DSP_StdPeriph_Lib\Project\Lab6\EWARM\STM324xG_EVAL\Obj\stm32f4xx_cryp_tdes.o
#        C:\Users\ecelab\Desktop\micro_apps\arm\7.80.3\ST\STM32F4xx\STM32F4xx_DSP_StdPeriph_Lib\Project\Lab6\EWARM\STM324xG_EVAL\Obj\stm32f4xx_dac.o
#        C:\Users\ecelab\Desktop\micro_apps\arm\7.80.3\ST\STM32F4xx\STM32F4xx_DSP_StdPeriph_Lib\Project\Lab6\EWARM\STM324xG_EVAL\Obj\stm32f4xx_dbgmcu.o
#        C:\Users\ecelab\Desktop\micro_apps\arm\7.80.3\ST\STM32F4xx\STM32F4xx_DSP_StdPeriph_Lib\Project\Lab6\EWARM\STM324xG_EVAL\Obj\stm32f4xx_dcmi.o
#        C:\Users\ecelab\Desktop\micro_apps\arm\7.80.3\ST\STM32F4xx\STM32F4xx_DSP_StdPeriph_Lib\Project\Lab6\EWARM\STM324xG_EVAL\Obj\stm32f4xx_dma.o
#        C:\Users\ecelab\Desktop\micro_apps\arm\7.80.3\ST\STM32F4xx\STM32F4xx_DSP_StdPeriph_Lib\Project\Lab6\EWARM\STM324xG_EVAL\Obj\stm32f4xx_exti.o
#        C:\Users\ecelab\Desktop\micro_apps\arm\7.80.3\ST\STM32F4xx\STM32F4xx_DSP_StdPeriph_Lib\Project\Lab6\EWARM\STM324xG_EVAL\Obj\stm32f4xx_flash.o
#        C:\Users\ecelab\Desktop\micro_apps\arm\7.80.3\ST\STM32F4xx\STM32F4xx_DSP_StdPeriph_Lib\Project\Lab6\EWARM\STM324xG_EVAL\Obj\stm32f4xx_fsmc.o
#        C:\Users\ecelab\Desktop\micro_apps\arm\7.80.3\ST\STM32F4xx\STM32F4xx_DSP_StdPeriph_Lib\Project\Lab6\EWARM\STM324xG_EVAL\Obj\stm32f4xx_gpio.o
#        C:\Users\ecelab\Desktop\micro_apps\arm\7.80.3\ST\STM32F4xx\STM32F4xx_DSP_StdPeriph_Lib\Project\Lab6\EWARM\STM324xG_EVAL\Obj\stm32f4xx_hash.o
#        C:\Users\ecelab\Desktop\micro_apps\arm\7.80.3\ST\STM32F4xx\STM32F4xx_DSP_StdPeriph_Lib\Project\Lab6\EWARM\STM324xG_EVAL\Obj\stm32f4xx_hash_md5.o
#        C:\Users\ecelab\Desktop\micro_apps\arm\7.80.3\ST\STM32F4xx\STM32F4xx_DSP_StdPeriph_Lib\Project\Lab6\EWARM\STM324xG_EVAL\Obj\stm32f4xx_hash_sha1.o
#        C:\Users\ecelab\Desktop\micro_apps\arm\7.80.3\ST\STM32F4xx\STM32F4xx_DSP_StdPeriph_Lib\Project\Lab6\EWARM\STM324xG_EVAL\Obj\stm32f4xx_i2c.o
#        C:\Users\ecelab\Desktop\micro_apps\arm\7.80.3\ST\STM32F4xx\STM32F4xx_DSP_StdPeriph_Lib\Project\Lab6\EWARM\STM324xG_EVAL\Obj\stm32f4xx_it.o
#        C:\Users\ecelab\Desktop\micro_apps\arm\7.80.3\ST\STM32F4xx\STM32F4xx_DSP_StdPeriph_Lib\Project\Lab6\EWARM\STM324xG_EVAL\Obj\stm32f4xx_iwdg.o
#        C:\Users\ecelab\Desktop\micro_apps\arm\7.80.3\ST\STM32F4xx\STM32F4xx_DSP_StdPeriph_Lib\Project\Lab6\EWARM\STM324xG_EVAL\Obj\stm32f4xx_pwr.o
#        C:\Users\ecelab\Desktop\micro_apps\arm\7.80.3\ST\STM32F4xx\STM32F4xx_DSP_StdPeriph_Lib\Project\Lab6\EWARM\STM324xG_EVAL\Obj\stm32f4xx_rcc.o
#        C:\Users\ecelab\Desktop\micro_apps\arm\7.80.3\ST\STM32F4xx\STM32F4xx_DSP_StdPeriph_Lib\Project\Lab6\EWARM\STM324xG_EVAL\Obj\stm32f4xx_rng.o
#        C:\Users\ecelab\Desktop\micro_apps\arm\7.80.3\ST\STM32F4xx\STM32F4xx_DSP_StdPeriph_Lib\Project\Lab6\EWARM\STM324xG_EVAL\Obj\stm32f4xx_rtc.o
#        C:\Users\ecelab\Desktop\micro_apps\arm\7.80.3\ST\STM32F4xx\STM32F4xx_DSP_StdPeriph_Lib\Project\Lab6\EWARM\STM324xG_EVAL\Obj\stm32f4xx_sdio.o
#        C:\Users\ecelab\Desktop\micro_apps\arm\7.80.3\ST\STM32F4xx\STM32F4xx_DSP_StdPeriph_Lib\Project\Lab6\EWARM\STM324xG_EVAL\Obj\stm32f4xx_spi.o
#        C:\Users\ecelab\Desktop\micro_apps\arm\7.80.3\ST\STM32F4xx\STM32F4xx_DSP_StdPeriph_Lib\Project\Lab6\EWARM\STM324xG_EVAL\Obj\stm32f4xx_syscfg.o
#        C:\Users\ecelab\Desktop\micro_apps\arm\7.80.3\ST\STM32F4xx\STM32F4xx_DSP_StdPeriph_Lib\Project\Lab6\EWARM\STM324xG_EVAL\Obj\stm32f4xx_tim.o
#        C:\Users\ecelab\Desktop\micro_apps\arm\7.80.3\ST\STM32F4xx\STM32F4xx_DSP_StdPeriph_Lib\Project\Lab6\EWARM\STM324xG_EVAL\Obj\stm32f4xx_usart.o
#        C:\Users\ecelab\Desktop\micro_apps\arm\7.80.3\ST\STM32F4xx\STM32F4xx_DSP_StdPeriph_Lib\Project\Lab6\EWARM\STM324xG_EVAL\Obj\stm32f4xx_wwdg.o
#        C:\Users\ecelab\Desktop\micro_apps\arm\7.80.3\ST\STM32F4xx\STM32F4xx_DSP_StdPeriph_Lib\Project\Lab6\EWARM\STM324xG_EVAL\Obj\system_stm32f4xx.o
#        --redirect _Printf=_PrintfSmall --redirect _Scanf=_ScanfSmall -o
#        C:\Users\ecelab\Desktop\micro_apps\arm\7.80.3\ST\STM32F4xx\STM32F4xx_DSP_StdPeriph_Lib\Project\Lab6\EWARM\STM324xG_EVAL\Exe\Project.out
#        --map
#        C:\Users\ecelab\Desktop\micro_apps\arm\7.80.3\ST\STM32F4xx\STM32F4xx_DSP_StdPeriph_Lib\Project\Lab6\EWARM\STM324xG_EVAL\List\Project.map
#        --config "C:\Program Files (x86)\IAR Systems\Embedded Workbench
#        7.5\arm\config\linker\ST\stm32f407xG.icf" --semihosting --entry
#        __iar_program_start --vfe
#
###############################################################################

*******************************************************************************
*** RUNTIME MODEL ATTRIBUTES
***

CppFlavor       = *
__SystemLibrary = DLib


*******************************************************************************
*** PLACEMENT SUMMARY
***

"A0":  place at 0x08000000 { ro section .intvec };
"P1":  place in [from 0x08000000 to 0x080fffff] { ro };
"P3":  place in [from 0x10000000 to 0x1000ffff] { block CSTACK, section .ccram };
"P4":  place in [from 0x20000000 to 0x2001bfff] |
                [from 0x2001c000 to 0x2001ffff] { rw, block HEAP };
initialize by copy { rw };

  Section            Kind        Address    Size  Object
  -------            ----        -------    ----  ------
"A0":                                      0x188
  .intvec            ro code  0x08000000   0x188  startup_stm32f40xx.o [1]
                            - 0x08000188   0x188

"P1":                                      0x7ec
  .text              ro code  0x08000188   0x160  stm32f4xx_tim.o [1]
  .text              ro code  0x080002e8   0x154  system_stm32f4xx.o [1]
  .text              ro code  0x0800043c   0x10c  main.o [1]
  .text              ro code  0x08000548    0x48  stm32f4xx_rcc.o [1]
  .text              ro code  0x08000590    0xa4  stm32f4xx_gpio.o [1]
  .text              ro code  0x08000634    0x70  misc.o [1]
  .text              ro code  0x080006a4    0x4e  stm32f4xx_it.o [1]
  .text              ro code  0x080006f2    0x2c  copy_init3.o [5]
  .text              ro code  0x08000720    0x28  data_init.o [5]
  .text              ro code  0x08000748    0x22  fpinit_M.o [4]
  .iar.init_table    const    0x0800076c    0x14  - Linker created -
  .text              ro code  0x08000780    0x1a  cmain.o [5]
  .text              ro code  0x0800079a     0x4  low_level_init.o [3]
  .text              ro code  0x0800079e     0x4  exit.o [3]
  .text              ro code  0x080007a4     0xa  cexit.o [5]
  .text              ro code  0x080007b0    0x14  exit.o [6]
  .text              ro code  0x080007c4    0x10  startup_stm32f40xx.o [1]
  .text              ro code  0x080007d4     0xc  cstartup_M.o [5]
  .text              ro code  0x080007e0     0x4  startup_stm32f40xx.o [1]
  .text              ro code  0x080007e4     0x4  startup_stm32f40xx.o [1]
  .text              ro code  0x080007e8     0x4  startup_stm32f40xx.o [1]
  .text              ro code  0x080007ec     0x4  startup_stm32f40xx.o [1]
  .text              ro code  0x080007f0     0x4  startup_stm32f40xx.o [1]
  .text              ro code  0x080007f4     0x4  startup_stm32f40xx.o [1]
  .text              ro code  0x080007f8     0x4  startup_stm32f40xx.o [1]
  .text              ro code  0x080007fc     0x4  startup_stm32f40xx.o [1]
  .text              ro code  0x08000800     0x4  startup_stm32f40xx.o [1]
  .text              ro code  0x08000804     0x4  startup_stm32f40xx.o [1]
  .text              ro code  0x08000808     0x4  startup_stm32f40xx.o [1]
  .text              ro code  0x0800080c     0x4  startup_stm32f40xx.o [1]
  .text              ro code  0x08000810     0x4  startup_stm32f40xx.o [1]
  .text              ro code  0x08000814     0x4  startup_stm32f40xx.o [1]
  .text              ro code  0x08000818     0x4  startup_stm32f40xx.o [1]
  .text              ro code  0x0800081c     0x4  startup_stm32f40xx.o [1]
  .text              ro code  0x08000820     0x4  startup_stm32f40xx.o [1]
  .text              ro code  0x08000824     0x4  startup_stm32f40xx.o [1]
  .text              ro code  0x08000828     0x4  startup_stm32f40xx.o [1]
  .text              ro code  0x0800082c     0x4  startup_stm32f40xx.o [1]
  .text              ro code  0x08000830     0x4  startup_stm32f40xx.o [1]
  .text              ro code  0x08000834     0x4  startup_stm32f40xx.o [1]
  .text              ro code  0x08000838     0x4  startup_stm32f40xx.o [1]
  .text              ro code  0x0800083c     0x4  startup_stm32f40xx.o [1]
  .text              ro code  0x08000840     0x4  startup_stm32f40xx.o [1]
  .text              ro code  0x08000844     0x4  startup_stm32f40xx.o [1]
  .text              ro code  0x08000848     0x4  startup_stm32f40xx.o [1]
  .text              ro code  0x0800084c     0x4  startup_stm32f40xx.o [1]
  .text              ro code  0x08000850     0x4  startup_stm32f40xx.o [1]
  .text              ro code  0x08000854     0x4  startup_stm32f40xx.o [1]
  .text              ro code  0x08000858     0x4  startup_stm32f40xx.o [1]
  .text              ro code  0x0800085c     0x4  startup_stm32f40xx.o [1]
  .text              ro code  0x08000860     0x4  startup_stm32f40xx.o [1]
  .text              ro code  0x08000864     0x4  startup_stm32f40xx.o [1]
  .text              ro code  0x08000868     0x4  startup_stm32f40xx.o [1]
  .text              ro code  0x0800086c     0x4  startup_stm32f40xx.o [1]
  .text              ro code  0x08000870     0x4  startup_stm32f40xx.o [1]
  .text              ro code  0x08000874     0x4  startup_stm32f40xx.o [1]
  .text              ro code  0x08000878     0x4  startup_stm32f40xx.o [1]
  .text              ro code  0x0800087c     0x4  startup_stm32f40xx.o [1]
  .text              ro code  0x08000880     0x4  startup_stm32f40xx.o [1]
  .text              ro code  0x08000884     0x4  startup_stm32f40xx.o [1]
  .text              ro code  0x08000888     0x4  startup_stm32f40xx.o [1]
  .text              ro code  0x0800088c     0x4  startup_stm32f40xx.o [1]
  .text              ro code  0x08000890     0x4  startup_stm32f40xx.o [1]
  .text              ro code  0x08000894     0x4  startup_stm32f40xx.o [1]
  .text              ro code  0x08000898     0x4  startup_stm32f40xx.o [1]
  .text              ro code  0x0800089c     0x4  startup_stm32f40xx.o [1]
  .text              ro code  0x080008a0     0x4  startup_stm32f40xx.o [1]
  .text              ro code  0x080008a4     0x4  startup_stm32f40xx.o [1]
  .text              ro code  0x080008a8     0x4  startup_stm32f40xx.o [1]
  .text              ro code  0x080008ac     0x4  startup_stm32f40xx.o [1]
  .text              ro code  0x080008b0     0x4  startup_stm32f40xx.o [1]
  .text              ro code  0x080008b4     0x4  startup_stm32f40xx.o [1]
  .text              ro code  0x080008b8     0x4  startup_stm32f40xx.o [1]
  .text              ro code  0x080008bc     0x4  startup_stm32f40xx.o [1]
  .text              ro code  0x080008c0     0x4  startup_stm32f40xx.o [1]
  .text              ro code  0x080008c4     0x4  startup_stm32f40xx.o [1]
  .text              ro code  0x080008c8     0x4  startup_stm32f40xx.o [1]
  .text              ro code  0x080008cc     0x4  startup_stm32f40xx.o [1]
  .text              ro code  0x080008d0     0x4  startup_stm32f40xx.o [1]
  .text              ro code  0x080008d4     0x4  startup_stm32f40xx.o [1]
  .text              ro code  0x080008d8     0x4  startup_stm32f40xx.o [1]
  .text              ro code  0x080008dc     0x4  startup_stm32f40xx.o [1]
  .text              ro code  0x080008e0     0x4  startup_stm32f40xx.o [1]
  .text              ro code  0x080008e4     0x4  startup_stm32f40xx.o [1]
  .text              ro code  0x080008e8     0x4  startup_stm32f40xx.o [1]
  .text              ro code  0x080008ec     0x4  startup_stm32f40xx.o [1]
  .text              ro code  0x080008f0     0x4  startup_stm32f40xx.o [1]
  .text              ro code  0x080008f4     0x4  startup_stm32f40xx.o [1]
  .text              ro code  0x080008f8     0x4  startup_stm32f40xx.o [1]
  .text              ro code  0x080008fc     0x4  startup_stm32f40xx.o [1]
  .text              ro code  0x08000900     0x4  startup_stm32f40xx.o [1]
  .text              ro code  0x08000904     0x4  startup_stm32f40xx.o [1]
  .text              ro code  0x08000908     0x4  startup_stm32f40xx.o [1]
  .text              ro code  0x0800090c     0x4  startup_stm32f40xx.o [1]
  .text              ro code  0x08000910     0x4  startup_stm32f40xx.o [1]
  .text              ro code  0x08000914     0x4  startup_stm32f40xx.o [1]
  .text              ro code  0x08000918     0x4  startup_stm32f40xx.o [1]
  .text              ro code  0x0800091c     0x4  startup_stm32f40xx.o [1]
  .text              ro code  0x08000920     0x4  startup_stm32f40xx.o [1]
  .text              ro code  0x08000924     0x4  startup_stm32f40xx.o [1]
  .text              ro code  0x08000928     0x4  startup_stm32f40xx.o [1]
  .text              ro code  0x0800092c     0x4  startup_stm32f40xx.o [1]
  .text              ro code  0x08000930     0x4  startup_stm32f40xx.o [1]
  .text              ro code  0x08000934     0x4  startup_stm32f40xx.o [1]
  .text              ro code  0x08000938     0x4  startup_stm32f40xx.o [1]
  .text              ro code  0x0800093c     0x4  startup_stm32f40xx.o [1]
  .text              ro code  0x08000940     0x4  startup_stm32f40xx.o [1]
  .rodata            const    0x08000944     0x0  copy_init3.o [5]
  Initializer bytes  const    0x08000944    0x30  <for P4 s0>
                            - 0x08000974   0x7ec

"P3":                                     0x2000
  CSTACK                      0x10000000  0x2000  <Block>
    CSTACK           uninit   0x10000000  0x2000  <Block tail>
                            - 0x10002000  0x2000

"P4":                                       0x30
  P4 s0                       0x20000000    0x30  <Init block>
    .bss             inited   0x20000000    0x14  main.o [1]
    .bss             inited   0x20000014     0xc  main.o [1]
    .bss             inited   0x20000020     0x8  main.o [1]
    .data            inited   0x20000028     0x4  system_stm32f4xx.o [1]
    .bss             inited   0x2000002c     0x4  main.o [1]
                            - 0x20000030    0x30


*******************************************************************************
*** INIT TABLE
***

          Address     Size
          -------     ----
Copy (__iar_copy_init3)
    1 source range, total size 0x30:
          0x08000944  0x30
    1 destination range, total size 0x30:
          0x20000000  0x30



*******************************************************************************
*** MODULE SUMMARY
***

    Module                ro code  ro data  rw data
    ------                -------  -------  -------
C:\Users\ecelab\Desktop\micro_apps\arm\7.80.3\ST\STM32F4xx\STM32F4xx_DSP_StdPeriph_Lib\Project\Lab6\EWARM\STM324xG_EVAL\Obj: [1]
    main.o                    268       44       44
    misc.o                    112
    startup_stm32f40xx.o      764
    stm32f4xx_gpio.o          164
    stm32f4xx_it.o             78
    stm32f4xx_rcc.o            72
    stm32f4xx_tim.o           352
    system_stm32f4xx.o        340        4        4
    -----------------------------------------------
    Total:                  2 150       48       48

command line: [2]
    -----------------------------------------------
    Total:

dl7M_tln.a: [3]
    exit.o                      4
    low_level_init.o            4
    -----------------------------------------------
    Total:                      8

m7M_tls.a: [4]
    fpinit_M.o                 34
    -----------------------------------------------
    Total:                     34

rt7M_tl.a: [5]
    cexit.o                    10
    cmain.o                    26
    copy_init3.o               44
    cstartup_M.o               12
    data_init.o                40
    -----------------------------------------------
    Total:                    132

shb_l.a: [6]
    exit.o                     20
    -----------------------------------------------
    Total:                     20

    Gaps                        6        2
    Linker created                      20    8 192
---------------------------------------------------
    Grand Total:            2 350       70    8 240


*******************************************************************************
*** ENTRY LIST
***

Entry                      Address   Size  Type      Object
-----                      -------   ----  ----      ------
.iar.init_table$$Base   0x0800076c          --   Gb  - Linker created -
.iar.init_table$$Limit  0x08000780          --   Gb  - Linker created -
?main                   0x08000781         Code  Gb  cmain.o [5]
CSTACK$$Base            0x10000000          --   Gb  - Linker created -
CSTACK$$Limit           0x10002000          --   Gb  - Linker created -
GPIO_Init               0x08000591   0xa4  Code  Gb  stm32f4xx_gpio.o [1]
GPIO_InitStructure      0x20000020    0x8  Data  Gb  main.o [1]
NVIC_Init               0x08000635   0x60  Code  Gb  misc.o [1]
NVIC_InitStructureMain  0x2000002c    0x4  Data  Gb  main.o [1]
RCC_AHB1PeriphClockCmd  0x08000549   0x20  Code  Gb  stm32f4xx_rcc.o [1]
RCC_APB1PeriphClockCmd  0x08000569   0x20  Code  Gb  stm32f4xx_rcc.o [1]
Region$$Table$$Base     0x0800076c          --   Gb  - Linker created -
Region$$Table$$Limit    0x08000780          --   Gb  - Linker created -
SetSysClock             0x0800033b   0xce  Code  Lc  system_stm32f4xx.o [1]
SysTick_Handler         0x080006f1    0x2  Code  Gb  stm32f4xx_it.o [1]
SystemCoreClock         0x20000028    0x4  Data  Gb  system_stm32f4xx.o [1]
SystemInit              0x080002e9   0x52  Code  Gb  system_stm32f4xx.o [1]
TIM5_IRQHandler         0x080006a5   0x3c  Code  Gb  stm32f4xx_it.o [1]
TIM_ClearITPendingBit   0x080002e1    0x8  Code  Gb  stm32f4xx_tim.o [1]
TIM_Cmd                 0x080001f1   0x1c  Code  Gb  stm32f4xx_tim.o [1]
TIM_GetITStatus         0x080002b9   0x28  Code  Gb  stm32f4xx_tim.o [1]
TIM_ITConfig            0x080002a1   0x18  Code  Gb  stm32f4xx_tim.o [1]
TIM_OC1Init             0x0800020d   0x78  Code  Gb  stm32f4xx_tim.o [1]
TIM_OCInitStructure     0x20000000   0x14  Data  Gb  main.o [1]
TIM_TimeBaseInit        0x08000189   0x68  Code  Gb  stm32f4xx_tim.o [1]
TIM_TimeBaseStructure   0x20000014    0xc  Data  Gb  main.o [1]
__cmain                 0x08000781         Code  Gb  cmain.o [5]
__exit                  0x080007b1   0x14  Code  Gb  exit.o [6]
__iar_copy_init3        0x080006f3   0x2c  Code  Gb  copy_init3.o [5]
__iar_data_init3        0x08000721   0x28  Code  Gb  data_init.o [5]
__iar_init_vfp          0x08000749         Code  Gb  fpinit_M.o [4]
__iar_program_start     0x080007d5         Code  Gb  cstartup_M.o [5]
__low_level_init        0x0800079b    0x4  Code  Gb  low_level_init.o [3]
__vector_table          0x08000000         Data  Gb  startup_stm32f40xx.o [1]
_call_main              0x0800078d         Code  Gb  cmain.o [5]
_exit                   0x080007a5         Code  Gb  cexit.o [5]
_main                   0x08000797         Code  Gb  cmain.o [5]
exit                    0x0800079f    0x4  Code  Gb  exit.o [3]
main                    0x0800043d  0x10c  Code  Gb  main.o [1]


[1] = C:\Users\ecelab\Desktop\micro_apps\arm\7.80.3\ST\STM32F4xx\STM32F4xx_DSP_StdPeriph_Lib\Project\Lab6\EWARM\STM324xG_EVAL\Obj
[2] = command line
[3] = dl7M_tln.a
[4] = m7M_tls.a
[5] = rt7M_tl.a
[6] = shb_l.a

  2 350 bytes of readonly  code memory
     70 bytes of readonly  data memory
  8 240 bytes of readwrite data memory

Errors: none
Warnings: none
