###############################################################################
#
# IAR ELF Linker V7.80.3.12102/W32 for ARM                23/Jan/2017  19:21:43
# Copyright 2007-2016 IAR Systems AB.
#
#    Output file  =  
#        C:\proj\micro_apps\arm\7.80.3\ST\STM32F4xx\STM32F4xx_DSP_StdPeriph_Lib\Project\STM32F4xx_StdPeriph_Templates\EWARM\STM324xG_EVAL\Exe\Project.out
#    Map file     =  
#        C:\proj\micro_apps\arm\7.80.3\ST\STM32F4xx\STM32F4xx_DSP_StdPeriph_Lib\Project\STM32F4xx_StdPeriph_Templates\EWARM\STM324xG_EVAL\List\Project.map
#    Command line =  
#        C:\proj\micro_apps\arm\7.80.3\ST\STM32F4xx\STM32F4xx_DSP_StdPeriph_Lib\Project\STM32F4xx_StdPeriph_Templates\EWARM\STM324xG_EVAL\Obj\main.o
#        C:\proj\micro_apps\arm\7.80.3\ST\STM32F4xx\STM32F4xx_DSP_StdPeriph_Lib\Project\STM32F4xx_StdPeriph_Templates\EWARM\STM324xG_EVAL\Obj\misc.o
#        C:\proj\micro_apps\arm\7.80.3\ST\STM32F4xx\STM32F4xx_DSP_StdPeriph_Lib\Project\STM32F4xx_StdPeriph_Templates\EWARM\STM324xG_EVAL\Obj\startup_stm32f40xx.o
#        C:\proj\micro_apps\arm\7.80.3\ST\STM32F4xx\STM32F4xx_DSP_StdPeriph_Lib\Project\STM32F4xx_StdPeriph_Templates\EWARM\STM324xG_EVAL\Obj\stm324xg_eval.o
#        C:\proj\micro_apps\arm\7.80.3\ST\STM32F4xx\STM32F4xx_DSP_StdPeriph_Lib\Project\STM32F4xx_StdPeriph_Templates\EWARM\STM324xG_EVAL\Obj\stm324xg_eval_fsmc_sram.o
#        C:\proj\micro_apps\arm\7.80.3\ST\STM32F4xx\STM32F4xx_DSP_StdPeriph_Lib\Project\STM32F4xx_StdPeriph_Templates\EWARM\STM324xG_EVAL\Obj\stm324xg_eval_ioe.o
#        C:\proj\micro_apps\arm\7.80.3\ST\STM32F4xx\STM32F4xx_DSP_StdPeriph_Lib\Project\STM32F4xx_StdPeriph_Templates\EWARM\STM324xG_EVAL\Obj\stm324xg_eval_lcd.o
#        C:\proj\micro_apps\arm\7.80.3\ST\STM32F4xx\STM32F4xx_DSP_StdPeriph_Lib\Project\STM32F4xx_StdPeriph_Templates\EWARM\STM324xG_EVAL\Obj\stm32f4xx_adc.o
#        C:\proj\micro_apps\arm\7.80.3\ST\STM32F4xx\STM32F4xx_DSP_StdPeriph_Lib\Project\STM32F4xx_StdPeriph_Templates\EWARM\STM324xG_EVAL\Obj\stm32f4xx_can.o
#        C:\proj\micro_apps\arm\7.80.3\ST\STM32F4xx\STM32F4xx_DSP_StdPeriph_Lib\Project\STM32F4xx_StdPeriph_Templates\EWARM\STM324xG_EVAL\Obj\stm32f4xx_crc.o
#        C:\proj\micro_apps\arm\7.80.3\ST\STM32F4xx\STM32F4xx_DSP_StdPeriph_Lib\Project\STM32F4xx_StdPeriph_Templates\EWARM\STM324xG_EVAL\Obj\stm32f4xx_cryp.o
#        C:\proj\micro_apps\arm\7.80.3\ST\STM32F4xx\STM32F4xx_DSP_StdPeriph_Lib\Project\STM32F4xx_StdPeriph_Templates\EWARM\STM324xG_EVAL\Obj\stm32f4xx_cryp_aes.o
#        C:\proj\micro_apps\arm\7.80.3\ST\STM32F4xx\STM32F4xx_DSP_StdPeriph_Lib\Project\STM32F4xx_StdPeriph_Templates\EWARM\STM324xG_EVAL\Obj\stm32f4xx_cryp_des.o
#        C:\proj\micro_apps\arm\7.80.3\ST\STM32F4xx\STM32F4xx_DSP_StdPeriph_Lib\Project\STM32F4xx_StdPeriph_Templates\EWARM\STM324xG_EVAL\Obj\stm32f4xx_cryp_tdes.o
#        C:\proj\micro_apps\arm\7.80.3\ST\STM32F4xx\STM32F4xx_DSP_StdPeriph_Lib\Project\STM32F4xx_StdPeriph_Templates\EWARM\STM324xG_EVAL\Obj\stm32f4xx_dac.o
#        C:\proj\micro_apps\arm\7.80.3\ST\STM32F4xx\STM32F4xx_DSP_StdPeriph_Lib\Project\STM32F4xx_StdPeriph_Templates\EWARM\STM324xG_EVAL\Obj\stm32f4xx_dbgmcu.o
#        C:\proj\micro_apps\arm\7.80.3\ST\STM32F4xx\STM32F4xx_DSP_StdPeriph_Lib\Project\STM32F4xx_StdPeriph_Templates\EWARM\STM324xG_EVAL\Obj\stm32f4xx_dcmi.o
#        C:\proj\micro_apps\arm\7.80.3\ST\STM32F4xx\STM32F4xx_DSP_StdPeriph_Lib\Project\STM32F4xx_StdPeriph_Templates\EWARM\STM324xG_EVAL\Obj\stm32f4xx_dma.o
#        C:\proj\micro_apps\arm\7.80.3\ST\STM32F4xx\STM32F4xx_DSP_StdPeriph_Lib\Project\STM32F4xx_StdPeriph_Templates\EWARM\STM324xG_EVAL\Obj\stm32f4xx_exti.o
#        C:\proj\micro_apps\arm\7.80.3\ST\STM32F4xx\STM32F4xx_DSP_StdPeriph_Lib\Project\STM32F4xx_StdPeriph_Templates\EWARM\STM324xG_EVAL\Obj\stm32f4xx_flash.o
#        C:\proj\micro_apps\arm\7.80.3\ST\STM32F4xx\STM32F4xx_DSP_StdPeriph_Lib\Project\STM32F4xx_StdPeriph_Templates\EWARM\STM324xG_EVAL\Obj\stm32f4xx_fsmc.o
#        C:\proj\micro_apps\arm\7.80.3\ST\STM32F4xx\STM32F4xx_DSP_StdPeriph_Lib\Project\STM32F4xx_StdPeriph_Templates\EWARM\STM324xG_EVAL\Obj\stm32f4xx_gpio.o
#        C:\proj\micro_apps\arm\7.80.3\ST\STM32F4xx\STM32F4xx_DSP_StdPeriph_Lib\Project\STM32F4xx_StdPeriph_Templates\EWARM\STM324xG_EVAL\Obj\stm32f4xx_hash.o
#        C:\proj\micro_apps\arm\7.80.3\ST\STM32F4xx\STM32F4xx_DSP_StdPeriph_Lib\Project\STM32F4xx_StdPeriph_Templates\EWARM\STM324xG_EVAL\Obj\stm32f4xx_hash_md5.o
#        C:\proj\micro_apps\arm\7.80.3\ST\STM32F4xx\STM32F4xx_DSP_StdPeriph_Lib\Project\STM32F4xx_StdPeriph_Templates\EWARM\STM324xG_EVAL\Obj\stm32f4xx_hash_sha1.o
#        C:\proj\micro_apps\arm\7.80.3\ST\STM32F4xx\STM32F4xx_DSP_StdPeriph_Lib\Project\STM32F4xx_StdPeriph_Templates\EWARM\STM324xG_EVAL\Obj\stm32f4xx_i2c.o
#        C:\proj\micro_apps\arm\7.80.3\ST\STM32F4xx\STM32F4xx_DSP_StdPeriph_Lib\Project\STM32F4xx_StdPeriph_Templates\EWARM\STM324xG_EVAL\Obj\stm32f4xx_it.o
#        C:\proj\micro_apps\arm\7.80.3\ST\STM32F4xx\STM32F4xx_DSP_StdPeriph_Lib\Project\STM32F4xx_StdPeriph_Templates\EWARM\STM324xG_EVAL\Obj\stm32f4xx_iwdg.o
#        C:\proj\micro_apps\arm\7.80.3\ST\STM32F4xx\STM32F4xx_DSP_StdPeriph_Lib\Project\STM32F4xx_StdPeriph_Templates\EWARM\STM324xG_EVAL\Obj\stm32f4xx_pwr.o
#        C:\proj\micro_apps\arm\7.80.3\ST\STM32F4xx\STM32F4xx_DSP_StdPeriph_Lib\Project\STM32F4xx_StdPeriph_Templates\EWARM\STM324xG_EVAL\Obj\stm32f4xx_rcc.o
#        C:\proj\micro_apps\arm\7.80.3\ST\STM32F4xx\STM32F4xx_DSP_StdPeriph_Lib\Project\STM32F4xx_StdPeriph_Templates\EWARM\STM324xG_EVAL\Obj\stm32f4xx_rng.o
#        C:\proj\micro_apps\arm\7.80.3\ST\STM32F4xx\STM32F4xx_DSP_StdPeriph_Lib\Project\STM32F4xx_StdPeriph_Templates\EWARM\STM324xG_EVAL\Obj\stm32f4xx_rtc.o
#        C:\proj\micro_apps\arm\7.80.3\ST\STM32F4xx\STM32F4xx_DSP_StdPeriph_Lib\Project\STM32F4xx_StdPeriph_Templates\EWARM\STM324xG_EVAL\Obj\stm32f4xx_sdio.o
#        C:\proj\micro_apps\arm\7.80.3\ST\STM32F4xx\STM32F4xx_DSP_StdPeriph_Lib\Project\STM32F4xx_StdPeriph_Templates\EWARM\STM324xG_EVAL\Obj\stm32f4xx_spi.o
#        C:\proj\micro_apps\arm\7.80.3\ST\STM32F4xx\STM32F4xx_DSP_StdPeriph_Lib\Project\STM32F4xx_StdPeriph_Templates\EWARM\STM324xG_EVAL\Obj\stm32f4xx_syscfg.o
#        C:\proj\micro_apps\arm\7.80.3\ST\STM32F4xx\STM32F4xx_DSP_StdPeriph_Lib\Project\STM32F4xx_StdPeriph_Templates\EWARM\STM324xG_EVAL\Obj\stm32f4xx_tim.o
#        C:\proj\micro_apps\arm\7.80.3\ST\STM32F4xx\STM32F4xx_DSP_StdPeriph_Lib\Project\STM32F4xx_StdPeriph_Templates\EWARM\STM324xG_EVAL\Obj\stm32f4xx_usart.o
#        C:\proj\micro_apps\arm\7.80.3\ST\STM32F4xx\STM32F4xx_DSP_StdPeriph_Lib\Project\STM32F4xx_StdPeriph_Templates\EWARM\STM324xG_EVAL\Obj\stm32f4xx_wwdg.o
#        C:\proj\micro_apps\arm\7.80.3\ST\STM32F4xx\STM32F4xx_DSP_StdPeriph_Lib\Project\STM32F4xx_StdPeriph_Templates\EWARM\STM324xG_EVAL\Obj\system_stm32f4xx.o
#        --redirect _Printf=_PrintfSmall --redirect _Scanf=_ScanfSmall -o
#        C:\proj\micro_apps\arm\7.80.3\ST\STM32F4xx\STM32F4xx_DSP_StdPeriph_Lib\Project\STM32F4xx_StdPeriph_Templates\EWARM\STM324xG_EVAL\Exe\Project.out
#        --map
#        C:\proj\micro_apps\arm\7.80.3\ST\STM32F4xx\STM32F4xx_DSP_StdPeriph_Lib\Project\STM32F4xx_StdPeriph_Templates\EWARM\STM324xG_EVAL\List\Project.map
#        --config "C:\Program Files (x86)\IAR Systems\Embedded Workbench
#        7.5\arm\config\linker\ST\stm32f407xG.icf" --semihosting --entry
#        __iar_program_start --vfe
#
###############################################################################

*******************************************************************************
*** RUNTIME MODEL ATTRIBUTES
***

CppFlavor       = *
__SystemLibrary = DLib


*******************************************************************************
*** PLACEMENT SUMMARY
***

"A0":  place at 0x08000000 { ro section .intvec };
"P1":  place in [from 0x08000000 to 0x080fffff] { ro };
"P3":  place in [from 0x10000000 to 0x1000ffff] { block CSTACK, section .ccram };
"P4":  place in [from 0x20000000 to 0x2001bfff] |
                [from 0x2001c000 to 0x2001ffff] { rw, block HEAP };
initialize by copy { rw };

  Section            Kind        Address    Size  Object
  -------            ----        -------    ----  ------
"A0":                                      0x188
  .intvec            ro code  0x08000000   0x188  startup_stm32f40xx.o [1]
                            - 0x08000188   0x188

"P1":                                     0x2320
  .rodata            const    0x08000188  0x11d0  stm324xg_eval_lcd.o [1]
  .text              ro code  0x08001358   0x7c4  stm324xg_eval_lcd.o [1]
  .text              ro code  0x08001b1c   0x134  stm32f4xx_rcc.o [1]
  .text              ro code  0x08001c50    0xf4  stm32f4xx_gpio.o [1]
  .text              ro code  0x08001d44   0x120  stm32f4xx_fsmc.o [1]
  .text              ro code  0x08001e64   0x16c  main.o [1]
  .text              ro code  0x08001fd0    0x94  stm324xg_eval.o [1]
  .text              ro code  0x08002064   0x154  system_stm32f4xx.o [1]
  .text              ro code  0x080021b8    0x2c  copy_init3.o [5]
  .text              ro code  0x080021e4    0x28  data_init.o [5]
  .text              ro code  0x0800220c    0x22  fpinit_M.o [4]
  .iar.init_table    const    0x08002230    0x14  - Linker created -
  .text              ro code  0x08002244    0x1a  cmain.o [5]
  .text              ro code  0x0800225e     0x4  low_level_init.o [3]
  .text              ro code  0x08002262     0x4  exit.o [3]
  .text              ro code  0x08002268     0xa  cexit.o [5]
  .text              ro code  0x08002274    0x14  exit.o [6]
  .rodata            const    0x08002288    0x18  main.o [1]
  .rodata            const    0x080022a0    0x18  main.o [1]
  .rodata            const    0x080022b8    0x18  main.o [1]
  .text              ro code  0x080022d0    0x18  stm32f4xx_it.o [1]
  .rodata            const    0x080022e8    0x10  stm324xg_eval.o [1]
  .text              ro code  0x080022f8    0x10  startup_stm32f40xx.o [1]
  .text              ro code  0x08002308     0xc  cstartup_M.o [5]
  .rodata            const    0x08002314     0x8  stm324xg_eval.o [1]
  .text              ro code  0x0800231c     0x4  startup_stm32f40xx.o [1]
  .text              ro code  0x08002320     0x4  startup_stm32f40xx.o [1]
  .text              ro code  0x08002324     0x4  startup_stm32f40xx.o [1]
  .text              ro code  0x08002328     0x4  startup_stm32f40xx.o [1]
  .text              ro code  0x0800232c     0x4  startup_stm32f40xx.o [1]
  .text              ro code  0x08002330     0x4  startup_stm32f40xx.o [1]
  .text              ro code  0x08002334     0x4  startup_stm32f40xx.o [1]
  .text              ro code  0x08002338     0x4  startup_stm32f40xx.o [1]
  .text              ro code  0x0800233c     0x4  startup_stm32f40xx.o [1]
  .text              ro code  0x08002340     0x4  startup_stm32f40xx.o [1]
  .text              ro code  0x08002344     0x4  startup_stm32f40xx.o [1]
  .text              ro code  0x08002348     0x4  startup_stm32f40xx.o [1]
  .text              ro code  0x0800234c     0x4  startup_stm32f40xx.o [1]
  .text              ro code  0x08002350     0x4  startup_stm32f40xx.o [1]
  .text              ro code  0x08002354     0x4  startup_stm32f40xx.o [1]
  .text              ro code  0x08002358     0x4  startup_stm32f40xx.o [1]
  .text              ro code  0x0800235c     0x4  startup_stm32f40xx.o [1]
  .text              ro code  0x08002360     0x4  startup_stm32f40xx.o [1]
  .text              ro code  0x08002364     0x4  startup_stm32f40xx.o [1]
  .text              ro code  0x08002368     0x4  startup_stm32f40xx.o [1]
  .text              ro code  0x0800236c     0x4  startup_stm32f40xx.o [1]
  .text              ro code  0x08002370     0x4  startup_stm32f40xx.o [1]
  .text              ro code  0x08002374     0x4  startup_stm32f40xx.o [1]
  .text              ro code  0x08002378     0x4  startup_stm32f40xx.o [1]
  .text              ro code  0x0800237c     0x4  startup_stm32f40xx.o [1]
  .text              ro code  0x08002380     0x4  startup_stm32f40xx.o [1]
  .text              ro code  0x08002384     0x4  startup_stm32f40xx.o [1]
  .text              ro code  0x08002388     0x4  startup_stm32f40xx.o [1]
  .text              ro code  0x0800238c     0x4  startup_stm32f40xx.o [1]
  .text              ro code  0x08002390     0x4  startup_stm32f40xx.o [1]
  .text              ro code  0x08002394     0x4  startup_stm32f40xx.o [1]
  .text              ro code  0x08002398     0x4  startup_stm32f40xx.o [1]
  .text              ro code  0x0800239c     0x4  startup_stm32f40xx.o [1]
  .text              ro code  0x080023a0     0x4  startup_stm32f40xx.o [1]
  .text              ro code  0x080023a4     0x4  startup_stm32f40xx.o [1]
  .text              ro code  0x080023a8     0x4  startup_stm32f40xx.o [1]
  .text              ro code  0x080023ac     0x4  startup_stm32f40xx.o [1]
  .text              ro code  0x080023b0     0x4  startup_stm32f40xx.o [1]
  .text              ro code  0x080023b4     0x4  startup_stm32f40xx.o [1]
  .text              ro code  0x080023b8     0x4  startup_stm32f40xx.o [1]
  .text              ro code  0x080023bc     0x4  startup_stm32f40xx.o [1]
  .text              ro code  0x080023c0     0x4  startup_stm32f40xx.o [1]
  .text              ro code  0x080023c4     0x4  startup_stm32f40xx.o [1]
  .text              ro code  0x080023c8     0x4  startup_stm32f40xx.o [1]
  .text              ro code  0x080023cc     0x4  startup_stm32f40xx.o [1]
  .text              ro code  0x080023d0     0x4  startup_stm32f40xx.o [1]
  .text              ro code  0x080023d4     0x4  startup_stm32f40xx.o [1]
  .text              ro code  0x080023d8     0x4  startup_stm32f40xx.o [1]
  .text              ro code  0x080023dc     0x4  startup_stm32f40xx.o [1]
  .text              ro code  0x080023e0     0x4  startup_stm32f40xx.o [1]
  .text              ro code  0x080023e4     0x4  startup_stm32f40xx.o [1]
  .text              ro code  0x080023e8     0x4  startup_stm32f40xx.o [1]
  .text              ro code  0x080023ec     0x4  startup_stm32f40xx.o [1]
  .text              ro code  0x080023f0     0x4  startup_stm32f40xx.o [1]
  .text              ro code  0x080023f4     0x4  startup_stm32f40xx.o [1]
  .text              ro code  0x080023f8     0x4  startup_stm32f40xx.o [1]
  .text              ro code  0x080023fc     0x4  startup_stm32f40xx.o [1]
  .text              ro code  0x08002400     0x4  startup_stm32f40xx.o [1]
  .text              ro code  0x08002404     0x4  startup_stm32f40xx.o [1]
  .text              ro code  0x08002408     0x4  startup_stm32f40xx.o [1]
  .text              ro code  0x0800240c     0x4  startup_stm32f40xx.o [1]
  .text              ro code  0x08002410     0x4  startup_stm32f40xx.o [1]
  .text              ro code  0x08002414     0x4  startup_stm32f40xx.o [1]
  .text              ro code  0x08002418     0x4  startup_stm32f40xx.o [1]
  .text              ro code  0x0800241c     0x4  startup_stm32f40xx.o [1]
  .text              ro code  0x08002420     0x4  startup_stm32f40xx.o [1]
  .text              ro code  0x08002424     0x4  startup_stm32f40xx.o [1]
  .text              ro code  0x08002428     0x4  startup_stm32f40xx.o [1]
  .text              ro code  0x0800242c     0x4  startup_stm32f40xx.o [1]
  .text              ro code  0x08002430     0x4  startup_stm32f40xx.o [1]
  .text              ro code  0x08002434     0x4  startup_stm32f40xx.o [1]
  .text              ro code  0x08002438     0x4  startup_stm32f40xx.o [1]
  .text              ro code  0x0800243c     0x4  startup_stm32f40xx.o [1]
  .text              ro code  0x08002440     0x4  startup_stm32f40xx.o [1]
  .text              ro code  0x08002444     0x4  startup_stm32f40xx.o [1]
  .text              ro code  0x08002448     0x4  startup_stm32f40xx.o [1]
  .text              ro code  0x0800244c     0x4  startup_stm32f40xx.o [1]
  .text              ro code  0x08002450     0x4  startup_stm32f40xx.o [1]
  .text              ro code  0x08002454     0x4  startup_stm32f40xx.o [1]
  .text              ro code  0x08002458     0x4  startup_stm32f40xx.o [1]
  .text              ro code  0x0800245c     0x4  startup_stm32f40xx.o [1]
  .text              ro code  0x08002460     0x4  startup_stm32f40xx.o [1]
  .rodata            const    0x08002464     0x0  copy_init3.o [5]
  Initializer bytes  const    0x08002464    0x44  <for P4 s0>
                            - 0x080024a8  0x2320

"P3":                                     0x2000
  CSTACK                      0x10000000  0x2000  <Block>
    CSTACK           uninit   0x10000000  0x2000  <Block tail>
                            - 0x10002000  0x2000

"P4":                                       0x44
  P4 s0                       0x20000000    0x44  <Init block>
    .data            inited   0x20000000    0x10  stm324xg_eval.o [1]
    .data            inited   0x20000010    0x10  stm32f4xx_rcc.o [1]
    .bss             inited   0x20000020    0x10  main.o [1]
    .data            inited   0x20000030     0x8  stm324xg_eval_lcd.o [1]
    .bss             inited   0x20000038     0x4  main.o [1]
    .bss             inited   0x2000003c     0x4  stm324xg_eval_lcd.o [1]
    .data            inited   0x20000040     0x2  stm324xg_eval_lcd.o [1]
    .bss             inited   0x20000042     0x2  stm324xg_eval_lcd.o [1]
                            - 0x20000044    0x44


*******************************************************************************
*** INIT TABLE
***

          Address     Size
          -------     ----
Copy (__iar_copy_init3)
    1 source range, total size 0x44:
          0x08002464  0x44
    1 destination range, total size 0x44:
          0x20000000  0x44



*******************************************************************************
*** MODULE SUMMARY
***

    Module                ro code  ro data  rw data
    ------                -------  -------  -------
C:\proj\micro_apps\arm\7.80.3\ST\STM32F4xx\STM32F4xx_DSP_StdPeriph_Lib\Project\STM32F4xx_StdPeriph_Templates\EWARM\STM324xG_EVAL\Obj: [1]
    main.o                    364       92       20
    startup_stm32f40xx.o      736
    stm324xg_eval.o           148       40       16
    stm324xg_eval_lcd.o     1 988    4 576       16
    stm32f4xx_fsmc.o          288
    stm32f4xx_gpio.o          244
    stm32f4xx_it.o             24
    stm32f4xx_rcc.o           308       16       16
    system_stm32f4xx.o        340
    -----------------------------------------------
    Total:                  4 440    4 724       68

command line: [2]
    -----------------------------------------------
    Total:

dl7M_tln.a: [3]
    exit.o                      4
    low_level_init.o            4
    -----------------------------------------------
    Total:                      8

m7M_tls.a: [4]
    fpinit_M.o                 34
    -----------------------------------------------
    Total:                     34

rt7M_tl.a: [5]
    cexit.o                    10
    cmain.o                    26
    copy_init3.o               44
    cstartup_M.o               12
    data_init.o                40
    -----------------------------------------------
    Total:                    132

shb_l.a: [6]
    exit.o                     20
    -----------------------------------------------
    Total:                     20

    Gaps                        4        2
    Linker created                      20    8 192
---------------------------------------------------
    Grand Total:            4 638    4 746    8 260


*******************************************************************************
*** ENTRY LIST
***

Entry                      Address    Size  Type      Object
-----                      -------    ----  ----      ------
.iar.init_table$$Base   0x08002230           --   Gb  - Linker created -
.iar.init_table$$Limit  0x08002244           --   Gb  - Linker created -
?main                   0x08002245          Code  Gb  cmain.o [5]
APBAHBPrescTable        0x20000010    0x10  Data  Lc  stm32f4xx_rcc.o [1]
ASCII16x24_Table        0x08000188  0x11d0  Data  Gb  stm324xg_eval_lcd.o [1]
BackColor               0x20000040     0x2  Data  Gb  stm324xg_eval_lcd.o [1]
BusFault_Handler        0x080022d7     0x2  Code  Gb  stm32f4xx_it.o [1]
CSTACK$$Base            0x10000000           --   Gb  - Linker created -
CSTACK$$Limit           0x10002000           --   Gb  - Linker created -
DebugMon_Handler        0x080022dd     0x2  Code  Gb  stm32f4xx_it.o [1]
Delay                   0x08001f81    0x14  Code  Lc  main.o [1]
FSMC_NORSRAMCmd         0x08001e27    0x34  Code  Gb  stm32f4xx_fsmc.o [1]
FSMC_NORSRAMInit        0x08001d45    0xe2  Code  Gb  stm32f4xx_fsmc.o [1]
Font16x24               0x20000030     0x8  Data  Gb  stm324xg_eval_lcd.o [1]
GPIO_CLK                0x080022e8    0x10  Data  Gb  stm324xg_eval.o [1]
GPIO_Init               0x08001c51    0xa4  Code  Gb  stm32f4xx_gpio.o [1]
GPIO_PIN                0x08002314     0x8  Data  Gb  stm324xg_eval.o [1]
GPIO_PORT               0x20000000    0x10  Data  Gb  stm324xg_eval.o [1]
GPIO_PinAFConfig        0x08001cf5    0x50  Code  Gb  stm32f4xx_gpio.o [1]
HardFault_Handler       0x080022d3     0x2  Code  Gb  stm32f4xx_it.o [1]
LCD_Clear               0x080017a1    0x28  Code  Gb  stm324xg_eval_lcd.o [1]
LCD_CtrlLinesConfig     0x08001931   0x124  Code  Gb  stm324xg_eval_lcd.o [1]
LCD_Currentfonts        0x2000003c     0x4  Data  Lc  stm324xg_eval_lcd.o [1]
LCD_DisplayChar         0x0800189d    0x26  Code  Gb  stm324xg_eval_lcd.o [1]
LCD_DisplayStringLine   0x080018c3    0x40  Code  Gb  stm324xg_eval_lcd.o [1]
LCD_DrawChar            0x080017e3    0xba  Code  Gb  stm324xg_eval_lcd.o [1]
LCD_FSMCConfig          0x08001a61    0x78  Code  Gb  stm324xg_eval_lcd.o [1]
LCD_GetFont             0x08001799     0x8  Code  Gb  stm324xg_eval_lcd.o [1]
LCD_Init                0x08001359   0x418  Code  Gb  stm324xg_eval_lcd.o [1]
LCD_ReadReg             0x08001911    0x10  Code  Gb  stm324xg_eval_lcd.o [1]
LCD_SetBackColor        0x08001781    0x10  Code  Gb  stm324xg_eval_lcd.o [1]
LCD_SetCursor           0x080017c9    0x1a  Code  Gb  stm324xg_eval_lcd.o [1]
LCD_SetFont             0x08001791     0x8  Code  Gb  stm324xg_eval_lcd.o [1]
LCD_SetTextColor        0x08001771    0x10  Code  Gb  stm324xg_eval_lcd.o [1]
LCD_WriteRAM            0x0800192b     0x6  Code  Gb  stm324xg_eval_lcd.o [1]
LCD_WriteRAM_Prepare    0x08001921     0xa  Code  Gb  stm324xg_eval_lcd.o [1]
LCD_WriteReg            0x08001903     0xe  Code  Gb  stm324xg_eval_lcd.o [1]
MemManage_Handler       0x080022d5     0x2  Code  Gb  stm32f4xx_it.o [1]
NMI_Handler             0x080022d1     0x2  Code  Gb  stm32f4xx_it.o [1]
PendSV_Handler          0x080022df     0x2  Code  Gb  stm32f4xx_it.o [1]
RCC_AHB1PeriphClockCmd  0x08001bf5    0x20  Code  Gb  stm32f4xx_rcc.o [1]
RCC_AHB3PeriphClockCmd  0x08001c15    0x20  Code  Gb  stm32f4xx_rcc.o [1]
RCC_Clocks              0x20000020    0x10  Data  Gb  main.o [1]
RCC_GetClocksFreq       0x08001b1d    0xd8  Code  Gb  stm32f4xx_rcc.o [1]
Region$$Table$$Base     0x08002230           --   Gb  - Linker created -
Region$$Table$$Limit    0x08002244           --   Gb  - Linker created -
STM_EVAL_LEDInit        0x08001fd1    0x4a  Code  Gb  stm324xg_eval.o [1]
STM_EVAL_LEDOn          0x0800201b    0x18  Code  Gb  stm324xg_eval.o [1]
STM_EVAL_LEDToggle      0x08002033    0x26  Code  Gb  stm324xg_eval.o [1]
SVC_Handler             0x080022db     0x2  Code  Gb  stm32f4xx_it.o [1]
SetSysClock             0x080020b7    0xce  Code  Lc  system_stm32f4xx.o [1]
SysTick_Config          0x08001e87    0x2e  Code  Lc  main.o [1]
SysTick_Handler         0x080022e1     0x8  Code  Gb  stm32f4xx_it.o [1]
SystemInit              0x08002065    0x52  Code  Gb  system_stm32f4xx.o [1]
TextColor               0x20000042     0x2  Data  Gb  stm324xg_eval_lcd.o [1]
TimingDelay_Decrement   0x08001f95    0x14  Code  Gb  main.o [1]
UsageFault_Handler      0x080022d9     0x2  Code  Gb  stm32f4xx_it.o [1]
__NVIC_SetPriority      0x08001e65    0x22  Code  Lc  main.o [1]
__cmain                 0x08002245          Code  Gb  cmain.o [5]
__exit                  0x08002275    0x14  Code  Gb  exit.o [6]
__iar_copy_init3        0x080021b9    0x2c  Code  Gb  copy_init3.o [5]
__iar_data_init3        0x080021e5    0x28  Code  Gb  data_init.o [5]
__iar_init_vfp          0x0800220d          Code  Gb  fpinit_M.o [4]
__iar_program_start     0x08002309          Code  Gb  cstartup_M.o [5]
__low_level_init        0x0800225f     0x4  Code  Gb  low_level_init.o [3]
__vector_table          0x08000000          Data  Gb  startup_stm32f40xx.o [1]
_call_main              0x08002251          Code  Gb  cmain.o [5]
_exit                   0x08002269          Code  Gb  cexit.o [5]
_main                   0x0800225b          Code  Gb  cmain.o [5]
delay                   0x08001ad9    0x22  Code  Lc  stm324xg_eval_lcd.o [1]
exit                    0x08002263     0x4  Code  Gb  exit.o [3]
main                    0x08001eb5    0xcc  Code  Gb  main.o [1]
uwTimingDelay           0x20000038     0x4  Data  Lc  main.o [1]


[1] = C:\proj\micro_apps\arm\7.80.3\ST\STM32F4xx\STM32F4xx_DSP_StdPeriph_Lib\Project\STM32F4xx_StdPeriph_Templates\EWARM\STM324xG_EVAL\Obj
[2] = command line
[3] = dl7M_tln.a
[4] = m7M_tls.a
[5] = rt7M_tl.a
[6] = shb_l.a

  4 638 bytes of readonly  code memory
  4 746 bytes of readonly  data memory
  8 260 bytes of readwrite data memory

Errors: none
Warnings: none
