###############################################################################
#
# IAR ELF Linker V7.80.3.12102/W32 for ARM                19/Apr/2017  14:45:35
# Copyright 2007-2016 IAR Systems AB.
#
#    Output file  =  
#        C:\proj\micro_apps\arm\7.80.3\ST\STM32F4xx\STM32F4xx_DSP_StdPeriph_Lib\Project\FinalProject\EWARM\STM324xG_EVAL\Exe\Project.out
#    Map file     =  
#        C:\proj\micro_apps\arm\7.80.3\ST\STM32F4xx\STM32F4xx_DSP_StdPeriph_Lib\Project\FinalProject\EWARM\STM324xG_EVAL\List\Project.map
#    Command line =  
#        C:\proj\micro_apps\arm\7.80.3\ST\STM32F4xx\STM32F4xx_DSP_StdPeriph_Lib\Project\FinalProject\EWARM\STM324xG_EVAL\Obj\buzzer.o
#        C:\proj\micro_apps\arm\7.80.3\ST\STM32F4xx\STM32F4xx_DSP_StdPeriph_Lib\Project\FinalProject\EWARM\STM324xG_EVAL\Obj\delay.o
#        C:\proj\micro_apps\arm\7.80.3\ST\STM32F4xx\STM32F4xx_DSP_StdPeriph_Lib\Project\FinalProject\EWARM\STM324xG_EVAL\Obj\encoder.o
#        C:\proj\micro_apps\arm\7.80.3\ST\STM32F4xx\STM32F4xx_DSP_StdPeriph_Lib\Project\FinalProject\EWARM\STM324xG_EVAL\Obj\lcd.o
#        C:\proj\micro_apps\arm\7.80.3\ST\STM32F4xx\STM32F4xx_DSP_StdPeriph_Lib\Project\FinalProject\EWARM\STM324xG_EVAL\Obj\led.o
#        C:\proj\micro_apps\arm\7.80.3\ST\STM32F4xx\STM32F4xx_DSP_StdPeriph_Lib\Project\FinalProject\EWARM\STM324xG_EVAL\Obj\main.o
#        C:\proj\micro_apps\arm\7.80.3\ST\STM32F4xx\STM32F4xx_DSP_StdPeriph_Lib\Project\FinalProject\EWARM\STM324xG_EVAL\Obj\misc.o
#        C:\proj\micro_apps\arm\7.80.3\ST\STM32F4xx\STM32F4xx_DSP_StdPeriph_Lib\Project\FinalProject\EWARM\STM324xG_EVAL\Obj\motor.o
#        C:\proj\micro_apps\arm\7.80.3\ST\STM32F4xx\STM32F4xx_DSP_StdPeriph_Lib\Project\FinalProject\EWARM\STM324xG_EVAL\Obj\sr4.o
#        C:\proj\micro_apps\arm\7.80.3\ST\STM32F4xx\STM32F4xx_DSP_StdPeriph_Lib\Project\FinalProject\EWARM\STM324xG_EVAL\Obj\startup_stm32f40xx.o
#        C:\proj\micro_apps\arm\7.80.3\ST\STM32F4xx\STM32F4xx_DSP_StdPeriph_Lib\Project\FinalProject\EWARM\STM324xG_EVAL\Obj\stm324xg_eval.o
#        C:\proj\micro_apps\arm\7.80.3\ST\STM32F4xx\STM32F4xx_DSP_StdPeriph_Lib\Project\FinalProject\EWARM\STM324xG_EVAL\Obj\stm324xg_eval_fsmc_sram.o
#        C:\proj\micro_apps\arm\7.80.3\ST\STM32F4xx\STM32F4xx_DSP_StdPeriph_Lib\Project\FinalProject\EWARM\STM324xG_EVAL\Obj\stm324xg_eval_ioe.o
#        C:\proj\micro_apps\arm\7.80.3\ST\STM32F4xx\STM32F4xx_DSP_StdPeriph_Lib\Project\FinalProject\EWARM\STM324xG_EVAL\Obj\stm324xg_eval_lcd.o
#        C:\proj\micro_apps\arm\7.80.3\ST\STM32F4xx\STM32F4xx_DSP_StdPeriph_Lib\Project\FinalProject\EWARM\STM324xG_EVAL\Obj\stm32f4xx_adc.o
#        C:\proj\micro_apps\arm\7.80.3\ST\STM32F4xx\STM32F4xx_DSP_StdPeriph_Lib\Project\FinalProject\EWARM\STM324xG_EVAL\Obj\stm32f4xx_can.o
#        C:\proj\micro_apps\arm\7.80.3\ST\STM32F4xx\STM32F4xx_DSP_StdPeriph_Lib\Project\FinalProject\EWARM\STM324xG_EVAL\Obj\stm32f4xx_crc.o
#        C:\proj\micro_apps\arm\7.80.3\ST\STM32F4xx\STM32F4xx_DSP_StdPeriph_Lib\Project\FinalProject\EWARM\STM324xG_EVAL\Obj\stm32f4xx_cryp.o
#        C:\proj\micro_apps\arm\7.80.3\ST\STM32F4xx\STM32F4xx_DSP_StdPeriph_Lib\Project\FinalProject\EWARM\STM324xG_EVAL\Obj\stm32f4xx_cryp_aes.o
#        C:\proj\micro_apps\arm\7.80.3\ST\STM32F4xx\STM32F4xx_DSP_StdPeriph_Lib\Project\FinalProject\EWARM\STM324xG_EVAL\Obj\stm32f4xx_cryp_des.o
#        C:\proj\micro_apps\arm\7.80.3\ST\STM32F4xx\STM32F4xx_DSP_StdPeriph_Lib\Project\FinalProject\EWARM\STM324xG_EVAL\Obj\stm32f4xx_cryp_tdes.o
#        C:\proj\micro_apps\arm\7.80.3\ST\STM32F4xx\STM32F4xx_DSP_StdPeriph_Lib\Project\FinalProject\EWARM\STM324xG_EVAL\Obj\stm32f4xx_dac.o
#        C:\proj\micro_apps\arm\7.80.3\ST\STM32F4xx\STM32F4xx_DSP_StdPeriph_Lib\Project\FinalProject\EWARM\STM324xG_EVAL\Obj\stm32f4xx_dbgmcu.o
#        C:\proj\micro_apps\arm\7.80.3\ST\STM32F4xx\STM32F4xx_DSP_StdPeriph_Lib\Project\FinalProject\EWARM\STM324xG_EVAL\Obj\stm32f4xx_dcmi.o
#        C:\proj\micro_apps\arm\7.80.3\ST\STM32F4xx\STM32F4xx_DSP_StdPeriph_Lib\Project\FinalProject\EWARM\STM324xG_EVAL\Obj\stm32f4xx_dma.o
#        C:\proj\micro_apps\arm\7.80.3\ST\STM32F4xx\STM32F4xx_DSP_StdPeriph_Lib\Project\FinalProject\EWARM\STM324xG_EVAL\Obj\stm32f4xx_exti.o
#        C:\proj\micro_apps\arm\7.80.3\ST\STM32F4xx\STM32F4xx_DSP_StdPeriph_Lib\Project\FinalProject\EWARM\STM324xG_EVAL\Obj\stm32f4xx_flash.o
#        C:\proj\micro_apps\arm\7.80.3\ST\STM32F4xx\STM32F4xx_DSP_StdPeriph_Lib\Project\FinalProject\EWARM\STM324xG_EVAL\Obj\stm32f4xx_fsmc.o
#        C:\proj\micro_apps\arm\7.80.3\ST\STM32F4xx\STM32F4xx_DSP_StdPeriph_Lib\Project\FinalProject\EWARM\STM324xG_EVAL\Obj\stm32f4xx_gpio.o
#        C:\proj\micro_apps\arm\7.80.3\ST\STM32F4xx\STM32F4xx_DSP_StdPeriph_Lib\Project\FinalProject\EWARM\STM324xG_EVAL\Obj\stm32f4xx_hash.o
#        C:\proj\micro_apps\arm\7.80.3\ST\STM32F4xx\STM32F4xx_DSP_StdPeriph_Lib\Project\FinalProject\EWARM\STM324xG_EVAL\Obj\stm32f4xx_hash_md5.o
#        C:\proj\micro_apps\arm\7.80.3\ST\STM32F4xx\STM32F4xx_DSP_StdPeriph_Lib\Project\FinalProject\EWARM\STM324xG_EVAL\Obj\stm32f4xx_hash_sha1.o
#        C:\proj\micro_apps\arm\7.80.3\ST\STM32F4xx\STM32F4xx_DSP_StdPeriph_Lib\Project\FinalProject\EWARM\STM324xG_EVAL\Obj\stm32f4xx_i2c.o
#        C:\proj\micro_apps\arm\7.80.3\ST\STM32F4xx\STM32F4xx_DSP_StdPeriph_Lib\Project\FinalProject\EWARM\STM324xG_EVAL\Obj\stm32f4xx_it.o
#        C:\proj\micro_apps\arm\7.80.3\ST\STM32F4xx\STM32F4xx_DSP_StdPeriph_Lib\Project\FinalProject\EWARM\STM324xG_EVAL\Obj\stm32f4xx_iwdg.o
#        C:\proj\micro_apps\arm\7.80.3\ST\STM32F4xx\STM32F4xx_DSP_StdPeriph_Lib\Project\FinalProject\EWARM\STM324xG_EVAL\Obj\stm32f4xx_pwr.o
#        C:\proj\micro_apps\arm\7.80.3\ST\STM32F4xx\STM32F4xx_DSP_StdPeriph_Lib\Project\FinalProject\EWARM\STM324xG_EVAL\Obj\stm32f4xx_rcc.o
#        C:\proj\micro_apps\arm\7.80.3\ST\STM32F4xx\STM32F4xx_DSP_StdPeriph_Lib\Project\FinalProject\EWARM\STM324xG_EVAL\Obj\stm32f4xx_rng.o
#        C:\proj\micro_apps\arm\7.80.3\ST\STM32F4xx\STM32F4xx_DSP_StdPeriph_Lib\Project\FinalProject\EWARM\STM324xG_EVAL\Obj\stm32f4xx_rtc.o
#        C:\proj\micro_apps\arm\7.80.3\ST\STM32F4xx\STM32F4xx_DSP_StdPeriph_Lib\Project\FinalProject\EWARM\STM324xG_EVAL\Obj\stm32f4xx_sdio.o
#        C:\proj\micro_apps\arm\7.80.3\ST\STM32F4xx\STM32F4xx_DSP_StdPeriph_Lib\Project\FinalProject\EWARM\STM324xG_EVAL\Obj\stm32f4xx_spi.o
#        C:\proj\micro_apps\arm\7.80.3\ST\STM32F4xx\STM32F4xx_DSP_StdPeriph_Lib\Project\FinalProject\EWARM\STM324xG_EVAL\Obj\stm32f4xx_syscfg.o
#        C:\proj\micro_apps\arm\7.80.3\ST\STM32F4xx\STM32F4xx_DSP_StdPeriph_Lib\Project\FinalProject\EWARM\STM324xG_EVAL\Obj\stm32f4xx_tim.o
#        C:\proj\micro_apps\arm\7.80.3\ST\STM32F4xx\STM32F4xx_DSP_StdPeriph_Lib\Project\FinalProject\EWARM\STM324xG_EVAL\Obj\stm32f4xx_usart.o
#        C:\proj\micro_apps\arm\7.80.3\ST\STM32F4xx\STM32F4xx_DSP_StdPeriph_Lib\Project\FinalProject\EWARM\STM324xG_EVAL\Obj\stm32f4xx_wwdg.o
#        C:\proj\micro_apps\arm\7.80.3\ST\STM32F4xx\STM32F4xx_DSP_StdPeriph_Lib\Project\FinalProject\EWARM\STM324xG_EVAL\Obj\switch.o
#        C:\proj\micro_apps\arm\7.80.3\ST\STM32F4xx\STM32F4xx_DSP_StdPeriph_Lib\Project\FinalProject\EWARM\STM324xG_EVAL\Obj\system_stm32f4xx.o
#        --redirect _Printf=_PrintfSmall --redirect _Scanf=_ScanfSmall -o
#        C:\proj\micro_apps\arm\7.80.3\ST\STM32F4xx\STM32F4xx_DSP_StdPeriph_Lib\Project\FinalProject\EWARM\STM324xG_EVAL\Exe\Project.out
#        --map
#        C:\proj\micro_apps\arm\7.80.3\ST\STM32F4xx\STM32F4xx_DSP_StdPeriph_Lib\Project\FinalProject\EWARM\STM324xG_EVAL\List\Project.map
#        --config "C:\Program Files (x86)\IAR Systems\Embedded Workbench
#        7.5\arm\config\linker\ST\stm32f407xG.icf" --semihosting --entry
#        __iar_program_start --vfe
#
###############################################################################

*******************************************************************************
*** RUNTIME MODEL ATTRIBUTES
***

CppFlavor       = *
__SystemLibrary = DLib


*******************************************************************************
*** PLACEMENT SUMMARY
***

"A0":  place at 0x08000000 { ro section .intvec };
"P1":  place in [from 0x08000000 to 0x080fffff] { ro };
"P3":  place in [from 0x10000000 to 0x1000ffff] { block CSTACK, section .ccram };
"P4":  place in [from 0x20000000 to 0x2001bfff] |
                [from 0x2001c000 to 0x2001ffff] { rw, block HEAP };
initialize by copy { rw };

  Section            Kind        Address    Size  Object
  -------            ----        -------    ----  ------
"A0":                                      0x188
  .intvec            ro code  0x08000000   0x188  startup_stm32f40xx.o [1]
                            - 0x08000188   0x188

"P1":                                     0x133c
  .text              ro code  0x08000188   0x448  stm32f4xx_tim.o [1]
  .text              ro code  0x080005d0   0x2a0  stm32f4xx_it.o [1]
  .text              ro code  0x08000870   0x168  sr4.o [1]
  .text              ro code  0x080009d8    0x6c  stm32f4xx_rcc.o [1]
  .text              ro code  0x08000a44    0xf4  stm32f4xx_gpio.o [1]
  .text              ro code  0x08000b38    0x70  misc.o [1]
  .text              ro code  0x08000ba8   0x154  system_stm32f4xx.o [1]
  .text              ro code  0x08000cfc    0xf4  buzzer.o [1]
  .text              ro code  0x08000df0    0xf4  motor.o [1]
  .text              ro code  0x08000ee4    0xd0  lcd.o [1]
  .text              ro code  0x08000fb4    0x90  delay.o [1]
  .text              ro code  0x08001044    0xbc  main.o [1]
  .text              ro code  0x08001100    0x74  led.o [1]
  .text              ro code  0x08001174    0x2c  switch.o [1]
  .text              ro code  0x080011a0    0xa4  encoder.o [1]
  .text              ro code  0x08001244    0x2c  copy_init3.o [5]
  .text              ro code  0x08001270    0x28  data_init.o [5]
  .text              ro code  0x08001298    0x22  fpinit_M.o [4]
  .iar.init_table    const    0x080012bc    0x14  - Linker created -
  .text              ro code  0x080012d0    0x1a  cmain.o [5]
  .text              ro code  0x080012ea     0x4  low_level_init.o [3]
  .text              ro code  0x080012ee     0x4  exit.o [3]
  .text              ro code  0x080012f4     0xa  cexit.o [5]
  .text              ro code  0x08001300    0x14  exit.o [6]
  .text              ro code  0x08001314    0x10  startup_stm32f40xx.o [1]
  .text              ro code  0x08001324     0xc  cstartup_M.o [5]
  .text              ro code  0x08001330     0x4  startup_stm32f40xx.o [1]
  .text              ro code  0x08001334     0x4  startup_stm32f40xx.o [1]
  .text              ro code  0x08001338     0x4  startup_stm32f40xx.o [1]
  .text              ro code  0x0800133c     0x4  startup_stm32f40xx.o [1]
  .text              ro code  0x08001340     0x4  startup_stm32f40xx.o [1]
  .text              ro code  0x08001344     0x4  startup_stm32f40xx.o [1]
  .text              ro code  0x08001348     0x4  startup_stm32f40xx.o [1]
  .text              ro code  0x0800134c     0x4  startup_stm32f40xx.o [1]
  .text              ro code  0x08001350     0x4  startup_stm32f40xx.o [1]
  .text              ro code  0x08001354     0x4  startup_stm32f40xx.o [1]
  .text              ro code  0x08001358     0x4  startup_stm32f40xx.o [1]
  .text              ro code  0x0800135c     0x4  startup_stm32f40xx.o [1]
  .text              ro code  0x08001360     0x4  startup_stm32f40xx.o [1]
  .text              ro code  0x08001364     0x4  startup_stm32f40xx.o [1]
  .text              ro code  0x08001368     0x4  startup_stm32f40xx.o [1]
  .text              ro code  0x0800136c     0x4  startup_stm32f40xx.o [1]
  .text              ro code  0x08001370     0x4  startup_stm32f40xx.o [1]
  .text              ro code  0x08001374     0x4  startup_stm32f40xx.o [1]
  .text              ro code  0x08001378     0x4  startup_stm32f40xx.o [1]
  .text              ro code  0x0800137c     0x4  startup_stm32f40xx.o [1]
  .text              ro code  0x08001380     0x4  startup_stm32f40xx.o [1]
  .text              ro code  0x08001384     0x4  startup_stm32f40xx.o [1]
  .text              ro code  0x08001388     0x4  startup_stm32f40xx.o [1]
  .text              ro code  0x0800138c     0x4  startup_stm32f40xx.o [1]
  .text              ro code  0x08001390     0x4  startup_stm32f40xx.o [1]
  .text              ro code  0x08001394     0x4  startup_stm32f40xx.o [1]
  .text              ro code  0x08001398     0x4  startup_stm32f40xx.o [1]
  .text              ro code  0x0800139c     0x4  startup_stm32f40xx.o [1]
  .text              ro code  0x080013a0     0x4  startup_stm32f40xx.o [1]
  .text              ro code  0x080013a4     0x4  startup_stm32f40xx.o [1]
  .text              ro code  0x080013a8     0x4  startup_stm32f40xx.o [1]
  .text              ro code  0x080013ac     0x4  startup_stm32f40xx.o [1]
  .text              ro code  0x080013b0     0x4  startup_stm32f40xx.o [1]
  .text              ro code  0x080013b4     0x4  startup_stm32f40xx.o [1]
  .text              ro code  0x080013b8     0x4  startup_stm32f40xx.o [1]
  .text              ro code  0x080013bc     0x4  startup_stm32f40xx.o [1]
  .text              ro code  0x080013c0     0x4  startup_stm32f40xx.o [1]
  .text              ro code  0x080013c4     0x4  startup_stm32f40xx.o [1]
  .text              ro code  0x080013c8     0x4  startup_stm32f40xx.o [1]
  .text              ro code  0x080013cc     0x4  startup_stm32f40xx.o [1]
  .text              ro code  0x080013d0     0x4  startup_stm32f40xx.o [1]
  .text              ro code  0x080013d4     0x4  startup_stm32f40xx.o [1]
  .text              ro code  0x080013d8     0x4  startup_stm32f40xx.o [1]
  .text              ro code  0x080013dc     0x4  startup_stm32f40xx.o [1]
  .text              ro code  0x080013e0     0x4  startup_stm32f40xx.o [1]
  .text              ro code  0x080013e4     0x4  startup_stm32f40xx.o [1]
  .text              ro code  0x080013e8     0x4  startup_stm32f40xx.o [1]
  .text              ro code  0x080013ec     0x4  startup_stm32f40xx.o [1]
  .text              ro code  0x080013f0     0x4  startup_stm32f40xx.o [1]
  .text              ro code  0x080013f4     0x4  startup_stm32f40xx.o [1]
  .text              ro code  0x080013f8     0x4  startup_stm32f40xx.o [1]
  .text              ro code  0x080013fc     0x4  startup_stm32f40xx.o [1]
  .text              ro code  0x08001400     0x4  startup_stm32f40xx.o [1]
  .text              ro code  0x08001404     0x4  startup_stm32f40xx.o [1]
  .text              ro code  0x08001408     0x4  startup_stm32f40xx.o [1]
  .text              ro code  0x0800140c     0x4  startup_stm32f40xx.o [1]
  .text              ro code  0x08001410     0x4  startup_stm32f40xx.o [1]
  .text              ro code  0x08001414     0x4  startup_stm32f40xx.o [1]
  .text              ro code  0x08001418     0x4  startup_stm32f40xx.o [1]
  .text              ro code  0x0800141c     0x4  startup_stm32f40xx.o [1]
  .text              ro code  0x08001420     0x4  startup_stm32f40xx.o [1]
  .text              ro code  0x08001424     0x4  startup_stm32f40xx.o [1]
  .text              ro code  0x08001428     0x4  startup_stm32f40xx.o [1]
  .text              ro code  0x0800142c     0x4  startup_stm32f40xx.o [1]
  .text              ro code  0x08001430     0x4  startup_stm32f40xx.o [1]
  .text              ro code  0x08001434     0x4  startup_stm32f40xx.o [1]
  .text              ro code  0x08001438     0x4  startup_stm32f40xx.o [1]
  .text              ro code  0x0800143c     0x4  startup_stm32f40xx.o [1]
  .text              ro code  0x08001440     0x4  startup_stm32f40xx.o [1]
  .text              ro code  0x08001444     0x4  startup_stm32f40xx.o [1]
  .text              ro code  0x08001448     0x4  startup_stm32f40xx.o [1]
  .text              ro code  0x0800144c     0x4  startup_stm32f40xx.o [1]
  .text              ro code  0x08001450     0x4  startup_stm32f40xx.o [1]
  .text              ro code  0x08001454     0x4  startup_stm32f40xx.o [1]
  .text              ro code  0x08001458     0x4  startup_stm32f40xx.o [1]
  .text              ro code  0x0800145c     0x4  startup_stm32f40xx.o [1]
  .text              ro code  0x08001460     0x4  startup_stm32f40xx.o [1]
  .text              ro code  0x08001464     0x4  startup_stm32f40xx.o [1]
  .text              ro code  0x08001468     0x4  startup_stm32f40xx.o [1]
  .text              ro code  0x0800146c     0x4  startup_stm32f40xx.o [1]
  .text              ro code  0x08001470     0x4  startup_stm32f40xx.o [1]
  .text              ro code  0x08001474     0x4  startup_stm32f40xx.o [1]
  .text              ro code  0x08001478     0x4  startup_stm32f40xx.o [1]
  .text              ro code  0x0800147c     0x4  startup_stm32f40xx.o [1]
  .text              ro code  0x08001480     0x4  startup_stm32f40xx.o [1]
  .text              ro code  0x08001484     0x4  startup_stm32f40xx.o [1]
  .text              ro code  0x08001488     0x4  startup_stm32f40xx.o [1]
  .text              ro code  0x0800148c     0x4  startup_stm32f40xx.o [1]
  .rodata            const    0x08001490     0x0  copy_init3.o [5]
  Initializer bytes  const    0x08001490    0x34  <for P4 s0>
                            - 0x080014c4  0x133c

"P3":                                     0x2000
  CSTACK                      0x10000000  0x2000  <Block>
    CSTACK           uninit   0x10000000  0x2000  <Block tail>
                            - 0x10002000  0x2000

"P4":                                       0x34
  P4 s0                       0x20000000    0x34  <Init block>
    .data            inited   0x20000000     0x4  system_stm32f4xx.o [1]
    .bss             inited   0x20000004     0x4  stm32f4xx_it.o [1]
    .bss             inited   0x20000008     0x4  stm32f4xx_it.o [1]
    .bss             inited   0x2000000c     0x4  stm32f4xx_it.o [1]
    .bss             inited   0x20000010     0x4  stm32f4xx_it.o [1]
    .bss             inited   0x20000014     0x4  stm32f4xx_it.o [1]
    .bss             inited   0x20000018     0x4  stm32f4xx_it.o [1]
    .bss             inited   0x2000001c     0x4  stm32f4xx_it.o [1]
    .bss             inited   0x20000020     0x2  stm32f4xx_it.o [1]
    .bss             inited   0x20000022     0x2  stm32f4xx_it.o [1]
    .bss             inited   0x20000024     0x2  stm32f4xx_it.o [1]
    .bss             inited   0x20000026     0x2  stm32f4xx_it.o [1]
    .bss             inited   0x20000028     0x2  stm32f4xx_it.o [1]
    .bss             inited   0x2000002a     0x2  stm32f4xx_it.o [1]
    .bss             inited   0x2000002c     0x2  stm32f4xx_it.o [1]
    .bss             inited   0x2000002e     0x2  stm32f4xx_it.o [1]
    .bss             inited   0x20000030     0x2  stm32f4xx_it.o [1]
    .bss             inited   0x20000032     0x2  stm32f4xx_it.o [1]
                            - 0x20000034    0x34


*******************************************************************************
*** INIT TABLE
***

          Address     Size
          -------     ----
Copy (__iar_copy_init3)
    1 source range, total size 0x34:
          0x08001490  0x34
    1 destination range, total size 0x34:
          0x20000000  0x34



*******************************************************************************
*** MODULE SUMMARY
***

    Module                ro code  ro data  rw data
    ------                -------  -------  -------
C:\proj\micro_apps\arm\7.80.3\ST\STM32F4xx\STM32F4xx_DSP_StdPeriph_Lib\Project\FinalProject\EWARM\STM324xG_EVAL\Obj: [1]
    buzzer.o                  244
    delay.o                   144
    encoder.o                 164
    lcd.o                     208
    led.o                     116
    main.o                    188
    misc.o                    112
    motor.o                   244
    sr4.o                     360
    startup_stm32f40xx.o      760
    stm32f4xx_gpio.o          244
    stm32f4xx_it.o            672       48       48
    stm32f4xx_rcc.o           108
    stm32f4xx_tim.o         1 096
    switch.o                   44
    system_stm32f4xx.o        340        4        4
    -----------------------------------------------
    Total:                  5 044       52       52

command line: [2]
    -----------------------------------------------
    Total:

dl7M_tln.a: [3]
    exit.o                      4
    low_level_init.o            4
    -----------------------------------------------
    Total:                      8

m7M_tls.a: [4]
    fpinit_M.o                 34
    -----------------------------------------------
    Total:                     34

rt7M_tl.a: [5]
    cexit.o                    10
    cmain.o                    26
    copy_init3.o               44
    cstartup_M.o               12
    data_init.o                40
    -----------------------------------------------
    Total:                    132

shb_l.a: [6]
    exit.o                     20
    -----------------------------------------------
    Total:                     20

    Gaps                        4        2
    Linker created                      20    8 192
---------------------------------------------------
    Grand Total:            5 242       74    8 244


*******************************************************************************
*** ENTRY LIST
***

Entry                      Address   Size  Type      Object
-----                      -------   ----  ----      ------
.iar.init_table$$Base   0x080012bc          --   Gb  - Linker created -
.iar.init_table$$Limit  0x080012d0          --   Gb  - Linker created -
?main                   0x080012d1         Code  Gb  cmain.o [5]
BuzzerOff               0x08000ddd    0xc  Code  Gb  buzzer.o [1]
BuzzerOnHigh            0x08000d91   0x4c  Code  Gb  buzzer.o [1]
BuzzerOnLow             0x08000d43   0x4e  Code  Gb  buzzer.o [1]
Buzzer_Config           0x08000cfd   0x46  Code  Gb  buzzer.o [1]
CSTACK$$Base            0x10000000          --   Gb  - Linker created -
CSTACK$$Limit           0x10002000          --   Gb  - Linker created -
CalculateDutyCycle      0x08000eb5   0x30  Code  Gb  motor.o [1]
Delay                   0x08001019    0xe  Code  Gb  delay.o [1]
Delay_Config            0x08001005   0x14  Code  Gb  delay.o [1]
Encoder_Config          0x080011a1   0x90  Code  Gb  encoder.o [1]
GPIO_Init               0x08000a45   0xa4  Code  Gb  stm32f4xx_gpio.o [1]
GPIO_PinAFConfig        0x08000ae9   0x50  Code  Gb  stm32f4xx_gpio.o [1]
GetEncoderFrequency     0x08001231    0x8  Code  Gb  encoder.o [1]
IREmitterOff            0x0800115d    0xe  Code  Gb  led.o [1]
IREmitterOn             0x0800114f    0xe  Code  Gb  led.o [1]
IndicatorLEDOff         0x08001141    0xe  Code  Gb  led.o [1]
IndicatorLEDOn          0x08001133    0xe  Code  Gb  led.o [1]
LCD_Command             0x08000ee5   0x46  Code  Gb  lcd.o [1]
LCD_Config              0x08000f2b   0x82  Code  Gb  lcd.o [1]
LED_Config              0x08001101   0x32  Code  Gb  led.o [1]
Motor_Config            0x08000df1   0xa6  Code  Gb  motor.o [1]
NVIC_Init               0x08000b39   0x60  Code  Gb  misc.o [1]
RCC_AHB1PeriphClockCmd  0x080009d9   0x20  Code  Gb  stm32f4xx_rcc.o [1]
RCC_APB1PeriphClockCmd  0x080009f9   0x20  Code  Gb  stm32f4xx_rcc.o [1]
RCC_APB2PeriphClockCmd  0x08000a19   0x20  Code  Gb  stm32f4xx_rcc.o [1]
Region$$Table$$Base     0x080012bc          --   Gb  - Linker created -
Region$$Table$$Limit    0x080012d0          --   Gb  - Linker created -
SR4_Config              0x08000871    0xc  Code  Gb  sr4.o [1]
SR4_EchoConfig          0x08000919   0xb8  Code  Gb  sr4.o [1]
SR4_TriggerConfig       0x0800087d   0x9c  Code  Gb  sr4.o [1]
SetMotorDutyCycle       0x08000e97   0x16  Code  Gb  motor.o [1]
SetSysClock             0x08000bfb   0xce  Code  Lc  system_stm32f4xx.o [1]
Switch_Config           0x08001175   0x2c  Code  Gb  switch.o [1]
SysTick_Config          0x08000fd7   0x2e  Code  Lc  delay.o [1]
SysTick_Handler         0x080005d1    0xc  Code  Gb  stm32f4xx_it.o [1]
SystemCoreClock         0x20000000    0x4  Data  Gb  system_stm32f4xx.o [1]
SystemInit              0x08000ba9   0x52  Code  Gb  system_stm32f4xx.o [1]
TI1_Config              0x080004f1   0x34  Code  Lc  stm32f4xx_tim.o [1]
TI2_Config              0x08000525   0x3a  Code  Lc  stm32f4xx_tim.o [1]
TI3_Config              0x0800055f   0x38  Code  Lc  stm32f4xx_tim.o [1]
TI4_Config              0x08000597   0x3a  Code  Lc  stm32f4xx_tim.o [1]
TIM3_IRQHandler         0x080006f7  0x122  Code  Gb  stm32f4xx_it.o [1]
TIM3_IRQHandler::Capture
                        0x20000018    0x4  Data  Lc  stm32f4xx_it.o [1]
TIM3_IRQHandler::Capture2
                        0x2000001c    0x4  Data  Lc  stm32f4xx_it.o [1]
TIM3_IRQHandler::CaptureNumber
                        0x20000032    0x2  Data  Lc  stm32f4xx_it.o [1]
TIM3_IRQHandler::IC2ReadValue1
                        0x2000002c    0x2  Data  Lc  stm32f4xx_it.o [1]
TIM3_IRQHandler::IC2ReadValue2
                        0x2000002e    0x2  Data  Lc  stm32f4xx_it.o [1]
TIM3_IRQHandler::IC2ReadValue3
                        0x20000030    0x2  Data  Lc  stm32f4xx_it.o [1]
TIM3_IRQHandler::TIM3_CC2_sigLevel
                        0x2000002a    0x2  Data  Lc  stm32f4xx_it.o [1]
TIM5_IRQHandler         0x080005dd  0x11a  Code  Gb  stm32f4xx_it.o [1]
TIM5_IRQHandler::Capture
                        0x2000000c    0x4  Data  Lc  stm32f4xx_it.o [1]
TIM5_IRQHandler::Capture2
                        0x20000010    0x4  Data  Lc  stm32f4xx_it.o [1]
TIM5_IRQHandler::CaptureNumber
                        0x20000028    0x2  Data  Lc  stm32f4xx_it.o [1]
TIM5_IRQHandler::IC2ReadValue1
                        0x20000022    0x2  Data  Lc  stm32f4xx_it.o [1]
TIM5_IRQHandler::IC2ReadValue2
                        0x20000024    0x2  Data  Lc  stm32f4xx_it.o [1]
TIM5_IRQHandler::IC2ReadValue3
                        0x20000026    0x2  Data  Lc  stm32f4xx_it.o [1]
TIM5_IRQHandler::TIM5_CC2_sigLevel
                        0x20000020    0x2  Data  Lc  stm32f4xx_it.o [1]
TIM_ARRPreloadConfig    0x080001f1   0x1c  Code  Gb  stm32f4xx_tim.o [1]
TIM_ClearITPendingBit   0x080004e9    0x8  Code  Gb  stm32f4xx_tim.o [1]
TIM_Cmd                 0x0800020d   0x1c  Code  Gb  stm32f4xx_tim.o [1]
TIM_GetCapture2         0x08000459    0x4  Code  Gb  stm32f4xx_tim.o [1]
TIM_GetITStatus         0x080004c1   0x28  Code  Gb  stm32f4xx_tim.o [1]
TIM_ICInit              0x080003e9   0x70  Code  Gb  stm32f4xx_tim.o [1]
TIM_ITConfig            0x080004a9   0x18  Code  Gb  stm32f4xx_tim.o [1]
TIM_OC1Init             0x08000229   0x78  Code  Gb  stm32f4xx_tim.o [1]
TIM_OC1PreloadConfig    0x080003c9   0x10  Code  Gb  stm32f4xx_tim.o [1]
TIM_OC2Init             0x080002a1   0x86  Code  Gb  stm32f4xx_tim.o [1]
TIM_OC3Init             0x08000327   0x84  Code  Gb  stm32f4xx_tim.o [1]
TIM_OC3PreloadConfig    0x080003d9   0x10  Code  Gb  stm32f4xx_tim.o [1]
TIM_SetIC1Prescaler     0x0800045d   0x12  Code  Gb  stm32f4xx_tim.o [1]
TIM_SetIC2Prescaler     0x0800046f   0x14  Code  Gb  stm32f4xx_tim.o [1]
TIM_SetIC3Prescaler     0x08000483   0x12  Code  Gb  stm32f4xx_tim.o [1]
TIM_SetIC4Prescaler     0x08000495   0x14  Code  Gb  stm32f4xx_tim.o [1]
TIM_TimeBaseInit        0x08000189   0x68  Code  Gb  stm32f4xx_tim.o [1]
TimingDelay             0x20000004    0x4  Data  Gb  stm32f4xx_it.o [1]
__NVIC_SetPriority      0x08000fb5   0x22  Code  Lc  delay.o [1]
__cmain                 0x080012d1         Code  Gb  cmain.o [5]
__exit                  0x08001301   0x14  Code  Gb  exit.o [6]
__iar_copy_init3        0x08001245   0x2c  Code  Gb  copy_init3.o [5]
__iar_data_init3        0x08001271   0x28  Code  Gb  data_init.o [5]
__iar_init_vfp          0x08001299         Code  Gb  fpinit_M.o [4]
__iar_program_start     0x08001325         Code  Gb  cstartup_M.o [5]
__low_level_init        0x080012eb    0x4  Code  Gb  low_level_init.o [3]
__vector_table          0x08000000         Data  Gb  startup_stm32f40xx.o [1]
_call_main              0x080012dd         Code  Gb  cmain.o [5]
_exit                   0x080012f5         Code  Gb  cexit.o [5]
_main                   0x080012e7         Code  Gb  cmain.o [5]
distance_CM             0x20000014    0x4  Data  Gb  stm32f4xx_it.o [1]
encoderFrequency        0x20000008    0x4  Data  Gb  stm32f4xx_it.o [1]
exit                    0x080012ef    0x4  Code  Gb  exit.o [3]
main                    0x08001045   0xbc  Code  Gb  main.o [1]


[1] = C:\proj\micro_apps\arm\7.80.3\ST\STM32F4xx\STM32F4xx_DSP_StdPeriph_Lib\Project\FinalProject\EWARM\STM324xG_EVAL\Obj
[2] = command line
[3] = dl7M_tln.a
[4] = m7M_tls.a
[5] = rt7M_tl.a
[6] = shb_l.a

  5 242 bytes of readonly  code memory
     74 bytes of readonly  data memory
  8 244 bytes of readwrite data memory

Errors: none
Warnings: none
